Archive member included to satisfy reference by file (symbol)

c:/program files/microchip/xc8/v2.36/avr/bin/../lib/gcc/avr/5.4.0/../../../../avr/lib/avrxmega4/memx-const\libm.a(addsf3.o)
                              build/default/debug/application.o (__addsf3)
c:/program files/microchip/xc8/v2.36/avr/bin/../lib/gcc/avr/5.4.0/../../../../avr/lib/avrxmega4/memx-const\libm.a(addsf3x.o)
                              c:/program files/microchip/xc8/v2.36/avr/bin/../lib/gcc/avr/5.4.0/../../../../avr/lib/avrxmega4/memx-const\libm.a(addsf3.o) (__addsf3x)
c:/program files/microchip/xc8/v2.36/avr/bin/../lib/gcc/avr/5.4.0/../../../../avr/lib/avrxmega4/memx-const\libm.a(cmpsf2.o)
                              build/default/debug/main.o (__ltsf2)
c:/program files/microchip/xc8/v2.36/avr/bin/../lib/gcc/avr/5.4.0/../../../../avr/lib/avrxmega4/memx-const\libm.a(divsf3.o)
                              build/default/debug/application.o (__divsf3)
c:/program files/microchip/xc8/v2.36/avr/bin/../lib/gcc/avr/5.4.0/../../../../avr/lib/avrxmega4/memx-const\libm.a(divsf3x.o)
                              c:/program files/microchip/xc8/v2.36/avr/bin/../lib/gcc/avr/5.4.0/../../../../avr/lib/avrxmega4/memx-const\libm.a(divsf3.o) (__divsf3x)
c:/program files/microchip/xc8/v2.36/avr/bin/../lib/gcc/avr/5.4.0/../../../../avr/lib/avrxmega4/memx-const\libm.a(fixunssfsi.o)
                              build/default/debug/main.o (__fixunssfsi)
c:/program files/microchip/xc8/v2.36/avr/bin/../lib/gcc/avr/5.4.0/../../../../avr/lib/avrxmega4/memx-const\libm.a(floatsisf.o)
                              build/default/debug/application.o (__floatunsisf)
c:/program files/microchip/xc8/v2.36/avr/bin/../lib/gcc/avr/5.4.0/../../../../avr/lib/avrxmega4/memx-const\libm.a(fp_cmp.o)
                              c:/program files/microchip/xc8/v2.36/avr/bin/../lib/gcc/avr/5.4.0/../../../../avr/lib/avrxmega4/memx-const\libm.a(cmpsf2.o) (__fp_cmp)
c:/program files/microchip/xc8/v2.36/avr/bin/../lib/gcc/avr/5.4.0/../../../../avr/lib/avrxmega4/memx-const\libm.a(fp_inf.o)
                              c:/program files/microchip/xc8/v2.36/avr/bin/../lib/gcc/avr/5.4.0/../../../../avr/lib/avrxmega4/memx-const\libm.a(addsf3x.o) (__fp_inf)
c:/program files/microchip/xc8/v2.36/avr/bin/../lib/gcc/avr/5.4.0/../../../../avr/lib/avrxmega4/memx-const\libm.a(fp_nan.o)
                              c:/program files/microchip/xc8/v2.36/avr/bin/../lib/gcc/avr/5.4.0/../../../../avr/lib/avrxmega4/memx-const\libm.a(addsf3x.o) (__fp_nan)
c:/program files/microchip/xc8/v2.36/avr/bin/../lib/gcc/avr/5.4.0/../../../../avr/lib/avrxmega4/memx-const\libm.a(fp_pscA.o)
                              c:/program files/microchip/xc8/v2.36/avr/bin/../lib/gcc/avr/5.4.0/../../../../avr/lib/avrxmega4/memx-const\libm.a(addsf3x.o) (__fp_pscA)
c:/program files/microchip/xc8/v2.36/avr/bin/../lib/gcc/avr/5.4.0/../../../../avr/lib/avrxmega4/memx-const\libm.a(fp_pscB.o)
                              c:/program files/microchip/xc8/v2.36/avr/bin/../lib/gcc/avr/5.4.0/../../../../avr/lib/avrxmega4/memx-const\libm.a(addsf3x.o) (__fp_pscB)
c:/program files/microchip/xc8/v2.36/avr/bin/../lib/gcc/avr/5.4.0/../../../../avr/lib/avrxmega4/memx-const\libm.a(fp_round.o)
                              c:/program files/microchip/xc8/v2.36/avr/bin/../lib/gcc/avr/5.4.0/../../../../avr/lib/avrxmega4/memx-const\libm.a(addsf3.o) (__fp_round)
c:/program files/microchip/xc8/v2.36/avr/bin/../lib/gcc/avr/5.4.0/../../../../avr/lib/avrxmega4/memx-const\libm.a(fp_split3.o)
                              c:/program files/microchip/xc8/v2.36/avr/bin/../lib/gcc/avr/5.4.0/../../../../avr/lib/avrxmega4/memx-const\libm.a(addsf3x.o) (__fp_split3)
c:/program files/microchip/xc8/v2.36/avr/bin/../lib/gcc/avr/5.4.0/../../../../avr/lib/avrxmega4/memx-const\libm.a(fp_zero.o)
                              c:/program files/microchip/xc8/v2.36/avr/bin/../lib/gcc/avr/5.4.0/../../../../avr/lib/avrxmega4/memx-const\libm.a(addsf3x.o) (__fp_zero)
c:/program files/microchip/xc8/v2.36/avr/bin/../lib/gcc/avr/5.4.0/../../../../avr/lib/avrxmega4/memx-const\libm.a(gesf2.o)
                              build/default/debug/main.o (__gtsf2)
c:/program files/microchip/xc8/v2.36/avr/bin/../lib/gcc/avr/5.4.0/../../../../avr/lib/avrxmega4/memx-const\libm.a(mulsf3.o)
                              build/default/debug/main.o (__mulsf3)
c:/program files/microchip/xc8/v2.36/avr/bin/../lib/gcc/avr/5.4.0/../../../../avr/lib/avrxmega4/memx-const\libm.a(mulsf3x.o)
                              c:/program files/microchip/xc8/v2.36/avr/bin/../lib/gcc/avr/5.4.0/../../../../avr/lib/avrxmega4/memx-const\libm.a(mulsf3.o) (__mulsf3x)
c:/program files/microchip/xc8/v2.36/avr/bin/../lib/gcc/avr/5.4.0/../../../../avr/lib/avrxmega4/memx-const\libm.a(powf.o)
                              build/default/debug/application.o (pow)
c:/program files/microchip/xc8/v2.36/avr/bin/../lib/gcc/avr/5.4.0/../../../../avr/lib/avrxmega4/memx-const\libm.a(sqrtf.o)
[...]
Memory Configuration

Name             Origin             Length             Attributes
text             0x0000000000000000 0x0000000000020000 xr
data             0x0000000000804000 0x0000000000004000 rw !x
eeprom           0x0000000000810000 0x0000000000000200 rw !x
fuse             0x0000000000820000 0x0000000000000010 rw !x
lock             0x0000000000830000 0x0000000000000400 rw !x
signature        0x0000000000840000 0x0000000000000400 rw !x
user_signatures  0x0000000000850000 0x0000000000000400 rw !x
*default*        0x0000000000000000 0xffffffffffffffff

Linker script and memory map

Address of section .data set to 0x804000
                0x0000000000008000                __RODATA_PM_OFFSET__ = 0x8000
LOAD C:/Program Files/Microchip/xc8/v2.36/dfp/xc8/avr/lib/avrxmega4/memx-const/crtavr128da48.o
                0x0000000000000001                __MPLAB_BUILD = 0x1
LOAD build/default/debug/mcc_generated_files/adc/src/adc0.o
LOAD build/default/debug/mcc_generated_files/spi/src/spi0.o
LOAD build/default/debug/mcc_generated_files/system/src/config_bits.o
LOAD build/default/debug/mcc_generated_files/system/src/pins.o
LOAD build/default/debug/mcc_generated_files/system/src/protected_io.o
LOAD build/default/debug/mcc_generated_files/system/src/interrupt.o
LOAD build/default/debug/mcc_generated_files/system/src/system.o
LOAD build/default/debug/mcc_generated_files/system/src/clock.o
LOAD build/default/debug/mcc_generated_files/timer/src/tca1.o
LOAD build/default/debug/mcc_generated_files/timer/src/tca0.o
LOAD build/default/debug/mcc_generated_files/uart/src/usart1.o
LOAD build/default/debug/mcc_generated_files/vref/src/vref.o
LOAD build/default/debug/mcc_generated_files/zcd/src/zcd1.o
LOAD build/default/debug/mcc_generated_files/zcd/src/zcd0.o
LOAD build/default/debug/main.o
LOAD build/default/debug/AD5227.o
LOAD build/default/debug/AD9833.o
LOAD build/default/debug/Communication.o
LOAD build/default/debug/application.o
LOAD build/default/debug/dataVisualizer.o
START GROUP
LOAD c:/program files/microchip/xc8/v2.36/avr/bin/../lib/gcc/avr/5.4.0/../../../../avr/lib/avrxmega4/memx-const\libm.a
END GROUP
                0x0000000000000001                __MPLAB_DEBUG = 0x1
                0x0000000000000001                __DEBUG = 0x1
START GROUP
LOAD c:/program files/microchip/xc8/v2.36/avr/bin/../lib/gcc/avr/5.4.0/avrxmega4/memx-const\libgcc.a
LOAD c:/program files/microchip/xc8/v2.36/avr/bin/../lib/gcc/avr/5.4.0/../../../../avr/lib/avrxmega4/memx-const\libm.a
LOAD c:/program files/microchip/xc8/v2.36/avr/bin/../lib/gcc/avr/5.4.0/../../../../avr/lib/avrxmega4/memx-const\libc.a
LOAD C:/Program Files/Microchip/xc8/v2.36/dfp/xc8/avr/lib/avrxmega4/memx-const\libavr128da48.a
END GROUP
                [0x0000000000000000]                __TEXT_REGION_ORIGIN__ = DEFINED (__TEXT_REGION_ORIGIN__)?__TEXT_REGION_ORIGIN__:0x0
                [0x0000000000804000]                __DATA_REGION_ORIGIN__ = DEFINED (__DATA_REGION_ORIGIN__)?__DATA_REGION_ORIGIN__:0x802000
                [0x0000000000020000]                __TEXT_REGION_LENGTH__ = DEFINED (__TEXT_REGION_LENGTH__)?__TEXT_REGION_LENGTH__:0x100000
                [0x0000000000004000]                __DATA_REGION_LENGTH__ = DEFINED (__DATA_REGION_LENGTH__)?__DATA_REGION_LENGTH__:0xffa0
                [0x0000000000000200]                __EEPROM_REGION_LENGTH__ = DEFINED (__EEPROM_REGION_LENGTH__)?__EEPROM_REGION_LENGTH__:0x10000
                [0x0000000000000010]                __FUSE_REGION_LENGTH__ = DEFINED (__FUSE_REGION_LENGTH__)?__FUSE_REGION_LENGTH__:0x400
                0x0000000000000400                __LOCK_REGION_LENGTH__ = DEFINED (__LOCK_REGION_LENGTH__)?__LOCK_REGION_LENGTH__:0x400
                0x0000000000000400                __SIGNATURE_REGION_LENGTH__ = DEFINED (__SIGNATURE_REGION_LENGTH__)?__SIGNATURE_REGION_LENGTH__:0x400
                0x0000000000000400                __USER_SIGNATURE_REGION_LENGTH__ = DEFINED (__USER_SIGNATURE_REGION_LENGTH__)?__USER_SIGNATURE_REGION_LENGTH__:0x400

.hash
 *(.hash)

.dynsym
 *(.dynsym)

.dynstr
 *(.dynstr)

.gnu.version
 *(.gnu.version)

.gnu.version_d
 *(.gnu.version_d)

.gnu.version_r
 *(.gnu.version_r)

.rel.init
 *(.rel.init)

.rela.init
 *(.rela.init)

.rel.text
 *(.rel.text)
 *(.rel.text.*)
 *(.rel.gnu.linkonce.t*)

.rela.text
 *(.rela.text)
 *(.rela.text.*)
 *(.rela.gnu.linkonce.t*)

.rel.fini
 *(.rel.fini)

.rela.fini
 *(.rela.fini)

.rel.rodata
 *(.rel.rodata)
 *(.rel.rodata.*)
 *(.rel.gnu.linkonce.r*)

.rela.rodata
 *(.rela.rodata)
 *(.rela.rodata.*)
 *(.rela.gnu.linkonce.r*)

.rel.data
 *(.rel.data)
 *(.rel.data.*)
 *(.rel.gnu.linkonce.d*)

.rela.data
 *(.rela.data)
 *(.rela.data.*)
 *(.rela.gnu.linkonce.d*)

.rel.ctors
 *(.rel.ctors)

.rela.ctors
 *(.rela.ctors)

.rel.dtors
 *(.rel.dtors)

.rela.dtors
 *(.rela.dtors)

.rel.got
 *(.rel.got)

.rela.got
 *(.rela.got)

.rel.bss
 *(.rel.bss)

.rela.bss
 *(.rela.bss)

.rel.plt
 *(.rel.plt)

.rela.plt
 *(.rela.plt)

.text           0x0000000000000000      0x170
 *(.vectors)
 .vectors       0x0000000000000000       0xe8 C:/Program Files/Microchip/xc8/v2.36/dfp/xc8/avr/lib/avrxmega4/memx-const/crtavr128da48.o
                0x0000000000000000                __vector_default
                0x0000000000000000                __vectors
 *(.vectors)
 *(.progmem.gcc*)
 *(.dinit)
 .dinit         0x00000000000000e8       0x30 data_init
                0x0000000000000118                . = ALIGN (0x2)
 *fill*         0x0000000000000118        0x0 
                0x0000000000000118                __trampolines_start = .
 *(.trampolines)
 .trampolines   0x0000000000000118        0x0 linker stubs
 *(.trampolines*)
                0x0000000000000118                __trampolines_end = .
 *libprintf_flt.a:*(.progmem.data)
 *libc.a:*(.progmem.data)
                0x0000000000000118                . = ALIGN (0x2)
 *(.jumptables)
 *(.jumptables*)
 *(.lowtext)
 *(.lowtext*)
                0x0000000000000118                __ctors_start = .
 *(.ctors)
                0x0000000000000118                __ctors_end = .
                0x0000000000000118                __dtors_start = .
 *(.dtors)
                0x0000000000000118                __dtors_end = .
 SORT(*)(.ctors)
 SORT(*)(.dtors)
 *(.init0)
 .init0         0x0000000000000118        0x0 C:/Program Files/Microchip/xc8/v2.36/dfp/xc8/avr/lib/avrxmega4/memx-const/crtavr128da48.o
                0x0000000000000118                __init
 *(.init0)
 *(.init1)
 *(.init1)
 *(.init2)
 .init2         0x0000000000000118        0xc C:/Program Files/Microchip/xc8/v2.36/dfp/xc8/avr/lib/avrxmega4/memx-const/crtavr128da48.o
 *(.init2)
 *(.init3)
 *(.init3)
 *(.init4)
 .init4         0x0000000000000124       0x40 c:/program files/microchip/xc8/v2.36/avr/bin/../lib/gcc/avr/5.4.0/avrxmega4/memx-const\libgcc.a(_copy_data.o)
                0x0000000000000124                __do_copy_data
                0x0000000000000156                __do_clear_bss
 *(.init4)
 *(.init5)
 *(.init5)
 *(.init6)
 *(.init6)
 *(.init7)
 *(.init7)
 *(.init8)
 *(.init8)
 *(.init9)
 .init9         0x0000000000000164        0x8 C:/Program Files/Microchip/xc8/v2.36/dfp/xc8/avr/lib/avrxmega4/memx-const/crtavr128da48.o
 *(.init9)
                0x000000000000016c                . = ALIGN (0x2)
 *(.fini9)
 .fini9         0x000000000000016c        0x0 c:/program files/microchip/xc8/v2.36/avr/bin/../lib/gcc/avr/5.4.0/avrxmega4/memx-const\libgcc.a(_exit.o)
                0x000000000000016c                _exit
 *(.fini9)
 *(.fini8)
 *(.fini8)
 *(.fini7)
 *(.fini7)
 *(.fini6)
 *(.fini6)
 *(.fini5)
 *(.fini5)
 *(.fini4)
 *(.fini4)
 *(.fini3)
 *(.fini3)
 *(.fini2)
 *(.fini2)
 *(.fini1)
 *(.fini1)
 *(.fini0)
 .fini0         0x000000000000016c        0x4 c:/program files/microchip/xc8/v2.36/avr/bin/../lib/gcc/avr/5.4.0/avrxmega4/memx-const\libgcc.a(_exit.o)
 *(.fini0)
                0x0000000000000170                _etext = .

.data           0x0000000000804000        0x0 load address 0x0000000000000170
                [!provide]                        PROVIDE (__data_start, .)
 *(.gnu.linkonce.d*)
 *(.gnu.linkonce.r*)
                0x0000000000804000                . = ALIGN (0x2)
                0x0000000000804000                _edata = .
                [!provide]                        PROVIDE (__data_end, .)

.bss            0x0000000000804000       0x25
                [!provide]                        PROVIDE (__bss_start, .)
 *(COMMON)
 COMMON         0x0000000000804000        0x6 build/default/debug/mcc_generated_files/zcd/src/zcd0.o
                0x0000000000804000                ZCD_Int_flag
                0x0000000000804003                PhaseLossFlag
 COMMON         0x0000000000804006        0x4 build/default/debug/application.o
                0x0000000000804006                timerCounterValue
                0x0000000000804008                wfclkSel_st
 COMMON         0x000000000080400a       0x19 build/default/debug/dataVisualizer.o
                0x000000000080400a                dataStremerFrame_u
 COMMON         0x0000000000804023        0x2 c:/program files/microchip/xc8/v2.36/avr/bin/../lib/gcc/avr/5.4.0/../../../../avr/lib/avrxmega4/memx-const\libc.a(errno.o)
                0x0000000000804023                __errno_val
                [!provide]                        PROVIDE (__bss_end, .)
                0x0000000000000170                __data_load_start = LOADADDR (.data)
                0x0000000000000170                __data_load_end = (__data_load_start + SIZEOF (.data))

.noinit         0x0000000000804025        0x0
                [!provide]                        PROVIDE (__noinit_start, .)
 *(.noinit*)
                [!provide]                        PROVIDE (__noinit_end, .)
                0x0000000000804025                _end = .

.eeprom         0x0000000000810000        0x0
 *(.eeprom*)
                0x0000000000810000                __eeprom_end = .

.fuse           0x0000000000820000        0x9
 *(.fuse)
 .fuse          0x0000000000820000        0x9 build/default/debug/mcc_generated_files/system/src/config_bits.o
                0x0000000000820000                __fuse
 *(.lfuse)
 *(.hfuse)
 *(.efuse)

.lock
 *(.lock*)

.signature
 *(.signature*)

.user_signatures
 *(.user_signatures*)

.stab
 *(.stab)

.stabstr
 *(.stabstr)

.stab.excl
 *(.stab.excl)

.stab.exclstr
 *(.stab.exclstr)

.stab.index
 *(.stab.index)

.stab.indexstr
 *(.stab.indexstr)

.comment        0x0000000000000000       0x2f
 *(.comment)
 .comment       0x0000000000000000       0x2f build/default/debug/mcc_generated_files/adc/src/adc0.o
                                         0x30 (size before relaxing)
 .comment       0x000000000000002f       0x30 build/default/debug/mcc_generated_files/spi/src/spi0.o
 .comment       0x000000000000002f       0x30 build/default/debug/mcc_generated_files/system/src/config_bits.o
 .comment       0x000000000000002f       0x30 build/default/debug/mcc_generated_files/system/src/pins.o
 .comment       0x000000000000002f       0x30 build/default/debug/mcc_generated_files/system/src/interrupt.o
 .comment       0x000000000000002f       0x30 build/default/debug/mcc_generated_files/system/src/system.o
 .comment       0x000000000000002f       0x30 build/default/debug/mcc_generated_files/system/src/clock.o
 .comment       0x000000000000002f       0x30 build/default/debug/mcc_generated_files/timer/src/tca1.o
 .comment       0x000000000000002f       0x30 build/default/debug/mcc_generated_files/timer/src/tca0.o
 .comment       0x000000000000002f       0x30 build/default/debug/mcc_generated_files/uart/src/usart1.o
 .comment       0x000000000000002f       0x30 build/default/debug/mcc_generated_files/vref/src/vref.o
 .comment       0x000000000000002f       0x30 build/default/debug/mcc_generated_files/zcd/src/zcd1.o
 .comment       0x000000000000002f       0x30 build/default/debug/mcc_generated_files/zcd/src/zcd0.o
 .comment       0x000000000000002f       0x30 build/default/debug/main.o
 .comment       0x000000000000002f       0x30 build/default/debug/AD5227.o
 .comment       0x000000000000002f       0x30 build/default/debug/AD9833.o
 .comment       0x000000000000002f       0x30 build/default/debug/Communication.o
 .comment       0x000000000000002f       0x30 build/default/debug/application.o
 .comment       0x000000000000002f       0x30 build/default/debug/dataVisualizer.o
 .comment       0x000000000000002f       0x30 c:/program files/microchip/xc8/v2.36/avr/bin/../lib/gcc/avr/5.4.0/../../../../avr/lib/avrxmega4/memx-const\libm.a(powf.o)
 .comment       0x000000000000002f       0x30 c:/program files/microchip/xc8/v2.36/avr/bin/../lib/gcc/avr/5.4.0/../../../../avr/lib/avrxmega4/memx-const\libm.a(sqrtf.o)
 .comment       0x000000000000002f       0x30 c:/program files/microchip/xc8/v2.36/avr/bin/../lib/gcc/avr/5.4.0/../../../../avr/lib/avrxmega4/memx-const\libm.a(fabsf.o)
 .comment       0x000000000000002f       0x30 c:/program files/microchip/xc8/v2.36/avr/bin/../lib/gcc/avr/5.4.0/../../../../avr/lib/avrxmega4/memx-const\libm.a(scalbnf.o)
 .comment       0x000000000000002f       0x30 c:/program files/microchip/xc8/v2.36/avr/bin/../lib/gcc/avr/5.4.0/../../../../avr/lib/avrxmega4/memx-const\libc.a(errno.o)
 .comment       0x000000000000002f       0x30 c:/program files/microchip/xc8/v2.36/avr/bin/../lib/gcc/avr/5.4.0/../../../../avr/lib/avrxmega4/memx-const\libc.a(exit.o)
 .comment       0x000000000000002f       0x30 c:/program files/microchip/xc8/v2.36/avr/bin/../lib/gcc/avr/5.4.0/../../../../avr/lib/avrxmega4/memx-const\libc.a(_Exit.o)

.stack.descriptors.hdr
                0x0000000000000000      0x118
 .stack.descriptors.hdr
                0x0000000000000000        0xe c:/program files/microchip/xc8/v2.36/avr/bin/../lib/gcc/avr/5.4.0/../../../../avr/lib/avrxmega4/memx-const\libm.a(addsf3.o)
 .stack.descriptors.hdr
                0x000000000000000e        0xe c:/program files/microchip/xc8/v2.36/avr/bin/../lib/gcc/avr/5.4.0/../../../../avr/lib/avrxmega4/memx-const\libm.a(addsf3x.o)
 .stack.descriptors.hdr
                0x000000000000001c        0xe c:/program files/microchip/xc8/v2.36/avr/bin/../lib/gcc/avr/5.4.0/../../../../avr/lib/avrxmega4/memx-const\libm.a(cmpsf2.o)
 .stack.descriptors.hdr
                0x000000000000002a        0xe c:/program files/microchip/xc8/v2.36/avr/bin/../lib/gcc/avr/5.4.0/../../../../avr/lib/avrxmega4/memx-const\libm.a(divsf3.o)
 .stack.descriptors.hdr
                0x0000000000000038        0xe c:/program files/microchip/xc8/v2.36/avr/bin/../lib/gcc/avr/5.4.0/../../../../avr/lib/avrxmega4/memx-const\libm.a(divsf3x.o)
 .stack.descriptors.hdr
                0x0000000000000046        0xe c:/program files/microchip/xc8/v2.36/avr/bin/../lib/gcc/avr/5.4.0/../../../../avr/lib/avrxmega4/memx-const\libm.a(fixunssfsi.o)
 .stack.descriptors.hdr
                0x0000000000000054        0xe c:/program files/microchip/xc8/v2.36/avr/bin/../lib/gcc/avr/5.4.0/../../../../avr/lib/avrxmega4/memx-const\libm.a(floatsisf.o)
 .stack.descriptors.hdr
                0x0000000000000062        0xe c:/program files/microchip/xc8/v2.36/avr/bin/../lib/gcc/avr/5.4.0/../../../../avr/lib/avrxmega4/memx-const\libm.a(fp_cmp.o)
 .stack.descriptors.hdr
                0x0000000000000070        0xe c:/program files/microchip/xc8/v2.36/avr/bin/../lib/gcc/avr/5.4.0/../../../../avr/lib/avrxmega4/memx-const\libm.a(fp_inf.o)
 .stack.descriptors.hdr
                0x000000000000007e        0xe c:/program files/microchip/xc8/v2.36/avr/bin/../lib/gcc/avr/5.4.0/../../../../avr/lib/avrxmega4/memx-const\libm.a(fp_nan.o)
 .stack.descriptors.hdr
                0x000000000000008c        0xe c:/program files/microchip/xc8/v2.36/avr/bin/../lib/gcc/avr/5.4.0/../../../../avr/lib/avrxmega4/memx-const\libm.a(fp_pscA.o)
 .stack.descriptors.hdr
                0x000000000000009a        0xe c:/program files/microchip/xc8/v2.36/avr/bin/../lib/gcc/avr/5.4.0/../../../../avr/lib/avrxmega4/memx-const\libm.a(fp_pscB.o)
 .stack.descriptors.hdr
                0x00000000000000a8        0xe c:/program files/microchip/xc8/v2.36/avr/bin/../lib/gcc/avr/5.4.0/../../../../avr/lib/avrxmega4/memx-const\libm.a(fp_round.o)
 .stack.descriptors.hdr
                0x00000000000000b6        0xe c:/program files/microchip/xc8/v2.36/avr/bin/../lib/gcc/avr/5.4.0/../../../../avr/lib/avrxmega4/memx-const\libm.a(fp_split3.o)
 .stack.descriptors.hdr
                0x00000000000000c4        0xe c:/program files/microchip/xc8/v2.36/avr/bin/../lib/gcc/avr/5.4.0/../../../../avr/lib/avrxmega4/memx-const\libm.a(fp_zero.o)
 .stack.descriptors.hdr
                0x00000000000000d2        0xe c:/program files/microchip/xc8/v2.36/avr/bin/../lib/gcc/avr/5.4.0/../../../../avr/lib/avrxmega4/memx-const\libm.a(gesf2.o)
 .stack.descriptors.hdr
                0x00000000000000e0        0xe c:/program files/microchip/xc8/v2.36/avr/bin/../lib/gcc/avr/5.4.0/../../../../avr/lib/avrxmega4/memx-const\libm.a(mulsf3.o)
 .stack.descriptors.hdr
                0x00000000000000ee        0xe c:/program files/microchip/xc8/v2.36/avr/bin/../lib/gcc/avr/5.4.0/../../../../avr/lib/avrxmega4/memx-const\libm.a(mulsf3x.o)
 .stack.descriptors.hdr
                0x00000000000000fc        0xe c:/program files/microchip/xc8/v2.36/avr/bin/../lib/gcc/avr/5.4.0/avrxmega4/memx-const\libgcc.a(_xload_4.o)
 .stack.descriptors.hdr
                0x000000000000010a        0xe c:/program files/microchip/xc8/v2.36/avr/bin/../lib/gcc/avr/5.4.0/avrxmega4/memx-const\libgcc.a(_exit.o)

.note.GNU-stack
                0x0000000000000000        0x0
 .note.GNU-stack
                0x0000000000000000        0x0 c:/program files/microchip/xc8/v2.36/avr/bin/../lib/gcc/avr/5.4.0/../../../../avr/lib/avrxmega4/memx-const\libm.a(addsf3.o)
 .note.GNU-stack
                0x0000000000000000        0x0 c:/program files/microchip/xc8/v2.36/avr/bin/../lib/gcc/avr/5.4.0/../../../../avr/lib/avrxmega4/memx-const\libm.a(addsf3x.o)
 .note.GNU-stack
                0x0000000000000000        0x0 c:/program files/microchip/xc8/v2.36/avr/bin/../lib/gcc/avr/5.4.0/../../../../avr/lib/avrxmega4/memx-const\libm.a(cmpsf2.o)
 .note.GNU-stack
                0x0000000000000000        0x0 c:/program files/microchip/xc8/v2.36/avr/bin/../lib/gcc/avr/5.4.0/../../../../avr/lib/avrxmega4/memx-const\libm.a(divsf3.o)
 .note.GNU-stack
                0x0000000000000000        0x0 c:/program files/microchip/xc8/v2.36/avr/bin/../lib/gcc/avr/5.4.0/../../../../avr/lib/avrxmega4/memx-const\libm.a(divsf3x.o)
 .note.GNU-stack
                0x0000000000000000        0x0 c:/program files/microchip/xc8/v2.36/avr/bin/../lib/gcc/avr/5.4.0/../../../../avr/lib/avrxmega4/memx-const\libm.a(fixunssfsi.o)
 .note.GNU-stack
                0x0000000000000000        0x0 c:/program files/microchip/xc8/v2.36/avr/bin/../lib/gcc/avr/5.4.0/../../../../avr/lib/avrxmega4/memx-const\libm.a(floatsisf.o)
 .note.GNU-stack
                0x0000000000000000        0x0 c:/program files/microchip/xc8/v2.36/avr/bin/../lib/gcc/avr/5.4.0/../../../../avr/lib/avrxmega4/memx-const\libm.a(fp_cmp.o)
 .note.GNU-stack
                0x0000000000000000        0x0 c:/program files/microchip/xc8/v2.36/avr/bin/../lib/gcc/avr/5.4.0/../../../../avr/lib/avrxmega4/memx-const\libm.a(fp_inf.o)
 .note.GNU-stack
                0x0000000000000000        0x0 c:/program files/microchip/xc8/v2.36/avr/bin/../lib/gcc/avr/5.4.0/../../../../avr/lib/avrxmega4/memx-const\libm.a(fp_nan.o)
 .note.GNU-stack
                0x0000000000000000        0x0 c:/program files/microchip/xc8/v2.36/avr/bin/../lib/gcc/avr/5.4.0/../../../../avr/lib/avrxmega4/memx-const\libm.a(fp_pscA.o)
 .note.GNU-stack
                0x0000000000000000        0x0 c:/program files/microchip/xc8/v2.36/avr/bin/../lib/gcc/avr/5.4.0/../../../../avr/lib/avrxmega4/memx-const\libm.a(fp_pscB.o)
 .note.GNU-stack
                0x0000000000000000        0x0 c:/program files/microchip/xc8/v2.36/avr/bin/../lib/gcc/avr/5.4.0/../../../../avr/lib/avrxmega4/memx-const\libm.a(fp_round.o)
 .note.GNU-stack
                0x0000000000000000        0x0 c:/program files/microchip/xc8/v2.36/avr/bin/../lib/gcc/avr/5.4.0/../../../../avr/lib/avrxmega4/memx-const\libm.a(fp_split3.o)
 .note.GNU-stack
                0x0000000000000000        0x0 c:/program files/microchip/xc8/v2.36/avr/bin/../lib/gcc/avr/5.4.0/../../../../avr/lib/avrxmega4/memx-const\libm.a(fp_zero.o)
 .note.GNU-stack
                0x0000000000000000        0x0 c:/program files/microchip/xc8/v2.36/avr/bin/../lib/gcc/avr/5.4.0/../../../../avr/lib/avrxmega4/memx-const\libm.a(gesf2.o)
 .note.GNU-stack
                0x0000000000000000        0x0 c:/program files/microchip/xc8/v2.36/avr/bin/../lib/gcc/avr/5.4.0/../../../../avr/lib/avrxmega4/memx-const\libm.a(mulsf3.o)
 .note.GNU-stack
                0x0000000000000000        0x0 c:/program files/microchip/xc8/v2.36/avr/bin/../lib/gcc/avr/5.4.0/../../../../avr/lib/avrxmega4/memx-const\libm.a(mulsf3x.o)
 .note.GNU-stack
                0x0000000000000000        0x0 c:/program files/microchip/xc8/v2.36/avr/bin/../lib/gcc/avr/5.4.0/../../../../avr/lib/avrxmega4/memx-const\libm.a(powf.o)
 .note.GNU-stack
                0x0000000000000000        0x0 c:/program files/microchip/xc8/v2.36/avr/bin/../lib/gcc/avr/5.4.0/../../../../avr/lib/avrxmega4/memx-const\libm.a(sqrtf.o)
 .note.GNU-stack
                0x0000000000000000        0x0 c:/program files/microchip/xc8/v2.36/avr/bin/../lib/gcc/avr/5.4.0/../../../../avr/lib/avrxmega4/memx-const\libm.a(fabsf.o)
 .note.GNU-stack
                0x0000000000000000        0x0 c:/program files/microchip/xc8/v2.36/avr/bin/../lib/gcc/avr/5.4.0/../../../../avr/lib/avrxmega4/memx-const\libm.a(scalbnf.o)
 .note.GNU-stack
                0x0000000000000000        0x0 c:/program files/microchip/xc8/v2.36/avr/bin/../lib/gcc/avr/5.4.0/../../../../avr/lib/avrxmega4/memx-const\libc.a(errno.o)
 .note.GNU-stack
                0x0000000000000000        0x0 c:/program files/microchip/xc8/v2.36/avr/bin/../lib/gcc/avr/5.4.0/../../../../avr/lib/avrxmega4/memx-const\libc.a(exit.o)
 .note.GNU-stack
                0x0000000000000000        0x0 c:/program files/microchip/xc8/v2.36/avr/bin/../lib/gcc/avr/5.4.0/../../../../avr/lib/avrxmega4/memx-const\libc.a(_Exit.o)

.note.gnu.build-id
 *(.note.gnu.build-id)

.debug
 *(.debug)

.line
 *(.line)

.debug_srcinfo
 *(.debug_srcinfo)

.debug_sfnames
 *(.debug_sfnames)

.debug_aranges  0x0000000000000000      0x8c8
 *(.debug_aranges)
 .debug_aranges
                0x0000000000000000       0xc0 build/default/debug/mcc_generated_files/adc/src/adc0.o
 .debug_aranges
                0x00000000000000c0       0xb0 build/default/debug/mcc_generated_files/spi/src/spi0.o
 .debug_aranges
                0x0000000000000170       0x18 build/default/debug/mcc_generated_files/system/src/config_bits.o
 .debug_aranges
                0x0000000000000188      0x198 build/default/debug/mcc_generated_files/system/src/pins.o
 .debug_aranges
                0x0000000000000320       0x20 build/default/debug/mcc_generated_files/system/src/protected_io.o
 .debug_aranges
                0x0000000000000340       0x28 build/default/debug/mcc_generated_files/system/src/interrupt.o
 .debug_aranges
                0x0000000000000368       0x20 build/default/debug/mcc_generated_files/system/src/system.o
 .debug_aranges
                0x0000000000000388       0x28 build/default/debug/mcc_generated_files/system/src/clock.o
 .debug_aranges
                0x00000000000003b0       0xf0 build/default/debug/mcc_generated_files/timer/src/tca1.o
 .debug_aranges
                0x00000000000004a0       0xf0 build/default/debug/mcc_generated_files/timer/src/tca0.o
 .debug_aranges
                0x0000000000000590       0xf0 build/default/debug/mcc_generated_files/uart/src/usart1.o
 .debug_aranges
                0x0000000000000680       0x20 build/default/debug/mcc_generated_files/vref/src/vref.o
 .debug_aranges
                0x00000000000006a0       0x28 build/default/debug/mcc_generated_files/zcd/src/zcd1.o
 .debug_aranges
                0x00000000000006c8       0x28 build/default/debug/mcc_generated_files/zcd/src/zcd0.o
 .debug_aranges
                0x00000000000006f0       0x20 build/default/debug/main.o
 .debug_aranges
                0x0000000000000710       0x38 build/default/debug/AD5227.o
 .debug_aranges
                0x0000000000000748       0x50 build/default/debug/AD9833.o
 .debug_aranges
                0x0000000000000798       0x70 build/default/debug/Communication.o
 .debug_aranges
                0x0000000000000808       0x98 build/default/debug/application.o
 .debug_aranges
                0x00000000000008a0       0x28 build/default/debug/dataVisualizer.o

.debug_pubnames
 *(.debug_pubnames)

.debug_info     0x0000000000000000     0xc76d
 *(.debug_info .gnu.linkonce.wi.*)
 .debug_info    0x0000000000000000     0x2c24 C:/Program Files/Microchip/xc8/v2.36/dfp/xc8/avr/lib/avrxmega4/memx-const/crtavr128da48.o
 .debug_info    0x0000000000002c24      0xdcc build/default/debug/mcc_generated_files/adc/src/adc0.o
 .debug_info    0x00000000000039f0      0x9cb build/default/debug/mcc_generated_files/spi/src/spi0.o
 .debug_info    0x00000000000043bb      0x87c build/default/debug/mcc_generated_files/system/src/config_bits.o
 .debug_info    0x0000000000004c37     0x12a9 build/default/debug/mcc_generated_files/system/src/pins.o
 .debug_info    0x0000000000005ee0       0xb8 build/default/debug/mcc_generated_files/system/src/protected_io.o
 .debug_info    0x0000000000005f98      0x3cf build/default/debug/mcc_generated_files/system/src/interrupt.o
 .debug_info    0x0000000000006367      0x2d0 build/default/debug/mcc_generated_files/system/src/system.o
 .debug_info    0x0000000000006637      0x4e7 build/default/debug/mcc_generated_files/system/src/clock.o
 .debug_info    0x0000000000006b1e     0x1012 build/default/debug/mcc_generated_files/timer/src/tca1.o
 .debug_info    0x0000000000007b30      0xfa1 build/default/debug/mcc_generated_files/timer/src/tca0.o
 .debug_info    0x0000000000008ad1      0xd4e build/default/debug/mcc_generated_files/uart/src/usart1.o
 .debug_info    0x000000000000981f      0x380 build/default/debug/mcc_generated_files/vref/src/vref.o
 .debug_info    0x0000000000009b9f      0x41f build/default/debug/mcc_generated_files/zcd/src/zcd1.o
 .debug_info    0x0000000000009fbe      0x414 build/default/debug/mcc_generated_files/zcd/src/zcd0.o
 .debug_info    0x000000000000a3d2      0x389 build/default/debug/main.o
 .debug_info    0x000000000000a75b      0x41d build/default/debug/AD5227.o
 .debug_info    0x000000000000ab78      0x4f6 build/default/debug/AD9833.o
 .debug_info    0x000000000000b06e      0x50f build/default/debug/Communication.o
 .debug_info    0x000000000000b57d      0xc99 build/default/debug/application.o
 .debug_info    0x000000000000c216      0x557 build/default/debug/dataVisualizer.o

.debug_abbrev   0x0000000000000000     0x4087
 *(.debug_abbrev)
 .debug_abbrev  0x0000000000000000     0x29ce C:/Program Files/Microchip/xc8/v2.36/dfp/xc8/avr/lib/avrxmega4/memx-const/crtavr128da48.o
 .debug_abbrev  0x00000000000029ce      0x1bc build/default/debug/mcc_generated_files/adc/src/adc0.o
 .debug_abbrev  0x0000000000002b8a      0x1ef build/default/debug/mcc_generated_files/spi/src/spi0.o
 .debug_abbrev  0x0000000000002d79       0x97 build/default/debug/mcc_generated_files/system/src/config_bits.o
 .debug_abbrev  0x0000000000002e10      0x164 build/default/debug/mcc_generated_files/system/src/pins.o
 .debug_abbrev  0x0000000000002f74       0x14 build/default/debug/mcc_generated_files/system/src/protected_io.o
 .debug_abbrev  0x0000000000002f88       0xc0 build/default/debug/mcc_generated_files/system/src/interrupt.o
 .debug_abbrev  0x0000000000003048       0x39 build/default/debug/mcc_generated_files/system/src/system.o
 .debug_abbrev  0x0000000000003081       0xd2 build/default/debug/mcc_generated_files/system/src/clock.o
 .debug_abbrev  0x0000000000003153      0x1ed build/default/debug/mcc_generated_files/timer/src/tca1.o
 .debug_abbrev  0x0000000000003340      0x1ed build/default/debug/mcc_generated_files/timer/src/tca0.o
 .debug_abbrev  0x000000000000352d      0x26e build/default/debug/mcc_generated_files/uart/src/usart1.o
 .debug_abbrev  0x000000000000379b       0x8c build/default/debug/mcc_generated_files/vref/src/vref.o
 .debug_abbrev  0x0000000000003827       0xb5 build/default/debug/mcc_generated_files/zcd/src/zcd1.o
 .debug_abbrev  0x00000000000038dc       0xb5 build/default/debug/mcc_generated_files/zcd/src/zcd0.o
 .debug_abbrev  0x0000000000003991       0xae build/default/debug/main.o
 .debug_abbrev  0x0000000000003a3f       0xce build/default/debug/AD5227.o
 .debug_abbrev  0x0000000000003b0d       0xbf build/default/debug/AD9833.o
 .debug_abbrev  0x0000000000003bcc       0xd1 build/default/debug/Communication.o
 .debug_abbrev  0x0000000000003c9d      0x2e3 build/default/debug/application.o
 .debug_abbrev  0x0000000000003f80      0x107 build/default/debug/dataVisualizer.o

.debug_line     0x0000000000000000     0x3baf
 *(.debug_line .debug_line.* .debug_line_end)
 .debug_line    0x0000000000000000      0x1f6 C:/Program Files/Microchip/xc8/v2.36/dfp/xc8/avr/lib/avrxmega4/memx-const/crtavr128da48.o
 .debug_line    0x00000000000001f6      0x456 build/default/debug/mcc_generated_files/adc/src/adc0.o
 .debug_line    0x000000000000064c      0x424 build/default/debug/mcc_generated_files/spi/src/spi0.o
 .debug_line    0x0000000000000a70       0xe1 build/default/debug/mcc_generated_files/system/src/config_bits.o
 .debug_line    0x0000000000000b51      0xa51 build/default/debug/mcc_generated_files/system/src/pins.o
 .debug_line    0x00000000000015a2       0x73 build/default/debug/mcc_generated_files/system/src/protected_io.o
 .debug_line    0x0000000000001615      0x15d build/default/debug/mcc_generated_files/system/src/interrupt.o
 .debug_line    0x0000000000001772       0x9d build/default/debug/mcc_generated_files/system/src/system.o
 .debug_line    0x000000000000180f      0x171 build/default/debug/mcc_generated_files/system/src/clock.o
 .debug_line    0x0000000000001980      0x532 build/default/debug/mcc_generated_files/timer/src/tca1.o
 .debug_line    0x0000000000001eb2      0x520 build/default/debug/mcc_generated_files/timer/src/tca0.o
 .debug_line    0x00000000000023d2      0x595 build/default/debug/mcc_generated_files/uart/src/usart1.o
 .debug_line    0x0000000000002967      0x106 build/default/debug/mcc_generated_files/vref/src/vref.o
 .debug_line    0x0000000000002a6d      0x13a build/default/debug/mcc_generated_files/zcd/src/zcd1.o
 .debug_line    0x0000000000002ba7      0x12f build/default/debug/mcc_generated_files/zcd/src/zcd0.o
 .debug_line    0x0000000000002cd6      0x148 build/default/debug/main.o
 .debug_line    0x0000000000002e1e      0x17f build/default/debug/AD5227.o
 .debug_line    0x0000000000002f9d      0x1b4 build/default/debug/AD9833.o
 .debug_line    0x0000000000003151      0x283 build/default/debug/Communication.o
 .debug_line    0x00000000000033d4      0x67b build/default/debug/application.o
 .debug_line    0x0000000000003a4f      0x160 build/default/debug/dataVisualizer.o

.debug_frame    0x0000000000000000     0x2258
 *(.debug_frame)
 .debug_frame   0x0000000000000000      0x318 build/default/debug/mcc_generated_files/adc/src/adc0.o
 .debug_frame   0x0000000000000318      0x274 build/default/debug/mcc_generated_files/spi/src/spi0.o
 .debug_frame   0x000000000000058c      0x7ac build/default/debug/mcc_generated_files/system/src/pins.o
 .debug_frame   0x0000000000000d38       0x54 build/default/debug/mcc_generated_files/system/src/interrupt.o
 .debug_frame   0x0000000000000d8c       0x34 build/default/debug/mcc_generated_files/system/src/system.o
 .debug_frame   0x0000000000000dc0       0x54 build/default/debug/mcc_generated_files/system/src/clock.o
 .debug_frame   0x0000000000000e14      0x484 build/default/debug/mcc_generated_files/timer/src/tca1.o
 .debug_frame   0x0000000000001298      0x484 build/default/debug/mcc_generated_files/timer/src/tca0.o
 .debug_frame   0x000000000000171c      0x424 build/default/debug/mcc_generated_files/uart/src/usart1.o
 .debug_frame   0x0000000000001b40       0x34 build/default/debug/mcc_generated_files/vref/src/vref.o
 .debug_frame   0x0000000000001b74       0x74 build/default/debug/mcc_generated_files/zcd/src/zcd1.o
 .debug_frame   0x0000000000001be8       0x98 build/default/debug/mcc_generated_files/zcd/src/zcd0.o
 .debug_frame   0x0000000000001c80       0x34 build/default/debug/main.o
 .debug_frame   0x0000000000001cb4       0x94 build/default/debug/AD5227.o
 .debug_frame   0x0000000000001d48       0xf4 build/default/debug/AD9833.o
 .debug_frame   0x0000000000001e3c      0x174 build/default/debug/Communication.o
 .debug_frame   0x0000000000001fb0      0x254 build/default/debug/application.o
 .debug_frame   0x0000000000002204       0x54 build/default/debug/dataVisualizer.o

.debug_str      0x0000000000000000     0x144e
 *(.debug_str)
 .debug_str     0x0000000000000000     0x1320 C:/Program Files/Microchip/xc8/v2.36/dfp/xc8/avr/lib/avrxmega4/memx-const/crtavr128da48.o
 .debug_str     0x0000000000001320       0x11 build/default/debug/mcc_generated_files/adc/src/adc0.o
 .debug_str     0x0000000000001331       0x10 build/default/debug/mcc_generated_files/spi/src/spi0.o
 .debug_str     0x0000000000001341        0x0 build/default/debug/mcc_generated_files/system/src/config_bits.o
 .debug_str     0x0000000000001341       0x25 build/default/debug/mcc_generated_files/system/src/pins.o
 .debug_str     0x0000000000001366        0x0 build/default/debug/mcc_generated_files/system/src/interrupt.o
 .debug_str     0x0000000000001366        0x0 build/default/debug/mcc_generated_files/system/src/system.o
 .debug_str     0x0000000000001366        0x0 build/default/debug/mcc_generated_files/system/src/clock.o
 .debug_str     0x0000000000001366       0x52 build/default/debug/mcc_generated_files/timer/src/tca1.o
 .debug_str     0x00000000000013b8       0x52 build/default/debug/mcc_generated_files/timer/src/tca0.o
 .debug_str     0x000000000000140a       0x10 build/default/debug/mcc_generated_files/uart/src/usart1.o
 .debug_str     0x000000000000141a        0x0 build/default/debug/mcc_generated_files/vref/src/vref.o
 .debug_str     0x000000000000141a        0x0 build/default/debug/mcc_generated_files/zcd/src/zcd1.o
 .debug_str     0x000000000000141a        0x0 build/default/debug/mcc_generated_files/zcd/src/zcd0.o
 .debug_str     0x000000000000141a        0x0 build/default/debug/main.o
 .debug_str     0x000000000000141a        0xd build/default/debug/AD5227.o
 .debug_str     0x0000000000001427        0x0 build/default/debug/AD9833.o
 .debug_str     0x0000000000001427       0x12 build/default/debug/Communication.o
 .debug_str     0x0000000000001439       0x15 build/default/debug/application.o
 .debug_str     0x000000000000144e        0x0 build/default/debug/dataVisualizer.o

.debug_loc
 *(.debug_loc)

.debug_macinfo
 *(.debug_macinfo)

.debug_weaknames
 *(.debug_weaknames)

.debug_funcnames
 *(.debug_funcnames)

.debug_typenames
 *(.debug_typenames)

.debug_varnames
 *(.debug_varnames)

.debug_pubtypes
 *(.debug_pubtypes)

.debug_ranges   0x0000000000000000      0x770
 *(.debug_ranges)
 .debug_ranges  0x0000000000000000       0xb0 build/default/debug/mcc_generated_files/adc/src/adc0.o
 .debug_ranges  0x00000000000000b0       0xa0 build/default/debug/mcc_generated_files/spi/src/spi0.o
 .debug_ranges  0x0000000000000150      0x188 build/default/debug/mcc_generated_files/system/src/pins.o
 .debug_ranges  0x00000000000002d8       0x18 build/default/debug/mcc_generated_files/system/src/interrupt.o
 .debug_ranges  0x00000000000002f0       0x10 build/default/debug/mcc_generated_files/system/src/system.o
 .debug_ranges  0x0000000000000300       0x18 build/default/debug/mcc_generated_files/system/src/clock.o
 .debug_ranges  0x0000000000000318       0xe0 build/default/debug/mcc_generated_files/timer/src/tca1.o
 .debug_ranges  0x00000000000003f8       0xe0 build/default/debug/mcc_generated_files/timer/src/tca0.o
 .debug_ranges  0x00000000000004d8       0xe0 build/default/debug/mcc_generated_files/uart/src/usart1.o
 .debug_ranges  0x00000000000005b8       0x10 build/default/debug/mcc_generated_files/vref/src/vref.o
 .debug_ranges  0x00000000000005c8       0x18 build/default/debug/mcc_generated_files/zcd/src/zcd1.o
 .debug_ranges  0x00000000000005e0       0x18 build/default/debug/mcc_generated_files/zcd/src/zcd0.o
 .debug_ranges  0x00000000000005f8       0x10 build/default/debug/main.o
 .debug_ranges  0x0000000000000608       0x28 build/default/debug/AD5227.o
 .debug_ranges  0x0000000000000630       0x40 build/default/debug/AD9833.o
 .debug_ranges  0x0000000000000670       0x60 build/default/debug/Communication.o
 .debug_ranges  0x00000000000006d0       0x88 build/default/debug/application.o
 .debug_ranges  0x0000000000000758       0x18 build/default/debug/dataVisualizer.o

.debug_macro
 *(.debug_macro)
OUTPUT(dist/default/debug/avr128da48-phase-sequence-detection-of-ac-supply-mplab.X.debug.elf elf32-avr)
LOAD linker stubs
LOAD data_init

.note.gnu.avr.deviceinfo
                0x0000000000000000       0x40
 .note.gnu.avr.deviceinfo
                0x0000000000000000       0x40 C:/Program Files/Microchip/xc8/v2.36/dfp/xc8/avr/lib/avrxmega4/memx-const/crtavr128da48.o

.bss.ADC0_window_cb
                0x0000000000804071        0x2
 .bss.ADC0_window_cb
                0x0000000000804071        0x2 build/default/debug/mcc_generated_files/adc/src/adc0.o
                0x0000000000804071                ADC0_window_cb

.bss.spi0_desc  0x00000000008040bd        0x1
 .bss.spi0_desc
                0x00000000008040bd        0x1 build/default/debug/mcc_generated_files/spi/src/spi0.o

.bss.PD4_InterruptHandler
                0x0000000000804073        0x2
 .bss.PD4_InterruptHandler
                0x0000000000804073        0x2 build/default/debug/mcc_generated_files/system/src/pins.o

.bss.PD5_InterruptHandler
                0x0000000000804075        0x2
 .bss.PD5_InterruptHandler
                0x0000000000804075        0x2 build/default/debug/mcc_generated_files/system/src/pins.o

.bss.PD6_InterruptHandler
                0x0000000000804077        0x2
 .bss.PD6_InterruptHandler
                0x0000000000804077        0x2 build/default/debug/mcc_generated_files/system/src/pins.o

.bss.PE3_InterruptHandler
                0x0000000000804079        0x2
 .bss.PE3_InterruptHandler
                0x0000000000804079        0x2 build/default/debug/mcc_generated_files/system/src/pins.o

.bss.PD1_InterruptHandler
                0x000000000080407b        0x2
 .bss.PD1_InterruptHandler
                0x000000000080407b        0x2 build/default/debug/mcc_generated_files/system/src/pins.o

.bss.PA5_InterruptHandler
                0x000000000080407d        0x2
 .bss.PA5_InterruptHandler
                0x000000000080407d        0x2 build/default/debug/mcc_generated_files/system/src/pins.o

.bss.PA4_InterruptHandler
                0x000000000080407f        0x2
 .bss.PA4_InterruptHandler
                0x000000000080407f        0x2 build/default/debug/mcc_generated_files/system/src/pins.o

.bss.PA6_InterruptHandler
                0x0000000000804081        0x2
 .bss.PA6_InterruptHandler
                0x0000000000804081        0x2 build/default/debug/mcc_generated_files/system/src/pins.o

.bss.PC1_InterruptHandler
                0x0000000000804083        0x2
 .bss.PC1_InterruptHandler
                0x0000000000804083        0x2 build/default/debug/mcc_generated_files/system/src/pins.o

.bss.PC0_InterruptHandler
                0x0000000000804085        0x2
 .bss.PC0_InterruptHandler
                0x0000000000804085        0x2 build/default/debug/mcc_generated_files/system/src/pins.o

.bss.PC7_InterruptHandler
                0x0000000000804087        0x2
 .bss.PC7_InterruptHandler
                0x0000000000804087        0x2 build/default/debug/mcc_generated_files/system/src/pins.o

.bss.PA7_InterruptHandler
                0x0000000000804089        0x2
 .bss.PA7_InterruptHandler
                0x0000000000804089        0x2 build/default/debug/mcc_generated_files/system/src/pins.o

.bss.PB4_InterruptHandler
                0x000000000080408b        0x2
 .bss.PB4_InterruptHandler
                0x000000000080408b        0x2 build/default/debug/mcc_generated_files/system/src/pins.o

.bss.PB5_InterruptHandler
                0x000000000080408d        0x2
 .bss.PB5_InterruptHandler
                0x000000000080408d        0x2 build/default/debug/mcc_generated_files/system/src/pins.o

.bss.PD0_InterruptHandler
                0x000000000080408f        0x2
 .bss.PD0_InterruptHandler
                0x000000000080408f        0x2 build/default/debug/mcc_generated_files/system/src/pins.o

.bss.PD2_InterruptHandler
                0x0000000000804091        0x2
 .bss.PD2_InterruptHandler
                0x0000000000804091        0x2 build/default/debug/mcc_generated_files/system/src/pins.o

.bss.PD7_InterruptHandler
                0x0000000000804093        0x2
 .bss.PD7_InterruptHandler
                0x0000000000804093        0x2 build/default/debug/mcc_generated_files/system/src/pins.o

.bss.PE1_InterruptHandler
                0x0000000000804095        0x2
 .bss.PE1_InterruptHandler
                0x0000000000804095        0x2 build/default/debug/mcc_generated_files/system/src/pins.o

.bss.PE2_InterruptHandler
                0x0000000000804097        0x2
 .bss.PE2_InterruptHandler
                0x0000000000804097        0x2 build/default/debug/mcc_generated_files/system/src/pins.o

.bss.PF3_InterruptHandler
                0x0000000000804099        0x2
 .bss.PF3_InterruptHandler
                0x0000000000804099        0x2 build/default/debug/mcc_generated_files/system/src/pins.o

.bss.timer1OverflowFlag
                0x00000000008040be        0x1
 .bss.timer1OverflowFlag
                0x00000000008040be        0x1 build/default/debug/mcc_generated_files/timer/src/tca1.o
                0x00000000008040be                timer1OverflowFlag

.bss.refreshCount
                0x0000000000804065        0x4
 .bss.refreshCount
                0x0000000000804065        0x4 build/default/debug/mcc_generated_files/timer/src/tca1.o
                0x0000000000804065                refreshCount

.bss.timer1OvfCnt
                0x000000000080409b        0x2
 .bss.timer1OvfCnt
                0x000000000080409b        0x2 build/default/debug/mcc_generated_files/timer/src/tca1.o
                0x000000000080409b                timer1OvfCnt

.bss.USART1_rxbuf
                0x0000000000804025       0x10
 .bss.USART1_rxbuf
                0x0000000000804025       0x10 build/default/debug/mcc_generated_files/uart/src/usart1.o

.bss.USART1_rx_head
                0x00000000008040bf        0x1
 .bss.USART1_rx_head
                0x00000000008040bf        0x1 build/default/debug/mcc_generated_files/uart/src/usart1.o

.bss.USART1_rx_tail
                0x00000000008040c0        0x1
 .bss.USART1_rx_tail
                0x00000000008040c0        0x1 build/default/debug/mcc_generated_files/uart/src/usart1.o

.bss.USART1_rx_elements
                0x00000000008040c1        0x1
 .bss.USART1_rx_elements
                0x00000000008040c1        0x1 build/default/debug/mcc_generated_files/uart/src/usart1.o

.bss.USART1_txbuf
                0x0000000000804035       0x10
 .bss.USART1_txbuf
                0x0000000000804035       0x10 build/default/debug/mcc_generated_files/uart/src/usart1.o

.bss.USART1_tx_head
                0x00000000008040c2        0x1
 .bss.USART1_tx_head
                0x00000000008040c2        0x1 build/default/debug/mcc_generated_files/uart/src/usart1.o

.bss.USART1_tx_tail
                0x00000000008040c3        0x1
 .bss.USART1_tx_tail
                0x00000000008040c3        0x1 build/default/debug/mcc_generated_files/uart/src/usart1.o

.bss.USART1_tx_elements
                0x00000000008040c4        0x1
 .bss.USART1_tx_elements
                0x00000000008040c4        0x1 build/default/debug/mcc_generated_files/uart/src/usart1.o

.bss.RxData     0x00000000008040b7        0x2
 .bss.RxData    0x00000000008040b7        0x2 build/default/debug/application.o
                0x00000000008040b7                RxData

.bss.ADC_Results_L
                0x000000000080405d        0x8
 .bss.ADC_Results_L
                0x000000000080405d        0x8 build/default/debug/application.o
                0x000000000080405d                ADC_Results_L

.bss.numberofSamples
                0x00000000008040b9        0x2
 .bss.numberofSamples
                0x00000000008040b9        0x2 build/default/debug/application.o
                0x00000000008040b9                numberofSamples

.bss.line_voltage
                0x0000000000804045        0xc
 .bss.line_voltage
                0x0000000000804045        0xc build/default/debug/application.o
                0x0000000000804045                line_voltage

.bss.Vrms       0x0000000000804051        0xc
 .bss.Vrms      0x0000000000804051        0xc build/default/debug/application.o
                0x0000000000804051                Vrms

.progmemx.data.dp_l
                0x0000000000000170        0x8
 .progmemx.data.dp_l
                0x0000000000000170        0x8 c:/program files/microchip/xc8/v2.36/avr/bin/../lib/gcc/avr/5.4.0/../../../../avr/lib/avrxmega4/memx-const\libm.a(powf.o)

.progmemx.data.dp_h
                0x0000000000000178        0x8
 .progmemx.data.dp_h
                0x0000000000000178        0x8 c:/program files/microchip/xc8/v2.36/avr/bin/../lib/gcc/avr/5.4.0/../../../../avr/lib/avrxmega4/memx-const\libm.a(powf.o)

.progmemx.data.bp
                0x0000000000000180        0x8
 .progmemx.data.bp
                0x0000000000000180        0x8 c:/program files/microchip/xc8/v2.36/avr/bin/../lib/gcc/avr/5.4.0/../../../../avr/lib/avrxmega4/memx-const\libm.a(powf.o)

.text.powf      0x0000000000000188      0xd1e
 .text.powf     0x0000000000000188      0xd1e c:/program files/microchip/xc8/v2.36/avr/bin/../lib/gcc/avr/5.4.0/../../../../avr/lib/avrxmega4/memx-const\libm.a(powf.o)
                0x0000000000000188                pow
                0x0000000000000188                powl
                0x0000000000000188                powf

.text.PIN_MANAGER_Initialize
                0x0000000000000ea6      0x3c4
 .text.PIN_MANAGER_Initialize
                0x0000000000000ea6      0x3c4 build/default/debug/mcc_generated_files/system/src/pins.o
                0x0000000000000ea6                PIN_MANAGER_Initialize

.text.sqrtf     0x000000000000126a      0x22a
 .text.sqrtf    0x000000000000126a      0x22a c:/program files/microchip/xc8/v2.36/avr/bin/../lib/gcc/avr/5.4.0/../../../../avr/lib/avrxmega4/memx-const\libm.a(sqrtf.o)
                0x000000000000126a                sqrtl
                0x000000000000126a                sqrtf
                0x000000000000126a                sqrt

.text.calculateVrms
                0x0000000000001494      0x200
 .text.calculateVrms
                0x0000000000001494      0x200 build/default/debug/application.o

.text.emulatorTaskProcess
                0x0000000000001694      0x158
 .text.emulatorTaskProcess
                0x0000000000001694      0x158 build/default/debug/application.o

.text.__vector_22
                0x00000000000017ec      0x13c
 .text.__vector_22
                0x00000000000017ec      0x13c build/default/debug/mcc_generated_files/system/src/pins.o
                0x00000000000017ec                __vector_22

.text.readSwToSelectFrequency
                0x0000000000001928      0x136
 .text.readSwToSelectFrequency
                0x0000000000001928      0x136 build/default/debug/application.o
                0x0000000000001928                readSwToSelectFrequency

.text.PORT_Initialize
                0x0000000000001a5e      0x130
 .text.PORT_Initialize
                0x0000000000001a5e      0x130 build/default/debug/mcc_generated_files/system/src/pins.o
                0x0000000000001a5e                PORT_Initialize

.text.read3PhaseSignal
                0x0000000000001b8e      0x128
 .text.read3PhaseSignal
                0x0000000000001b8e      0x128 build/default/debug/application.o

.text.main      0x0000000000001cb6      0x108
 .text.main     0x0000000000001cb6      0x108 build/default/debug/main.o
                0x0000000000001cb6                main

.text.createDataStreamProtocolAndSend
                0x0000000000001dbe       0xde
 .text.createDataStreamProtocolAndSend
                0x0000000000001dbe       0xde build/default/debug/dataVisualizer.o
                0x0000000000001dbe                createDataStreamProtocolAndSend

.text           0x0000000000001e9c       0xde
 .text          0x0000000000001e9c       0xde c:/program files/microchip/xc8/v2.36/avr/bin/../lib/gcc/avr/5.4.0/../../../../avr/lib/avrxmega4/memx-const\libm.a(divsf3x.o)
                0x0000000000001e9c                __divsf3x
                0x0000000000001ec4                __divsf3_pse

.text.__vector_6
                0x0000000000001f7a       0xdc
 .text.__vector_6
                0x0000000000001f7a       0xdc build/default/debug/mcc_generated_files/system/src/pins.o
                0x0000000000001f7a                __vector_6

.text           0x0000000000002056       0xd4
 .text          0x0000000000002056       0xd4 c:/program files/microchip/xc8/v2.36/avr/bin/../lib/gcc/avr/5.4.0/../../../../avr/lib/avrxmega4/memx-const\libm.a(mulsf3x.o)
                0x0000000000002056                __mulsf3x
                0x000000000000207c                __mulsf3_pse

.text           0x000000000000212a       0xce
 .text          0x000000000000212a       0xce c:/program files/microchip/xc8/v2.36/avr/bin/../lib/gcc/avr/5.4.0/../../../../avr/lib/avrxmega4/memx-const\libm.a(addsf3x.o)
                0x000000000000212a                __addsf3x

.text.__vector_45
                0x00000000000021f8       0xc4
 .text.__vector_45
                0x00000000000021f8       0xc4 build/default/debug/mcc_generated_files/system/src/pins.o
                0x00000000000021f8                __vector_45

.text.__vector_29
                0x00000000000022bc       0xbc
 .text.__vector_29
                0x00000000000022bc       0xbc build/default/debug/mcc_generated_files/system/src/pins.o
                0x00000000000022bc                __vector_29

.text.__vector_46
                0x0000000000002378       0xba
 .text.__vector_46
                0x0000000000002378       0xba build/default/debug/mcc_generated_files/timer/src/tca1.o
                0x0000000000002378                __vector_46

.text.application
                0x0000000000002432       0xb8
 .text.application
                0x0000000000002432       0xb8 build/default/debug/application.o
                0x0000000000002432                application

.text.TCA1_Initialize
                0x00000000000024ea       0xb2
 .text.TCA1_Initialize
                0x00000000000024ea       0xb2 build/default/debug/mcc_generated_files/timer/src/tca1.o
                0x00000000000024ea                TCA1_Initialize

.text.TCA0_Initialize
                0x000000000000259c       0xb2
 .text.TCA0_Initialize
                0x000000000000259c       0xb2 build/default/debug/mcc_generated_files/timer/src/tca0.o
                0x000000000000259c                TCA0_Initialize

.text.sineWaveGeneration
                0x000000000000264e       0xb2
 .text.sineWaveGeneration
                0x000000000000264e       0xb2 build/default/debug/application.o

.text.scalbnf   0x0000000000002700       0xb2
 .text.scalbnf  0x0000000000002700       0xb2 c:/program files/microchip/xc8/v2.36/avr/bin/../lib/gcc/avr/5.4.0/../../../../avr/lib/avrxmega4/memx-const\libm.a(scalbnf.o)
                0x0000000000002700                scalbnf

.text.__vector_44
                0x00000000000027b2       0xa4
 .text.__vector_44
                0x00000000000027b2       0xa4 build/default/debug/mcc_generated_files/system/src/pins.o
                0x00000000000027b2                __vector_44

.text.phaseReversalDetection
                0x0000000000002856       0x9e
 .text.phaseReversalDetection
                0x0000000000002856       0x9e build/default/debug/application.o

.text.phaseLossDetection
                0x00000000000028f4       0x92
 .text.phaseLossDetection
                0x00000000000028f4       0x92 build/default/debug/application.o

.text.AD9833SetFrequency
                0x0000000000002986       0x90
 .text.AD9833SetFrequency
                0x0000000000002986       0x90 build/default/debug/AD9833.o
                0x0000000000002986                AD9833SetFrequency

.text.USART1_Initialize
                0x0000000000002a16       0x86
 .text.USART1_Initialize
                0x0000000000002a16       0x86 build/default/debug/mcc_generated_files/uart/src/usart1.o
                0x0000000000002a16                USART1_Initialize

.text.ADC0_Initialize
                0x0000000000002a9c       0x84
 .text.ADC0_Initialize
                0x0000000000002a9c       0x84 build/default/debug/mcc_generated_files/adc/src/adc0.o
                0x0000000000002a9c                ADC0_Initialize

.text.__vector_34
                0x0000000000002b20       0x84
 .text.__vector_34
                0x0000000000002b20       0x84 build/default/debug/mcc_generated_files/system/src/pins.o
                0x0000000000002b20                __vector_34

.text.__vector_25
                0x0000000000002ba4       0x7c
 .text.__vector_25
                0x0000000000002ba4       0x7c build/default/debug/mcc_generated_files/adc/src/adc0.o
                0x0000000000002ba4                __vector_25

.text.__vector_48
                0x0000000000002c20       0x7c
 .text.__vector_48
                0x0000000000002c20       0x7c build/default/debug/mcc_generated_files/timer/src/tca1.o
                0x0000000000002c20                __vector_48

.text.__vector_49
                0x0000000000002c9c       0x7c
 .text.__vector_49
                0x0000000000002c9c       0x7c build/default/debug/mcc_generated_files/timer/src/tca1.o
                0x0000000000002c9c                __vector_49

.text.__vector_50
                0x0000000000002d18       0x7c
 .text.__vector_50
                0x0000000000002d18       0x7c build/default/debug/mcc_generated_files/timer/src/tca1.o
                0x0000000000002d18                __vector_50

.text.__vector_9
                0x0000000000002d94       0x7c
 .text.__vector_9
                0x0000000000002d94       0x7c build/default/debug/mcc_generated_files/timer/src/tca0.o
                0x0000000000002d94                __vector_9

.text.__vector_10
                0x0000000000002e10       0x7c
 .text.__vector_10
                0x0000000000002e10       0x7c build/default/debug/mcc_generated_files/timer/src/tca0.o
                0x0000000000002e10                __vector_10

.text.__vector_11
                0x0000000000002e8c       0x7c
 .text.__vector_11
                0x0000000000002e8c       0x7c build/default/debug/mcc_generated_files/timer/src/tca0.o
                0x0000000000002e8c                __vector_11

.text.__vector_7
                0x0000000000002f08       0x7c
 .text.__vector_7
                0x0000000000002f08       0x7c build/default/debug/mcc_generated_files/timer/src/tca0.o
                0x0000000000002f08                __vector_7

.text.defaultSignalGeneration
                0x0000000000002f84       0x7c
 .text.defaultSignalGeneration
                0x0000000000002f84       0x7c build/default/debug/application.o
                0x0000000000002f84                defaultSignalGeneration

.text.USART1_ErrorCheck
                0x0000000000003000       0x7a
 .text.USART1_ErrorCheck
                0x0000000000003000       0x7a build/default/debug/mcc_generated_files/uart/src/usart1.o
                0x0000000000003000                USART1_ErrorCheck

.text           0x000000000000307a       0x7a
 .text          0x000000000000307a       0x7a c:/program files/microchip/xc8/v2.36/avr/bin/../lib/gcc/avr/5.4.0/../../../../avr/lib/avrxmega4/memx-const\libm.a(floatsisf.o)
                0x000000000000307a                __floatunsisf
                0x000000000000307e                __floatsisf

.text.__vector_26
                0x00000000000030f4       0x78
 .text.__vector_26
                0x00000000000030f4       0x78 build/default/debug/mcc_generated_files/zcd/src/zcd0.o
                0x00000000000030f4                __vector_26

.text.waveformAproxFreqcalculation
                0x000000000000316c       0x76
 .text.waveformAproxFreqcalculation
                0x000000000000316c       0x76 build/default/debug/application.o

.text.FrequencySelectionCallBack
                0x00000000000031e2       0x76
 .text.FrequencySelectionCallBack
                0x00000000000031e2       0x76 build/default/debug/application.o
                0x00000000000031e2                FrequencySelectionCallBack

.text.SPI0_BufferWrite
                0x0000000000003258       0x72
 .text.SPI0_BufferWrite
                0x0000000000003258       0x72 build/default/debug/mcc_generated_files/spi/src/spi0.o
                0x0000000000003258                SPI0_BufferWrite

.text.__vector_31
                0x00000000000032ca       0x72
 .text.__vector_31
                0x00000000000032ca       0x72 build/default/debug/mcc_generated_files/uart/src/usart1.o
                0x00000000000032ca                __vector_31

.text.__vector_32
                0x000000000000333c       0x72
 .text.__vector_32
                0x000000000000333c       0x72 build/default/debug/mcc_generated_files/uart/src/usart1.o
                0x000000000000333c                __vector_32

.text.__vector_51
                0x00000000000033ae       0x72
 .text.__vector_51
                0x00000000000033ae       0x72 build/default/debug/mcc_generated_files/zcd/src/zcd1.o
                0x00000000000033ae                __vector_51

.text.sendString
                0x0000000000003420       0x6c
 .text.sendString
                0x0000000000003420       0x6c build/default/debug/dataVisualizer.o

.text.CLOCK_Initialize
                0x000000000000348c       0x6a
 .text.CLOCK_Initialize
                0x000000000000348c       0x6a build/default/debug/mcc_generated_files/system/src/clock.o
                0x000000000000348c                CLOCK_Initialize

.text.USART1_Write
                0x00000000000034f6       0x68
 .text.USART1_Write
                0x00000000000034f6       0x68 build/default/debug/mcc_generated_files/uart/src/usart1.o
                0x00000000000034f6                USART1_Write

.text.USART1_DefaultTxIsrCb
                0x000000000000355e       0x66
 .text.USART1_DefaultTxIsrCb
                0x000000000000355e       0x66 build/default/debug/mcc_generated_files/uart/src/usart1.o
                0x000000000000355e                USART1_DefaultTxIsrCb

.text           0x00000000000035c4       0x5e
 .text          0x00000000000035c4       0x5e c:/program files/microchip/xc8/v2.36/avr/bin/../lib/gcc/avr/5.4.0/../../../../avr/lib/avrxmega4/memx-const\libm.a(fixunssfsi.o)
                0x00000000000035c4                __fixunssfsi

.text.AD9833SetRegisterValue
                0x0000000000003622       0x5c
 .text.AD9833SetRegisterValue
                0x0000000000003622       0x5c build/default/debug/AD9833.o
                0x0000000000003622                AD9833SetRegisterValue

.text.USART1_DefaultRxIsrCb
                0x000000000000367e       0x58
 .text.USART1_DefaultRxIsrCb
                0x000000000000367e       0x58 build/default/debug/mcc_generated_files/uart/src/usart1.o
                0x000000000000367e                USART1_DefaultRxIsrCb

.text.__vector_33
                0x00000000000036d6       0x54
 .text.__vector_33
                0x00000000000036d6       0x54 build/default/debug/mcc_generated_files/uart/src/usart1.o
                0x00000000000036d6                __vector_33

.text.waveformAproxPhasecalculation
                0x000000000000372a       0x52
 .text.waveformAproxPhasecalculation
                0x000000000000372a       0x52 build/default/debug/application.o

.text.USART1_Read
                0x000000000000377c       0x4e
 .text.USART1_Read
                0x000000000000377c       0x4e build/default/debug/mcc_generated_files/uart/src/usart1.o
                0x000000000000377c                USART1_Read

.text.AD9833Setup
                0x00000000000037ca       0x4c
 .text.AD9833Setup
                0x00000000000037ca       0x4c build/default/debug/AD9833.o
                0x00000000000037ca                AD9833Setup

.text.AD9833_chipSelect
                0x0000000000003816       0x4a
 .text.AD9833_chipSelect
                0x0000000000003816       0x4a build/default/debug/Communication.o
                0x0000000000003816                AD9833_chipSelect

.text.AD5227_chipSelect
                0x0000000000003860       0x4a
 .text.AD5227_chipSelect
                0x0000000000003860       0x4a build/default/debug/Communication.o
                0x0000000000003860                AD5227_chipSelect

.text.__vector_24
                0x00000000000038aa       0x48
 .text.__vector_24
                0x00000000000038aa       0x48 build/default/debug/mcc_generated_files/adc/src/adc0.o
                0x00000000000038aa                __vector_24

.text           0x00000000000038f2       0x48
 .text          0x00000000000038f2       0x48 c:/program files/microchip/xc8/v2.36/avr/bin/../lib/gcc/avr/5.4.0/../../../../avr/lib/avrxmega4/memx-const\libm.a(fp_cmp.o)
                0x00000000000038f2                __fp_cmp

.text.ADC0_GetConversion
                0x000000000000393a       0x46
 .text.ADC0_GetConversion
                0x000000000000393a       0x46 build/default/debug/mcc_generated_files/adc/src/adc0.o
                0x000000000000393a                ADC0_GetConversion

.text.AD9833SetPhase
                0x0000000000003980       0x44
 .text.AD9833SetPhase
                0x0000000000003980       0x44 build/default/debug/AD9833.o
                0x0000000000003980                AD9833SetPhase

.text.threePhaseAmplitudeMax
                0x00000000000039c4       0x44
 .text.threePhaseAmplitudeMax
                0x00000000000039c4       0x44 build/default/debug/application.o
                0x00000000000039c4                threePhaseAmplitudeMax

.text           0x0000000000003a08       0x44
 .text          0x0000000000003a08       0x44 c:/program files/microchip/xc8/v2.36/avr/bin/../lib/gcc/avr/5.4.0/../../../../avr/lib/avrxmega4/memx-const\libm.a(fp_split3.o)
                0x0000000000003a08                __fp_split3
                0x0000000000003a18                __fp_splitA

.text.ADC0_StartConversion
                0x0000000000003a4c       0x3c
 .text.ADC0_StartConversion
                0x0000000000003a4c       0x3c build/default/debug/mcc_generated_files/adc/src/adc0.o
                0x0000000000003a4c                ADC0_StartConversion

.text.SYSTEM_Initialize
                0x0000000000003a88       0x3c
 .text.SYSTEM_Initialize
                0x0000000000003a88       0x3c build/default/debug/mcc_generated_files/system/src/system.o
                0x0000000000003a88                SYSTEM_Initialize

.text.SPI0_Initialize
                0x0000000000003ac4       0x38
 .text.SPI0_Initialize
                0x0000000000003ac4       0x38 build/default/debug/mcc_generated_files/spi/src/spi0.o
                0x0000000000003ac4                SPI0_Initialize

.text.AD5227DigipotInc
                0x0000000000003afc       0x38
 .text.AD5227DigipotInc
                0x0000000000003afc       0x38 build/default/debug/AD5227.o
                0x0000000000003afc                AD5227DigipotInc

.text.AD9833_FSN1_set_level
                0x0000000000003b34       0x32
 .text.AD9833_FSN1_set_level
                0x0000000000003b34       0x32 build/default/debug/Communication.o

.text.AD9833_FSN2_set_level
                0x0000000000003b66       0x32
 .text.AD9833_FSN2_set_level
                0x0000000000003b66       0x32 build/default/debug/Communication.o

.text.AD9833_FSN3_set_level
                0x0000000000003b98       0x32
 .text.AD9833_FSN3_set_level
                0x0000000000003b98       0x32 build/default/debug/Communication.o

.text.AD5227_CS1_set_level
                0x0000000000003bca       0x32
 .text.AD5227_CS1_set_level
                0x0000000000003bca       0x32 build/default/debug/Communication.o

.text.AD5227_CS2_set_level
                0x0000000000003bfc       0x32
 .text.AD5227_CS2_set_level
                0x0000000000003bfc       0x32 build/default/debug/Communication.o

.text.AD5227_CS3_set_level
                0x0000000000003c2e       0x32
 .text.AD5227_CS3_set_level
                0x0000000000003c2e       0x32 build/default/debug/Communication.o

.text.libgcc.prologue
                0x0000000000003c60       0x32
 .text.libgcc.prologue
                0x0000000000003c60       0x32 c:/program files/microchip/xc8/v2.36/avr/bin/../lib/gcc/avr/5.4.0/avrxmega4/memx-const\libgcc.a(_prologue.o)
                0x0000000000003c60                __prologue_saves__

.text.CPUINT_Initialize
                0x0000000000003c92       0x30
 .text.CPUINT_Initialize
                0x0000000000003c92       0x30 build/default/debug/mcc_generated_files/system/src/interrupt.o
                0x0000000000003c92                CPUINT_Initialize

.text.SPI_Write
                0x0000000000003cc2       0x30
 .text.SPI_Write
                0x0000000000003cc2       0x30 build/default/debug/Communication.o
                0x0000000000003cc2                SPI_Write

.text.libgcc.prologue
                0x0000000000003cf2       0x30
 .text.libgcc.prologue
                0x0000000000003cf2       0x30 c:/program files/microchip/xc8/v2.36/avr/bin/../lib/gcc/avr/5.4.0/avrxmega4/memx-const\libgcc.a(_epilogue.o)
                0x0000000000003cf2                __epilogue_restores__

.text.ccp_write_io
                0x0000000000003d22       0x2c
 .text.ccp_write_io
                0x0000000000003d22       0x2c build/default/debug/mcc_generated_files/system/src/interrupt.o

.text.ccp_write_io
                0x0000000000003d4e       0x2c
 .text.ccp_write_io
                0x0000000000003d4e       0x2c build/default/debug/mcc_generated_files/system/src/clock.o

.text.VREF_Initialize
                0x0000000000003d7a       0x2a
 .text.VREF_Initialize
                0x0000000000003d7a       0x2a build/default/debug/mcc_generated_files/vref/src/vref.o
                0x0000000000003d7a                VREF_Initialize

.text.ADC0_IsConversionDone
                0x0000000000003da4       0x28
 .text.ADC0_IsConversionDone
                0x0000000000003da4       0x28 build/default/debug/mcc_generated_files/adc/src/adc0.o
                0x0000000000003da4                ADC0_IsConversionDone

.text.TCA0_Write
                0x0000000000003dcc       0x28
 .text.TCA0_Write
                0x0000000000003dcc       0x28 build/default/debug/mcc_generated_files/timer/src/tca0.o
                0x0000000000003dcc                TCA0_Write

.text.PD4_SetInterruptHandler
                0x0000000000003df4       0x26
 .text.PD4_SetInterruptHandler
                0x0000000000003df4       0x26 build/default/debug/mcc_generated_files/system/src/pins.o
                0x0000000000003df4                PD4_SetInterruptHandler

.text.PD5_SetInterruptHandler
                0x0000000000003e1a       0x26
 .text.PD5_SetInterruptHandler
                0x0000000000003e1a       0x26 build/default/debug/mcc_generated_files/system/src/pins.o
                0x0000000000003e1a                PD5_SetInterruptHandler

.text.PD6_SetInterruptHandler
                0x0000000000003e40       0x26
 .text.PD6_SetInterruptHandler
                0x0000000000003e40       0x26 build/default/debug/mcc_generated_files/system/src/pins.o
                0x0000000000003e40                PD6_SetInterruptHandler

.text.PE3_SetInterruptHandler
                0x0000000000003e66       0x26
 .text.PE3_SetInterruptHandler
                0x0000000000003e66       0x26 build/default/debug/mcc_generated_files/system/src/pins.o
                0x0000000000003e66                PE3_SetInterruptHandler

.text.PD1_SetInterruptHandler
                0x0000000000003e8c       0x26
 .text.PD1_SetInterruptHandler
                0x0000000000003e8c       0x26 build/default/debug/mcc_generated_files/system/src/pins.o
                0x0000000000003e8c                PD1_SetInterruptHandler

.text.PA5_SetInterruptHandler
                0x0000000000003eb2       0x26
 .text.PA5_SetInterruptHandler
                0x0000000000003eb2       0x26 build/default/debug/mcc_generated_files/system/src/pins.o
                0x0000000000003eb2                PA5_SetInterruptHandler

.text.PA4_SetInterruptHandler
                0x0000000000003ed8       0x26
 .text.PA4_SetInterruptHandler
                0x0000000000003ed8       0x26 build/default/debug/mcc_generated_files/system/src/pins.o
                0x0000000000003ed8                PA4_SetInterruptHandler

.text.PA6_SetInterruptHandler
                0x0000000000003efe       0x26
 .text.PA6_SetInterruptHandler
                0x0000000000003efe       0x26 build/default/debug/mcc_generated_files/system/src/pins.o
                0x0000000000003efe                PA6_SetInterruptHandler

.text.PC1_SetInterruptHandler
                0x0000000000003f24       0x26
 .text.PC1_SetInterruptHandler
                0x0000000000003f24       0x26 build/default/debug/mcc_generated_files/system/src/pins.o
                0x0000000000003f24                PC1_SetInterruptHandler

.text.PC0_SetInterruptHandler
                0x0000000000003f4a       0x26
 .text.PC0_SetInterruptHandler
                0x0000000000003f4a       0x26 build/default/debug/mcc_generated_files/system/src/pins.o
                0x0000000000003f4a                PC0_SetInterruptHandler

.text.PC7_SetInterruptHandler
                0x0000000000003f70       0x26
 .text.PC7_SetInterruptHandler
                0x0000000000003f70       0x26 build/default/debug/mcc_generated_files/system/src/pins.o
                0x0000000000003f70                PC7_SetInterruptHandler

.text.PA7_SetInterruptHandler
                0x0000000000003f96       0x26
 .text.PA7_SetInterruptHandler
                0x0000000000003f96       0x26 build/default/debug/mcc_generated_files/system/src/pins.o
                0x0000000000003f96                PA7_SetInterruptHandler

.text.PB4_SetInterruptHandler
                0x0000000000003fbc       0x26
 .text.PB4_SetInterruptHandler
                0x0000000000003fbc       0x26 build/default/debug/mcc_generated_files/system/src/pins.o
                0x0000000000003fbc                PB4_SetInterruptHandler

.text.PB5_SetInterruptHandler
                0x0000000000003fe2       0x26
 .text.PB5_SetInterruptHandler
                0x0000000000003fe2       0x26 build/default/debug/mcc_generated_files/system/src/pins.o
                0x0000000000003fe2                PB5_SetInterruptHandler

.text.PD0_SetInterruptHandler
                0x0000000000004008       0x26
 .text.PD0_SetInterruptHandler
                0x0000000000004008       0x26 build/default/debug/mcc_generated_files/system/src/pins.o
                0x0000000000004008                PD0_SetInterruptHandler

.text.PD2_SetInterruptHandler
                0x000000000000402e       0x26
 .text.PD2_SetInterruptHandler
                0x000000000000402e       0x26 build/default/debug/mcc_generated_files/system/src/pins.o
                0x000000000000402e                PD2_SetInterruptHandler

.text.PD7_SetInterruptHandler
                0x0000000000004054       0x26
 .text.PD7_SetInterruptHandler
                0x0000000000004054       0x26 build/default/debug/mcc_generated_files/system/src/pins.o
                0x0000000000004054                PD7_SetInterruptHandler

.text.PE1_SetInterruptHandler
                0x000000000000407a       0x26
 .text.PE1_SetInterruptHandler
                0x000000000000407a       0x26 build/default/debug/mcc_generated_files/system/src/pins.o
                0x000000000000407a                PE1_SetInterruptHandler

.text.PE2_SetInterruptHandler
                0x00000000000040a0       0x26
 .text.PE2_SetInterruptHandler
                0x00000000000040a0       0x26 build/default/debug/mcc_generated_files/system/src/pins.o
                0x00000000000040a0                PE2_SetInterruptHandler

.text.PF3_SetInterruptHandler
                0x00000000000040c6       0x26
 .text.PF3_SetInterruptHandler
                0x00000000000040c6       0x26 build/default/debug/mcc_generated_files/system/src/pins.o
                0x00000000000040c6                PF3_SetInterruptHandler

.text.ZCD1_Initialize
                0x00000000000040ec       0x24
 .text.ZCD1_Initialize
                0x00000000000040ec       0x24 build/default/debug/mcc_generated_files/zcd/src/zcd1.o
                0x00000000000040ec                ZCD1_Initialize

.text.ZCD0_Initialize
                0x0000000000004110       0x24
 .text.ZCD0_Initialize
                0x0000000000004110       0x24 build/default/debug/mcc_generated_files/zcd/src/zcd0.o
                0x0000000000004110                ZCD0_Initialize

.text           0x0000000000004134       0x22
 .text          0x0000000000004134       0x22 c:/program files/microchip/xc8/v2.36/avr/bin/../lib/gcc/avr/5.4.0/../../../../avr/lib/avrxmega4/memx-const\libm.a(fp_round.o)
                0x0000000000004134                __fp_round

.text.AD9833Select
                0x0000000000004156       0x1c
 .text.AD9833Select
                0x0000000000004156       0x1c build/default/debug/application.o
                0x0000000000004156                AD9833Select

.text.AD5227Select
                0x0000000000004172       0x1c
 .text.AD5227Select
                0x0000000000004172       0x1c build/default/debug/application.o
                0x0000000000004172                AD5227Select

.text.USART1_IsTxReady
                0x000000000000418e       0x1a
 .text.USART1_IsTxReady
                0x000000000000418e       0x1a build/default/debug/mcc_generated_files/uart/src/usart1.o
                0x000000000000418e                USART1_IsTxReady

.text.USART1_IsRxReady
                0x00000000000041a8       0x1a
 .text.USART1_IsRxReady
                0x00000000000041a8       0x1a build/default/debug/mcc_generated_files/uart/src/usart1.o
                0x00000000000041a8                USART1_IsRxReady

.text.libgcc    0x00000000000041c2       0x1a
 .text.libgcc   0x00000000000041c2       0x1a c:/program files/microchip/xc8/v2.36/avr/bin/../lib/gcc/avr/5.4.0/avrxmega4/memx-const\libgcc.a(_xload_4.o)
                0x00000000000041c2                __xload_4

.text.ADC0_GetConversionResult
                0x00000000000041dc       0x18
 .text.ADC0_GetConversionResult
                0x00000000000041dc       0x18 build/default/debug/mcc_generated_files/adc/src/adc0.o
                0x00000000000041dc                ADC0_GetConversionResult

.text.AD9833Reset
                0x00000000000041f4       0x18
 .text.AD9833Reset
                0x00000000000041f4       0x18 build/default/debug/AD9833.o
                0x00000000000041f4                AD9833Reset

.text.AD9833ClearReset
                0x000000000000420c       0x18
 .text.AD9833ClearReset
                0x000000000000420c       0x18 build/default/debug/AD9833.o
                0x000000000000420c                AD9833ClearReset

.text.exit      0x0000000000004224       0x16
 .text.exit     0x0000000000004224       0x16 c:/program files/microchip/xc8/v2.36/avr/bin/../lib/gcc/avr/5.4.0/../../../../avr/lib/avrxmega4/memx-const\libc.a(exit.o)
                0x0000000000004224                exit

.text.PD4_DefaultInterruptHandler
                0x000000000000423a       0x10
 .text.PD4_DefaultInterruptHandler
                0x000000000000423a       0x10 build/default/debug/mcc_generated_files/system/src/pins.o
                0x000000000000423a                PD4_DefaultInterruptHandler

.text.PD5_DefaultInterruptHandler
                0x000000000000424a       0x10
 .text.PD5_DefaultInterruptHandler
                0x000000000000424a       0x10 build/default/debug/mcc_generated_files/system/src/pins.o
                0x000000000000424a                PD5_DefaultInterruptHandler

.text.PD6_DefaultInterruptHandler
                0x000000000000425a       0x10
 .text.PD6_DefaultInterruptHandler
                0x000000000000425a       0x10 build/default/debug/mcc_generated_files/system/src/pins.o
                0x000000000000425a                PD6_DefaultInterruptHandler

.text.PE3_DefaultInterruptHandler
                0x000000000000426a       0x10
 .text.PE3_DefaultInterruptHandler
                0x000000000000426a       0x10 build/default/debug/mcc_generated_files/system/src/pins.o
                0x000000000000426a                PE3_DefaultInterruptHandler

.text.PD1_DefaultInterruptHandler
                0x000000000000427a       0x10
 .text.PD1_DefaultInterruptHandler
                0x000000000000427a       0x10 build/default/debug/mcc_generated_files/system/src/pins.o
                0x000000000000427a                PD1_DefaultInterruptHandler

.text.PA5_DefaultInterruptHandler
                0x000000000000428a       0x10
 .text.PA5_DefaultInterruptHandler
                0x000000000000428a       0x10 build/default/debug/mcc_generated_files/system/src/pins.o
                0x000000000000428a                PA5_DefaultInterruptHandler

.text.PA4_DefaultInterruptHandler
                0x000000000000429a       0x10
 .text.PA4_DefaultInterruptHandler
                0x000000000000429a       0x10 build/default/debug/mcc_generated_files/system/src/pins.o
                0x000000000000429a                PA4_DefaultInterruptHandler

.text.PA6_DefaultInterruptHandler
                0x00000000000042aa       0x10
 .text.PA6_DefaultInterruptHandler
                0x00000000000042aa       0x10 build/default/debug/mcc_generated_files/system/src/pins.o
                0x00000000000042aa                PA6_DefaultInterruptHandler

.text.PC1_DefaultInterruptHandler
                0x00000000000042ba       0x10
 .text.PC1_DefaultInterruptHandler
                0x00000000000042ba       0x10 build/default/debug/mcc_generated_files/system/src/pins.o
                0x00000000000042ba                PC1_DefaultInterruptHandler

.text.PC0_DefaultInterruptHandler
                0x00000000000042ca       0x10
 .text.PC0_DefaultInterruptHandler
                0x00000000000042ca       0x10 build/default/debug/mcc_generated_files/system/src/pins.o
                0x00000000000042ca                PC0_DefaultInterruptHandler

.text.PC7_DefaultInterruptHandler
                0x00000000000042da       0x10
 .text.PC7_DefaultInterruptHandler
                0x00000000000042da       0x10 build/default/debug/mcc_generated_files/system/src/pins.o
                0x00000000000042da                PC7_DefaultInterruptHandler

.text.PA7_DefaultInterruptHandler
                0x00000000000042ea       0x10
 .text.PA7_DefaultInterruptHandler
                0x00000000000042ea       0x10 build/default/debug/mcc_generated_files/system/src/pins.o
                0x00000000000042ea                PA7_DefaultInterruptHandler

.text.PB4_DefaultInterruptHandler
                0x00000000000042fa       0x10
 .text.PB4_DefaultInterruptHandler
                0x00000000000042fa       0x10 build/default/debug/mcc_generated_files/system/src/pins.o
                0x00000000000042fa                PB4_DefaultInterruptHandler

.text.PB5_DefaultInterruptHandler
                0x000000000000430a       0x10
 .text.PB5_DefaultInterruptHandler
                0x000000000000430a       0x10 build/default/debug/mcc_generated_files/system/src/pins.o
                0x000000000000430a                PB5_DefaultInterruptHandler

.text.PD0_DefaultInterruptHandler
                0x000000000000431a       0x10
 .text.PD0_DefaultInterruptHandler
                0x000000000000431a       0x10 build/default/debug/mcc_generated_files/system/src/pins.o
                0x000000000000431a                PD0_DefaultInterruptHandler

.text.PD2_DefaultInterruptHandler
                0x000000000000432a       0x10
 .text.PD2_DefaultInterruptHandler
                0x000000000000432a       0x10 build/default/debug/mcc_generated_files/system/src/pins.o
                0x000000000000432a                PD2_DefaultInterruptHandler

.text.PD7_DefaultInterruptHandler
                0x000000000000433a       0x10
 .text.PD7_DefaultInterruptHandler
                0x000000000000433a       0x10 build/default/debug/mcc_generated_files/system/src/pins.o
                0x000000000000433a                PD7_DefaultInterruptHandler

.text.PE1_DefaultInterruptHandler
                0x000000000000434a       0x10
 .text.PE1_DefaultInterruptHandler
                0x000000000000434a       0x10 build/default/debug/mcc_generated_files/system/src/pins.o
                0x000000000000434a                PE1_DefaultInterruptHandler

.text.PE2_DefaultInterruptHandler
                0x000000000000435a       0x10
 .text.PE2_DefaultInterruptHandler
                0x000000000000435a       0x10 build/default/debug/mcc_generated_files/system/src/pins.o
                0x000000000000435a                PE2_DefaultInterruptHandler

.text.PF3_DefaultInterruptHandler
                0x000000000000436a       0x10
 .text.PF3_DefaultInterruptHandler
                0x000000000000436a       0x10 build/default/debug/mcc_generated_files/system/src/pins.o
                0x000000000000436a                PF3_DefaultInterruptHandler

.text.TCA1_DefaultCompare0CallbackRegister
                0x000000000000437a       0x10
 .text.TCA1_DefaultCompare0CallbackRegister
                0x000000000000437a       0x10 build/default/debug/mcc_generated_files/timer/src/tca1.o
                0x000000000000437a                TCA1_DefaultCompare0CallbackRegister

.text.TCA1_DefaultCompare1CallbackRegister
                0x000000000000438a       0x10
 .text.TCA1_DefaultCompare1CallbackRegister
                0x000000000000438a       0x10 build/default/debug/mcc_generated_files/timer/src/tca1.o
                0x000000000000438a                TCA1_DefaultCompare1CallbackRegister

.text.TCA1_DefaultCompare2CallbackRegister
                0x000000000000439a       0x10
 .text.TCA1_DefaultCompare2CallbackRegister
                0x000000000000439a       0x10 build/default/debug/mcc_generated_files/timer/src/tca1.o
                0x000000000000439a                TCA1_DefaultCompare2CallbackRegister

.text.TCA1_DefaultOverflowCallbackRegister
                0x00000000000043aa       0x10
 .text.TCA1_DefaultOverflowCallbackRegister
                0x00000000000043aa       0x10 build/default/debug/mcc_generated_files/timer/src/tca1.o
                0x00000000000043aa                TCA1_DefaultOverflowCallbackRegister

.text.TCA0_DefaultCompare0CallbackRegister
                0x00000000000043ba       0x10
 .text.TCA0_DefaultCompare0CallbackRegister
                0x00000000000043ba       0x10 build/default/debug/mcc_generated_files/timer/src/tca0.o
                0x00000000000043ba                TCA0_DefaultCompare0CallbackRegister

.text.TCA0_DefaultCompare1CallbackRegister
                0x00000000000043ca       0x10
 .text.TCA0_DefaultCompare1CallbackRegister
                0x00000000000043ca       0x10 build/default/debug/mcc_generated_files/timer/src/tca0.o
                0x00000000000043ca                TCA0_DefaultCompare1CallbackRegister

.text.TCA0_DefaultCompare2CallbackRegister
                0x00000000000043da       0x10
 .text.TCA0_DefaultCompare2CallbackRegister
                0x00000000000043da       0x10 build/default/debug/mcc_generated_files/timer/src/tca0.o
                0x00000000000043da                TCA0_DefaultCompare2CallbackRegister

.text.TCA0_DefaultOverflowCallbackRegister
                0x00000000000043ea       0x10
 .text.TCA0_DefaultOverflowCallbackRegister
                0x00000000000043ea       0x10 build/default/debug/mcc_generated_files/timer/src/tca0.o
                0x00000000000043ea                TCA0_DefaultOverflowCallbackRegister

.text.DefaultFramingErrorCallback
                0x00000000000043fa       0x10
 .text.DefaultFramingErrorCallback
                0x00000000000043fa       0x10 build/default/debug/mcc_generated_files/uart/src/usart1.o

.text.DefaultOverrunErrorCallback
                0x000000000000440a       0x10
 .text.DefaultOverrunErrorCallback
                0x000000000000440a       0x10 build/default/debug/mcc_generated_files/uart/src/usart1.o

.text.DefaultParityErrorCallback
                0x000000000000441a       0x10
 .text.DefaultParityErrorCallback
                0x000000000000441a       0x10 build/default/debug/mcc_generated_files/uart/src/usart1.o

.text           0x000000000000442a        0xe
 .text          0x000000000000442a        0xe c:/program files/microchip/xc8/v2.36/avr/bin/../lib/gcc/avr/5.4.0/../../../../avr/lib/avrxmega4/memx-const\libm.a(addsf3.o)
                0x000000000000442a                __subsf3
                0x000000000000442c                __addsf3

.text           0x0000000000004438        0xe
 .text          0x0000000000004438        0xe c:/program files/microchip/xc8/v2.36/avr/bin/../lib/gcc/avr/5.4.0/../../../../avr/lib/avrxmega4/memx-const\libm.a(fp_pscA.o)
                0x0000000000004438                __fp_pscA

.text           0x0000000000004446        0xe
 .text          0x0000000000004446        0xe c:/program files/microchip/xc8/v2.36/avr/bin/../lib/gcc/avr/5.4.0/../../../../avr/lib/avrxmega4/memx-const\libm.a(fp_pscB.o)
                0x0000000000004446                __fp_pscB

.text           0x0000000000004454        0xe
 .text          0x0000000000004454        0xe c:/program files/microchip/xc8/v2.36/avr/bin/../lib/gcc/avr/5.4.0/../../../../avr/lib/avrxmega4/memx-const\libm.a(fp_zero.o)
                0x0000000000004454                __fp_zero
                0x0000000000004456                __fp_szero

.text           0x0000000000004462        0xc
 .text          0x0000000000004462        0xc c:/program files/microchip/xc8/v2.36/avr/bin/../lib/gcc/avr/5.4.0/../../../../avr/lib/avrxmega4/memx-const\libm.a(fp_inf.o)
                0x0000000000004462                __fp_inf

.text.protected_write_io
                0x000000000000446e        0xa
 .text.protected_write_io
                0x000000000000446e        0xa build/default/debug/mcc_generated_files/system/src/protected_io.o
                0x000000000000446e                protected_write_io

.text           0x0000000000004478        0xa
 .text          0x0000000000004478        0xa c:/program files/microchip/xc8/v2.36/avr/bin/../lib/gcc/avr/5.4.0/../../../../avr/lib/avrxmega4/memx-const\libm.a(cmpsf2.o)
                0x0000000000004478                __nesf2
                0x0000000000004478                __eqsf2
                0x0000000000004478                __cmpsf2
                0x0000000000004478                __ltsf2
                0x0000000000004478                __lesf2

.text           0x0000000000004482        0xa
 .text          0x0000000000004482        0xa c:/program files/microchip/xc8/v2.36/avr/bin/../lib/gcc/avr/5.4.0/../../../../avr/lib/avrxmega4/memx-const\libm.a(gesf2.o)
                0x0000000000004482                __gesf2
                0x0000000000004482                __gtsf2

.text           0x000000000000448c        0x8
 .text          0x000000000000448c        0x8 c:/program files/microchip/xc8/v2.36/avr/bin/../lib/gcc/avr/5.4.0/../../../../avr/lib/avrxmega4/memx-const\libm.a(divsf3.o)
                0x000000000000448c                __divsf3

.text           0x0000000000004494        0x8
 .text          0x0000000000004494        0x8 c:/program files/microchip/xc8/v2.36/avr/bin/../lib/gcc/avr/5.4.0/../../../../avr/lib/avrxmega4/memx-const\libm.a(mulsf3.o)
                0x0000000000004494                __mulsf3

.text           0x000000000000449c        0x6
 .text          0x000000000000449c        0x6 c:/program files/microchip/xc8/v2.36/avr/bin/../lib/gcc/avr/5.4.0/../../../../avr/lib/avrxmega4/memx-const\libm.a(fp_nan.o)
                0x000000000000449c                __fp_nan

.text           0x00000000000044a2        0x4
 .text          0x00000000000044a2        0x4 C:/Program Files/Microchip/xc8/v2.36/dfp/xc8/avr/lib/avrxmega4/memx-const/crtavr128da48.o
                0x00000000000044a2                __vector_38
                0x00000000000044a2                __vector_28
                0x00000000000044a2                __vector_1
                0x00000000000044a2                __vector_12
                0x00000000000044a2                __vector_55
                0x00000000000044a2                __bad_interrupt
                0x00000000000044a2                __vector_35
                0x00000000000044a2                __vector_39
                0x00000000000044a2                __vector_3
                0x00000000000044a2                __vector_23
                0x00000000000044a2                __vector_30
                0x00000000000044a2                __vector_54
                0x00000000000044a2                __vector_13
                0x00000000000044a2                __vector_17
                0x00000000000044a2                __vector_19
                0x00000000000044a2                __vector_56
                0x00000000000044a2                __vector_41
                0x00000000000044a2                __vector_43
                0x00000000000044a2                __vector_27
                0x00000000000044a2                __vector_5
                0x00000000000044a2                __vector_47
                0x00000000000044a2                __vector_52
                0x00000000000044a2                __vector_37
                0x00000000000044a2                __vector_4
                0x00000000000044a2                __vector_2
                0x00000000000044a2                __vector_21
                0x00000000000044a2                __vector_15
                0x00000000000044a2                __vector_36
                0x00000000000044a2                __vector_40
                0x00000000000044a2                __vector_8
                0x00000000000044a2                __vector_14
                0x00000000000044a2                __vector_57
                0x00000000000044a2                __vector_53
                0x00000000000044a2                __vector_16
                0x00000000000044a2                __vector_18
                0x00000000000044a2                __vector_20
                0x00000000000044a2                __vector_42

.text.fabsf     0x00000000000044a6        0x4
 .text.fabsf    0x00000000000044a6        0x4 c:/program files/microchip/xc8/v2.36/avr/bin/../lib/gcc/avr/5.4.0/../../../../avr/lib/avrxmega4/memx-const\libm.a(fabsf.o)
                0x00000000000044a6                fabsf

.text._Exit     0x00000000000044aa        0x4
 .text._Exit    0x00000000000044aa        0x4 c:/program files/microchip/xc8/v2.36/avr/bin/../lib/gcc/avr/5.4.0/../../../../avr/lib/avrxmega4/memx-const\libc.a(_Exit.o)
                0x00000000000044aa                _Exit

.text.__dummy_fini
                0x00000000000044ae        0x2
 .text.__dummy_fini
                0x00000000000044ae        0x2 c:/program files/microchip/xc8/v2.36/avr/bin/../lib/gcc/avr/5.4.0/../../../../avr/lib/avrxmega4/memx-const\libc.a(exit.o)
                0x00000000000044ae                _fini

.text.__dummy_funcs_on_exit
                0x00000000000044b0        0x2
 .text.__dummy_funcs_on_exit
                0x00000000000044b0        0x2 c:/program files/microchip/xc8/v2.36/avr/bin/../lib/gcc/avr/5.4.0/../../../../avr/lib/avrxmega4/memx-const\libc.a(exit.o)
                0x00000000000044b0                __funcs_on_exit

.text.__dummy_simulator_exit
                0x00000000000044b2        0x2
 .text.__dummy_simulator_exit
                0x00000000000044b2        0x2 c:/program files/microchip/xc8/v2.36/avr/bin/../lib/gcc/avr/5.4.0/../../../../avr/lib/avrxmega4/memx-const\libc.a(exit.o)
                0x00000000000044b2                __simulator_exit

.data.Lines     0x0000000000804069        0x4 load address 0x00000000000044b4
 .data.Lines    0x0000000000804069        0x4 build/default/debug/application.o
                0x0000000000804069                Lines

.data.freqency  0x000000000080406d        0x4 load address 0x00000000000044b8
 .data.freqency
                0x000000000080406d        0x4 build/default/debug/application.o
                0x000000000080406d                freqency

.data.TCA1_CMP0_isr_cb
                0x000000000080409d        0x2 load address 0x00000000000044bc
 .data.TCA1_CMP0_isr_cb
                0x000000000080409d        0x2 build/default/debug/mcc_generated_files/timer/src/tca1.o
                0x000000000080409d                TCA1_CMP0_isr_cb

.data.TCA1_CMP1_isr_cb
                0x000000000080409f        0x2 load address 0x00000000000044be
 .data.TCA1_CMP1_isr_cb
                0x000000000080409f        0x2 build/default/debug/mcc_generated_files/timer/src/tca1.o
                0x000000000080409f                TCA1_CMP1_isr_cb

.data.TCA1_CMP2_isr_cb
                0x00000000008040a1        0x2 load address 0x00000000000044c0
 .data.TCA1_CMP2_isr_cb
                0x00000000008040a1        0x2 build/default/debug/mcc_generated_files/timer/src/tca1.o
                0x00000000008040a1                TCA1_CMP2_isr_cb

.data.TCA1_OVF_isr_cb
                0x00000000008040a3        0x2 load address 0x00000000000044c2
 .data.TCA1_OVF_isr_cb
                0x00000000008040a3        0x2 build/default/debug/mcc_generated_files/timer/src/tca1.o
                0x00000000008040a3                TCA1_OVF_isr_cb

.data.TCA0_CMP0_isr_cb
                0x00000000008040a5        0x2 load address 0x00000000000044c4
 .data.TCA0_CMP0_isr_cb
                0x00000000008040a5        0x2 build/default/debug/mcc_generated_files/timer/src/tca0.o
                0x00000000008040a5                TCA0_CMP0_isr_cb

.data.TCA0_CMP1_isr_cb
                0x00000000008040a7        0x2 load address 0x00000000000044c6