Archive member included to satisfy reference by file (symbol)

c:/program files/microchip/xc8/v2.20/avr/bin/../lib/gcc/avr/5.4.0/../../../../avr/lib/avrxmega4/memx-const\libm.a(addsf3.o)
                              build/default/production/application.o (__addsf3)
c:/program files/microchip/xc8/v2.20/avr/bin/../lib/gcc/avr/5.4.0/../../../../avr/lib/avrxmega4/memx-const\libm.a(addsf3x.o)
                              c:/program files/microchip/xc8/v2.20/avr/bin/../lib/gcc/avr/5.4.0/../../../../avr/lib/avrxmega4/memx-const\libm.a(addsf3.o) (__addsf3x)
c:/program files/microchip/xc8/v2.20/avr/bin/../lib/gcc/avr/5.4.0/../../../../avr/lib/avrxmega4/memx-const\libm.a(cmpsf2.o)
                              build/default/production/main.o (__ltsf2)
c:/program files/microchip/xc8/v2.20/avr/bin/../lib/gcc/avr/5.4.0/../../../../avr/lib/avrxmega4/memx-const\libm.a(divsf3.o)
                              build/default/production/application.o (__divsf3)
c:/program files/microchip/xc8/v2.20/avr/bin/../lib/gcc/avr/5.4.0/../../../../avr/lib/avrxmega4/memx-const\libm.a(divsf3x.o)
                              c:/program files/microchip/xc8/v2.20/avr/bin/../lib/gcc/avr/5.4.0/../../../../avr/lib/avrxmega4/memx-const\libm.a(divsf3.o) (__divsf3x)
c:/program files/microchip/xc8/v2.20/avr/bin/../lib/gcc/avr/5.4.0/../../../../avr/lib/avrxmega4/memx-const\libm.a(fixunssfsi.o)
                              build/default/production/main.o (__fixunssfsi)
c:/program files/microchip/xc8/v2.20/avr/bin/../lib/gcc/avr/5.4.0/../../../../avr/lib/avrxmega4/memx-const\libm.a(floatsisf.o)
                              build/default/production/application.o (__floatunsisf)
c:/program files/microchip/xc8/v2.20/avr/bin/../lib/gcc/avr/5.4.0/../../../../avr/lib/avrxmega4/memx-const\libm.a(fp_cmp.o)
                              c:/program files/microchip/xc8/v2.20/avr/bin/../lib/gcc/avr/5.4.0/../../../../avr/lib/avrxmega4/memx-const\libm.a(cmpsf2.o) (__fp_cmp)
c:/program files/microchip/xc8/v2.20/avr/bin/../lib/gcc/avr/5.4.0/../../../../avr/lib/avrxmega4/memx-const\libm.a(fp_inf.o)
                              c:/program files/microchip/xc8/v2.20/avr/bin/../lib/gcc/avr/5.4.0/../../../../avr/lib/avrxmega4/memx-const\libm.a(addsf3x.o) (__fp_inf)
c:/program files/microchip/xc8/v2.20/avr/bin/../lib/gcc/avr/5.4.0/../../../../avr/lib/avrxmega4/memx-const\libm.a(fp_nan.o)
                              c:/program files/microchip/xc8/v2.20/avr/bin/../lib/gcc/avr/5.4.0/../../../../avr/lib/avrxmega4/memx-const\libm.a(addsf3x.o) (__fp_nan)
c:/program files/microchip/xc8/v2.20/avr/bin/../lib/gcc/avr/5.4.0/../../../../avr/lib/avrxmega4/memx-const\libm.a(fp_pscA.o)
                              c:/program files/microchip/xc8/v2.20/avr/bin/../lib/gcc/avr/5.4.0/../../../../avr/lib/avrxmega4/memx-const\libm.a(addsf3x.o) (__fp_pscA)
c:/program files/microchip/xc8/v2.20/avr/bin/../lib/gcc/avr/5.4.0/../../../../avr/lib/avrxmega4/memx-const\libm.a(fp_pscB.o)
                              c:/program files/microchip/xc8/v2.20/avr/bin/../lib/gcc/avr/5.4.0/../../../../avr/lib/avrxmega4/memx-const\libm.a(addsf3x.o) (__fp_pscB)
c:/program files/microchip/xc8/v2.20/avr/bin/../lib/gcc/avr/5.4.0/../../../../avr/lib/avrxmega4/memx-const\libm.a(fp_round.o)
                              c:/program files/microchip/xc8/v2.20/avr/bin/../lib/gcc/avr/5.4.0/../../../../avr/lib/avrxmega4/memx-const\libm.a(addsf3.o) (__fp_round)
c:/program files/microchip/xc8/v2.20/avr/bin/../lib/gcc/avr/5.4.0/../../../../avr/lib/avrxmega4/memx-const\libm.a(fp_split3.o)
                              c:/program files/microchip/xc8/v2.20/avr/bin/../lib/gcc/avr/5.4.0/../../../../avr/lib/avrxmega4/memx-const\libm.a(addsf3x.o) (__fp_split3)
c:/program files/microchip/xc8/v2.20/avr/bin/../lib/gcc/avr/5.4.0/../../../../avr/lib/avrxmega4/memx-const\libm.a(fp_zero.o)
                              c:/program files/microchip/xc8/v2.20/avr/bin/../lib/gcc/avr/5.4.0/../../../../avr/lib/avrxmega4/memx-const\libm.a(addsf3x.o) (__fp_zero)
c:/program files/microchip/xc8/v2.20/avr/bin/../lib/gcc/avr/5.4.0/../../../../avr/lib/avrxmega4/memx-const\libm.a(gesf2.o)
                              build/default/production/main.o (__gtsf2)
c:/program files/microchip/xc8/v2.20/avr/bin/../lib/gcc/avr/5.4.0/../../../../avr/lib/avrxmega4/memx-const\libm.a(mulsf3.o)
                              build/default/production/main.o (__mulsf3)
c:/program files/microchip/xc8/v2.20/avr/bin/../lib/gcc/avr/5.4.0/../../../../avr/lib/avrxmega4/memx-const\libm.a(mulsf3x.o)
                              c:/program files/microchip/xc8/v2.20/avr/bin/../lib/gcc/avr/5.4.0/../../../../avr/lib/avrxmega4/memx-const\libm.a(mulsf3.o) (__mulsf3x)
c:/program files/microchip/xc8/v2.20/avr/bin/../lib/gcc/avr/5.4.0/../../../../avr/lib/avrxmega4/memx-const\libm.a(pow.o)
                              build/default/production/application.o (pow)
[...]
Memory Configuration

Name             Origin             Length             Attributes
text             0x0000000000000000 0x0000000000020000 xr
data             0x0000000000804000 0x0000000000004000 rw !x
eeprom           0x0000000000810000 0x0000000000000200 rw !x
fuse             0x0000000000820000 0x0000000000000010 rw !x
lock             0x0000000000830000 0x0000000000000400 rw !x
signature        0x0000000000840000 0x0000000000000400 rw !x
user_signatures  0x0000000000850000 0x0000000000000400 rw !x
*default*        0x0000000000000000 0xffffffffffffffff

Linker script and memory map

Address of section .data set to 0x804000
                0x0000000000008000                __RODATA_PM_OFFSET__ = 0x8000
LOAD C:/Users/I20946/.mchp_packs/Microchip/AVR-Dx_DFP/1.3.65/xc8/avr/lib/avrxmega4/memx-const/crtavr128da48.o
                0x0000000000000001                __MPLAB_BUILD = 0x1
LOAD build/default/production/mcc_generated_files/src/pin_manager.o
LOAD build/default/production/mcc_generated_files/src/cpuint.o
LOAD build/default/production/mcc_generated_files/src/protected_io.o
LOAD build/default/production/mcc_generated_files/src/usart1.o
LOAD build/default/production/mcc_generated_files/src/zcd1.o
LOAD build/default/production/mcc_generated_files/src/spi0.o
LOAD build/default/production/mcc_generated_files/src/zcd0.o
LOAD build/default/production/mcc_generated_files/src/adc0.o
LOAD build/default/production/mcc_generated_files/src/vref.o
LOAD build/default/production/mcc_generated_files/src/tca1.o
LOAD build/default/production/mcc_generated_files/src/tca0.o
LOAD build/default/production/mcc_generated_files/mcc.o
LOAD build/default/production/mcc_generated_files/device_config.o
LOAD build/default/production/main.o
LOAD build/default/production/AD5227.o
LOAD build/default/production/AD9833.o
LOAD build/default/production/Communication.o
LOAD build/default/production/application.o
LOAD build/default/production/dataVisualizer.o
START GROUP
LOAD c:/program files/microchip/xc8/v2.20/avr/bin/../lib/gcc/avr/5.4.0/../../../../avr/lib/avrxmega4/memx-const\libm.a
END GROUP
START GROUP
LOAD c:/program files/microchip/xc8/v2.20/avr/bin/../lib/gcc/avr/5.4.0/avrxmega4/memx-const\libgcc.a
LOAD c:/program files/microchip/xc8/v2.20/avr/bin/../lib/gcc/avr/5.4.0/../../../../avr/lib/avrxmega4/memx-const\libm.a
LOAD c:/program files/microchip/xc8/v2.20/avr/bin/../lib/gcc/avr/5.4.0/../../../../avr/lib/avrxmega4/memx-const\libc.a
LOAD C:/Users/I20946/.mchp_packs/Microchip/AVR-Dx_DFP/1.3.65/xc8/avr/lib/avrxmega4/memx-const\libavr128da48.a
END GROUP
                [0x0000000000000000]                __TEXT_REGION_ORIGIN__ = DEFINED (__TEXT_REGION_ORIGIN__)?__TEXT_REGION_ORIGIN__:0x0
                [0x0000000000804000]                __DATA_REGION_ORIGIN__ = DEFINED (__DATA_REGION_ORIGIN__)?__DATA_REGION_ORIGIN__:0x802000
                [0x0000000000020000]                __TEXT_REGION_LENGTH__ = DEFINED (__TEXT_REGION_LENGTH__)?__TEXT_REGION_LENGTH__:0x100000
                [0x0000000000004000]                __DATA_REGION_LENGTH__ = DEFINED (__DATA_REGION_LENGTH__)?__DATA_REGION_LENGTH__:0xffa0
                [0x0000000000000200]                __EEPROM_REGION_LENGTH__ = DEFINED (__EEPROM_REGION_LENGTH__)?__EEPROM_REGION_LENGTH__:0x10000
                [0x0000000000000010]                __FUSE_REGION_LENGTH__ = DEFINED (__FUSE_REGION_LENGTH__)?__FUSE_REGION_LENGTH__:0x400
                0x0000000000000400                __LOCK_REGION_LENGTH__ = DEFINED (__LOCK_REGION_LENGTH__)?__LOCK_REGION_LENGTH__:0x400
                0x0000000000000400                __SIGNATURE_REGION_LENGTH__ = DEFINED (__SIGNATURE_REGION_LENGTH__)?__SIGNATURE_REGION_LENGTH__:0x400
                0x0000000000000400                __USER_SIGNATURE_REGION_LENGTH__ = DEFINED (__USER_SIGNATURE_REGION_LENGTH__)?__USER_SIGNATURE_REGION_LENGTH__:0x400

.hash
 *(.hash)

.dynsym
 *(.dynsym)

.dynstr
 *(.dynstr)

.gnu.version
 *(.gnu.version)

.gnu.version_d
 *(.gnu.version_d)

.gnu.version_r
 *(.gnu.version_r)

.rel.init
 *(.rel.init)

.rela.init
 *(.rela.init)

.rel.text
 *(.rel.text)
 *(.rel.text.*)
 *(.rel.gnu.linkonce.t*)

.rela.text
 *(.rela.text)
 *(.rela.text.*)
 *(.rela.gnu.linkonce.t*)

.rel.fini
 *(.rel.fini)

.rela.fini
 *(.rela.fini)

.rel.rodata
 *(.rel.rodata)
 *(.rel.rodata.*)
 *(.rel.gnu.linkonce.r*)

.rela.rodata
 *(.rela.rodata)
 *(.rela.rodata.*)
 *(.rela.gnu.linkonce.r*)

.rel.data
 *(.rel.data)
 *(.rel.data.*)
 *(.rel.gnu.linkonce.d*)

.rela.data
 *(.rela.data)
 *(.rela.data.*)
 *(.rela.gnu.linkonce.d*)

.rel.ctors
 *(.rel.ctors)

.rela.ctors
 *(.rela.ctors)

.rel.dtors
 *(.rel.dtors)

.rela.dtors
 *(.rela.dtors)

.rel.got
 *(.rel.got)

.rela.got
 *(.rela.got)

.rel.bss
 *(.rel.bss)

.rela.bss
 *(.rela.bss)

.rel.plt
 *(.rel.plt)

.rela.plt
 *(.rela.plt)

.text           0x0000000000000000      0x20a
 *(.vectors)
 .vectors       0x0000000000000000       0xe8 C:/Users/I20946/.mchp_packs/Microchip/AVR-Dx_DFP/1.3.65/xc8/avr/lib/avrxmega4/memx-const/crtavr128da48.o
                0x0000000000000000                __vector_default
                0x0000000000000000                __vectors
 *(.vectors)
 *(.progmem.gcc*)
 .progmem.gcc_fplib
                0x00000000000000e8       0x28 c:/program files/microchip/xc8/v2.20/avr/bin/../lib/gcc/avr/5.4.0/../../../../avr/lib/avrxmega4/memx-const\libm.a(exp.o)
 .progmem.gcc_fplib
                0x0000000000000110       0x5a c:/program files/microchip/xc8/v2.20/avr/bin/../lib/gcc/avr/5.4.0/../../../../avr/lib/avrxmega4/memx-const\libm.a(log.o)
 *(.dinit)
 .dinit         0x000000000000016a       0x48 data_init
                0x00000000000001b2                . = ALIGN (0x2)
                0x00000000000001b2                __trampolines_start = .
 *(.trampolines)
 .trampolines   0x00000000000001b2        0x0 linker stubs
 *(.trampolines*)
                0x00000000000001b2                __trampolines_end = .
 *libprintf_flt.a:*(.progmem.data)
 *libc.a:*(.progmem.data)
                0x00000000000001b2                . = ALIGN (0x2)
 *(.jumptables)
 *(.jumptables*)
 *(.lowtext)
 *(.lowtext*)
                0x00000000000001b2                __ctors_start = .
 *(.ctors)
                0x00000000000001b2                __ctors_end = .
                0x00000000000001b2                __dtors_start = .
 *(.dtors)
                0x00000000000001b2                __dtors_end = .
 SORT(*)(.ctors)
 SORT(*)(.dtors)
 *(.init0)
 .init0         0x00000000000001b2        0x0 C:/Users/I20946/.mchp_packs/Microchip/AVR-Dx_DFP/1.3.65/xc8/avr/lib/avrxmega4/memx-const/crtavr128da48.o
                0x00000000000001b2                __init
 *(.init0)
 *(.init1)
 *(.init1)
 *(.init2)
 .init2         0x00000000000001b2        0xc C:/Users/I20946/.mchp_packs/Microchip/AVR-Dx_DFP/1.3.65/xc8/avr/lib/avrxmega4/memx-const/crtavr128da48.o
 *(.init2)
 *(.init3)
 *(.init3)
 *(.init4)
 .init4         0x00000000000001be       0x40 c:/program files/microchip/xc8/v2.20/avr/bin/../lib/gcc/avr/5.4.0/avrxmega4/memx-const\libgcc.a(_copy_data.o)
                0x00000000000001be                __do_copy_data
                0x00000000000001f0                __do_clear_bss
 *(.init4)
 *(.init5)
 *(.init5)
 *(.init6)
 *(.init6)
 *(.init7)
 *(.init7)
 *(.init8)
 *(.init8)
 *(.init9)
 .init9         0x00000000000001fe        0x8 C:/Users/I20946/.mchp_packs/Microchip/AVR-Dx_DFP/1.3.65/xc8/avr/lib/avrxmega4/memx-const/crtavr128da48.o
 *(.init9)
                0x0000000000000206                . = ALIGN (0x2)
 *(.fini9)
 .fini9         0x0000000000000206        0x0 c:/program files/microchip/xc8/v2.20/avr/bin/../lib/gcc/avr/5.4.0/avrxmega4/memx-const\libgcc.a(_exit.o)
                0x0000000000000206                _exit
                0x0000000000000206                exit
 *(.fini9)
 *(.fini8)
 *(.fini8)
 *(.fini7)
 *(.fini7)
 *(.fini6)
 *(.fini6)
 *(.fini5)
 *(.fini5)
 *(.fini4)
 *(.fini4)
 *(.fini3)
 *(.fini3)
 *(.fini2)
 *(.fini2)
 *(.fini1)
 *(.fini1)
 *(.fini0)
 .fini0         0x0000000000000206        0x4 c:/program files/microchip/xc8/v2.20/avr/bin/../lib/gcc/avr/5.4.0/avrxmega4/memx-const\libgcc.a(_exit.o)
 *(.fini0)
                0x000000000000020a                _etext = .

.data           0x0000000000804000        0x0 load address 0x000000000000020a
                [!provide]                        PROVIDE (__data_start, .)
 *(.gnu.linkonce.d*)
 *(.gnu.linkonce.r*)
                0x0000000000804000                . = ALIGN (0x2)
                0x0000000000804000                _edata = .
                [!provide]                        PROVIDE (__data_end, .)

.bss            0x0000000000804000       0x29
                [!provide]                        PROVIDE (__bss_start, .)
 *(COMMON)
 COMMON         0x0000000000804000        0x6 build/default/production/mcc_generated_files/src/zcd0.o
                0x0000000000804000                ZCD_Int_flag
                0x0000000000804003                PhaseLossFlag
 COMMON         0x0000000000804006        0x4 build/default/production/application.o
                0x0000000000804006                timerCounterValue
                0x0000000000804008                wfclkSel_st
 COMMON         0x000000000080400a       0x19 build/default/production/dataVisualizer.o
                0x000000000080400a                dataStremerFrame_u
 COMMON         0x0000000000804023        0x6 c:/program files/microchip/xc8/v2.20/avr/bin/../lib/gcc/avr/5.4.0/../../../../avr/lib/avrxmega4/memx-const\libc.a(iob.o)
                0x0000000000804023                __iob
                [!provide]                        PROVIDE (__bss_end, .)
                0x000000000000020a                __data_load_start = LOADADDR (.data)
                0x000000000000020a                __data_load_end = (__data_load_start + SIZEOF (.data))

.noinit         0x0000000000804029        0x0
                [!provide]                        PROVIDE (__noinit_start, .)
 *(.noinit*)
                [!provide]                        PROVIDE (__noinit_end, .)
                0x0000000000804029                _end = .

.eeprom         0x0000000000810000        0x0
 *(.eeprom*)
                0x0000000000810000                __eeprom_end = .

.fuse           0x0000000000820000        0x9
 *(.fuse)
 .fuse          0x0000000000820000        0x9 build/default/production/mcc_generated_files/device_config.o
                0x0000000000820000                __fuse
 *(.lfuse)
 *(.hfuse)
 *(.efuse)

.lock
 *(.lock*)

.signature
 *(.signature*)

.user_signatures
 *(.user_signatures*)

.stab
 *(.stab)

.stabstr
 *(.stabstr)

.stab.excl
 *(.stab.excl)

.stab.exclstr
 *(.stab.exclstr)

.stab.index
 *(.stab.index)

.stab.indexstr
 *(.stab.indexstr)

.comment        0x0000000000000000       0x5b
 *(.comment)
 .comment       0x0000000000000000       0x2f build/default/production/mcc_generated_files/src/pin_manager.o
                                         0x30 (size before relaxing)
 .comment       0x000000000000002f       0x30 build/default/production/mcc_generated_files/src/cpuint.o
 .comment       0x000000000000002f       0x30 build/default/production/mcc_generated_files/src/usart1.o
 .comment       0x000000000000002f       0x30 build/default/production/mcc_generated_files/src/zcd1.o
 .comment       0x000000000000002f       0x30 build/default/production/mcc_generated_files/src/spi0.o
 .comment       0x000000000000002f       0x30 build/default/production/mcc_generated_files/src/zcd0.o
 .comment       0x000000000000002f       0x30 build/default/production/mcc_generated_files/src/adc0.o
 .comment       0x000000000000002f       0x30 build/default/production/mcc_generated_files/src/vref.o
 .comment       0x000000000000002f       0x30 build/default/production/mcc_generated_files/src/tca1.o
 .comment       0x000000000000002f       0x30 build/default/production/mcc_generated_files/src/tca0.o
 .comment       0x000000000000002f       0x30 build/default/production/mcc_generated_files/mcc.o
 .comment       0x000000000000002f       0x30 build/default/production/mcc_generated_files/device_config.o
 .comment       0x000000000000002f       0x30 build/default/production/main.o
 .comment       0x000000000000002f       0x30 build/default/production/AD5227.o
 .comment       0x000000000000002f       0x30 build/default/production/AD9833.o
 .comment       0x000000000000002f       0x30 build/default/production/Communication.o
 .comment       0x000000000000002f       0x30 build/default/production/application.o
 .comment       0x000000000000002f       0x30 build/default/production/dataVisualizer.o
 .comment       0x000000000000002f       0x2c c:/program files/microchip/xc8/v2.20/avr/bin/../lib/gcc/avr/5.4.0/../../../../avr/lib/avrxmega4/memx-const\libc.a(iob.o)
                                         0x2d (size before relaxing)

.note.gnu.build-id
 *(.note.gnu.build-id)

.debug
 *(.debug)

.line
 *(.line)

.debug_srcinfo
 *(.debug_srcinfo)

.debug_sfnames
 *(.debug_sfnames)

.debug_aranges  0x0000000000000000      0x848
 *(.debug_aranges)
 .debug_aranges
                0x0000000000000000      0x1d8 build/default/production/mcc_generated_files/src/pin_manager.o
 .debug_aranges
                0x00000000000001d8       0x28 build/default/production/mcc_generated_files/src/cpuint.o
 .debug_aranges
                0x0000000000000200       0x20 build/default/production/mcc_generated_files/src/protected_io.o
 .debug_aranges
                0x0000000000000220       0xc0 build/default/production/mcc_generated_files/src/usart1.o
 .debug_aranges
                0x00000000000002e0       0x28 build/default/production/mcc_generated_files/src/zcd1.o
 .debug_aranges
                0x0000000000000308       0x98 build/default/production/mcc_generated_files/src/spi0.o
 .debug_aranges
                0x00000000000003a0       0x28 build/default/production/mcc_generated_files/src/zcd0.o
 .debug_aranges
                0x00000000000003c8       0xc0 build/default/production/mcc_generated_files/src/adc0.o
 .debug_aranges
                0x0000000000000488       0x20 build/default/production/mcc_generated_files/src/vref.o
 .debug_aranges
                0x00000000000004a8       0xb0 build/default/production/mcc_generated_files/src/tca1.o
 .debug_aranges
                0x0000000000000558       0xb0 build/default/production/mcc_generated_files/src/tca0.o
 .debug_aranges
                0x0000000000000608       0x50 build/default/production/mcc_generated_files/mcc.o
 .debug_aranges
                0x0000000000000658       0x18 build/default/production/mcc_generated_files/device_config.o
 .debug_aranges
                0x0000000000000670       0x20 build/default/production/main.o
 .debug_aranges
                0x0000000000000690       0x38 build/default/production/AD5227.o
 .debug_aranges
                0x00000000000006c8       0x50 build/default/production/AD9833.o
 .debug_aranges
                0x0000000000000718       0x70 build/default/production/Communication.o
 .debug_aranges
                0x0000000000000788       0x98 build/default/production/application.o
 .debug_aranges
                0x0000000000000820       0x28 build/default/production/dataVisualizer.o

.debug_pubnames
 *(.debug_pubnames)

.debug_info     0x0000000000000000     0xc22c
 *(.debug_info .gnu.linkonce.wi.*)
 .debug_info    0x0000000000000000     0x2c24 C:/Users/I20946/.mchp_packs/Microchip/AVR-Dx_DFP/1.3.65/xc8/avr/lib/avrxmega4/memx-const/crtavr128da48.o
 .debug_info    0x0000000000002c24     0x17f8 build/default/production/mcc_generated_files/src/pin_manager.o
 .debug_info    0x000000000000441c      0x3c6 build/default/production/mcc_generated_files/src/cpuint.o
 .debug_info    0x00000000000047e2       0xcb build/default/production/mcc_generated_files/src/protected_io.o
 .debug_info    0x00000000000048ad      0xacb build/default/production/mcc_generated_files/src/usart1.o
 .debug_info    0x0000000000005378      0x431 build/default/production/mcc_generated_files/src/zcd1.o
 .debug_info    0x00000000000057a9      0x7c5 build/default/production/mcc_generated_files/src/spi0.o
 .debug_info    0x0000000000005f6e      0x406 build/default/production/mcc_generated_files/src/zcd0.o
 .debug_info    0x0000000000006374      0xdc1 build/default/production/mcc_generated_files/src/adc0.o
 .debug_info    0x0000000000007135      0x37e build/default/production/mcc_generated_files/src/vref.o
 .debug_info    0x00000000000074b3      0xdab build/default/production/mcc_generated_files/src/tca1.o
 .debug_info    0x000000000000825e      0xd3d build/default/production/mcc_generated_files/src/tca0.o
 .debug_info    0x0000000000008f9b      0x6c7 build/default/production/mcc_generated_files/mcc.o
 .debug_info    0x0000000000009662      0x874 build/default/production/mcc_generated_files/device_config.o
 .debug_info    0x0000000000009ed6      0x378 build/default/production/main.o
 .debug_info    0x000000000000a24e      0x40b build/default/production/AD5227.o
 .debug_info    0x000000000000a659      0x4f7 build/default/production/AD9833.o
 .debug_info    0x000000000000ab50      0x507 build/default/production/Communication.o
 .debug_info    0x000000000000b057      0xc90 build/default/production/application.o
 .debug_info    0x000000000000bce7      0x545 build/default/production/dataVisualizer.o

.debug_abbrev   0x0000000000000000     0x3fd2
 *(.debug_abbrev)
 .debug_abbrev  0x0000000000000000     0x29ce C:/Users/I20946/.mchp_packs/Microchip/AVR-Dx_DFP/1.3.65/xc8/avr/lib/avrxmega4/memx-const/crtavr128da48.o
 .debug_abbrev  0x00000000000029ce      0x14c build/default/production/mcc_generated_files/src/pin_manager.o
 .debug_abbrev  0x0000000000002b1a       0xc0 build/default/production/mcc_generated_files/src/cpuint.o
 .debug_abbrev  0x0000000000002bda       0x14 build/default/production/mcc_generated_files/src/protected_io.o
 .debug_abbrev  0x0000000000002bee      0x273 build/default/production/mcc_generated_files/src/usart1.o
 .debug_abbrev  0x0000000000002e61       0xb5 build/default/production/mcc_generated_files/src/zcd1.o
 .debug_abbrev  0x0000000000002f16      0x1b7 build/default/production/mcc_generated_files/src/spi0.o
 .debug_abbrev  0x00000000000030cd       0xb5 build/default/production/mcc_generated_files/src/zcd0.o
 .debug_abbrev  0x0000000000003182      0x1ea build/default/production/mcc_generated_files/src/adc0.o
 .debug_abbrev  0x000000000000336c       0x8c build/default/production/mcc_generated_files/src/vref.o
 .debug_abbrev  0x00000000000033f8      0x19e build/default/production/mcc_generated_files/src/tca1.o
 .debug_abbrev  0x0000000000003596      0x19e build/default/production/mcc_generated_files/src/tca0.o
 .debug_abbrev  0x0000000000003734      0x111 build/default/production/mcc_generated_files/mcc.o
 .debug_abbrev  0x0000000000003845       0x97 build/default/production/mcc_generated_files/device_config.o
 .debug_abbrev  0x00000000000038dc       0xae build/default/production/main.o
 .debug_abbrev  0x000000000000398a       0xce build/default/production/AD5227.o
 .debug_abbrev  0x0000000000003a58       0xbf build/default/production/AD9833.o
 .debug_abbrev  0x0000000000003b17       0xd1 build/default/production/Communication.o
 .debug_abbrev  0x0000000000003be8      0x2e3 build/default/production/application.o
 .debug_abbrev  0x0000000000003ecb      0x107 build/default/production/dataVisualizer.o

.debug_line     0x0000000000000000     0x3859
 *(.debug_line .debug_line.* .debug_line_end)
 .debug_line    0x0000000000000000      0x1f6 C:/Users/I20946/.mchp_packs/Microchip/AVR-Dx_DFP/1.3.65/xc8/avr/lib/avrxmega4/memx-const/crtavr128da48.o
 .debug_line    0x00000000000001f6      0xa52 build/default/production/mcc_generated_files/src/pin_manager.o
 .debug_line    0x0000000000000c48      0x15b build/default/production/mcc_generated_files/src/cpuint.o
 .debug_line    0x0000000000000da3       0x6c build/default/production/mcc_generated_files/src/protected_io.o
 .debug_line    0x0000000000000e0f      0x4d1 build/default/production/mcc_generated_files/src/usart1.o
 .debug_line    0x00000000000012e0      0x13d build/default/production/mcc_generated_files/src/zcd1.o
 .debug_line    0x000000000000141d      0x416 build/default/production/mcc_generated_files/src/spi0.o
 .debug_line    0x0000000000001833      0x131 build/default/production/mcc_generated_files/src/zcd0.o
 .debug_line    0x0000000000001964      0x45e build/default/production/mcc_generated_files/src/adc0.o
 .debug_line    0x0000000000001dc2      0x109 build/default/production/mcc_generated_files/src/vref.o
 .debug_line    0x0000000000001ecb      0x3d8 build/default/production/mcc_generated_files/src/tca1.o
 .debug_line    0x00000000000022a3      0x3c5 build/default/production/mcc_generated_files/src/tca0.o
 .debug_line    0x0000000000002668      0x265 build/default/production/mcc_generated_files/mcc.o
 .debug_line    0x00000000000028cd       0xe0 build/default/production/mcc_generated_files/device_config.o
 .debug_line    0x00000000000029ad      0x142 build/default/production/main.o
 .debug_line    0x0000000000002aef      0x178 build/default/production/AD5227.o
 .debug_line    0x0000000000002c67      0x1ad build/default/production/AD9833.o
 .debug_line    0x0000000000002e14      0x27c build/default/production/Communication.o
 .debug_line    0x0000000000003090      0x683 build/default/production/application.o
 .debug_line    0x0000000000003713      0x146 build/default/production/dataVisualizer.o

.debug_frame    0x0000000000000000     0x1f1c
 *(.debug_frame)
 .debug_frame   0x0000000000000000      0x714 build/default/production/mcc_generated_files/src/pin_manager.o
 .debug_frame   0x0000000000000714       0x54 build/default/production/mcc_generated_files/src/cpuint.o
 .debug_frame   0x0000000000000768      0x364 build/default/production/mcc_generated_files/src/usart1.o
 .debug_frame   0x0000000000000acc       0x74 build/default/production/mcc_generated_files/src/zcd1.o
 .debug_frame   0x0000000000000b40      0x214 build/default/production/mcc_generated_files/src/spi0.o
 .debug_frame   0x0000000000000d54       0x74 build/default/production/mcc_generated_files/src/zcd0.o
 .debug_frame   0x0000000000000dc8      0x318 build/default/production/mcc_generated_files/src/adc0.o
 .debug_frame   0x00000000000010e0       0x34 build/default/production/mcc_generated_files/src/vref.o
 .debug_frame   0x0000000000001114      0x384 build/default/production/mcc_generated_files/src/tca1.o
 .debug_frame   0x0000000000001498      0x384 build/default/production/mcc_generated_files/src/tca0.o
 .debug_frame   0x000000000000181c      0x114 build/default/production/mcc_generated_files/mcc.o
 .debug_frame   0x0000000000001930       0x34 build/default/production/main.o
 .debug_frame   0x0000000000001964       0x94 build/default/production/AD5227.o
 .debug_frame   0x00000000000019f8       0xf4 build/default/production/AD9833.o
 .debug_frame   0x0000000000001aec      0x174 build/default/production/Communication.o
 .debug_frame   0x0000000000001c60      0x268 build/default/production/application.o
 .debug_frame   0x0000000000001ec8       0x54 build/default/production/dataVisualizer.o

.debug_str      0x0000000000000000     0x1452
 *(.debug_str)
 .debug_str     0x0000000000000000     0x1320 C:/Users/I20946/.mchp_packs/Microchip/AVR-Dx_DFP/1.3.65/xc8/avr/lib/avrxmega4/memx-const/crtavr128da48.o
 .debug_str     0x0000000000001320       0x1c build/default/production/mcc_generated_files/src/pin_manager.o
 .debug_str     0x000000000000133c        0x0 build/default/production/mcc_generated_files/src/cpuint.o
 .debug_str     0x000000000000133c        0x0 build/default/production/mcc_generated_files/src/usart1.o
 .debug_str     0x000000000000133c        0x0 build/default/production/mcc_generated_files/src/zcd1.o
 .debug_str     0x000000000000133c       0x17 build/default/production/mcc_generated_files/src/spi0.o
 .debug_str     0x0000000000001353        0x0 build/default/production/mcc_generated_files/src/zcd0.o
 .debug_str     0x0000000000001353       0x11 build/default/production/mcc_generated_files/src/adc0.o
 .debug_str     0x0000000000001364        0x0 build/default/production/mcc_generated_files/src/vref.o
 .debug_str     0x0000000000001364       0x52 build/default/production/mcc_generated_files/src/tca1.o
 .debug_str     0x00000000000013b6       0x52 build/default/production/mcc_generated_files/src/tca0.o
 .debug_str     0x0000000000001408       0x16 build/default/production/mcc_generated_files/mcc.o
 .debug_str     0x000000000000141e        0x0 build/default/production/mcc_generated_files/device_config.o
 .debug_str     0x000000000000141e        0x0 build/default/production/main.o
 .debug_str     0x000000000000141e        0xd build/default/production/AD5227.o
 .debug_str     0x000000000000142b        0x0 build/default/production/AD9833.o
 .debug_str     0x000000000000142b       0x12 build/default/production/Communication.o
 .debug_str     0x000000000000143d       0x15 build/default/production/application.o
 .debug_str     0x0000000000001452        0x0 build/default/production/dataVisualizer.o

.debug_loc
 *(.debug_loc)

.debug_macinfo
 *(.debug_macinfo)

.debug_weaknames
 *(.debug_weaknames)

.debug_funcnames
 *(.debug_funcnames)

.debug_typenames
 *(.debug_typenames)

.debug_varnames
 *(.debug_varnames)

.debug_pubtypes
 *(.debug_pubtypes)

.debug_ranges   0x0000000000000000      0x700
 *(.debug_ranges)
 .debug_ranges  0x0000000000000000      0x1c8 build/default/production/mcc_generated_files/src/pin_manager.o
 .debug_ranges  0x00000000000001c8       0x18 build/default/production/mcc_generated_files/src/cpuint.o
 .debug_ranges  0x00000000000001e0       0xb0 build/default/production/mcc_generated_files/src/usart1.o
 .debug_ranges  0x0000000000000290       0x18 build/default/production/mcc_generated_files/src/zcd1.o
 .debug_ranges  0x00000000000002a8       0x88 build/default/production/mcc_generated_files/src/spi0.o
 .debug_ranges  0x0000000000000330       0x18 build/default/production/mcc_generated_files/src/zcd0.o
 .debug_ranges  0x0000000000000348       0xb0 build/default/production/mcc_generated_files/src/adc0.o
 .debug_ranges  0x00000000000003f8       0x10 build/default/production/mcc_generated_files/src/vref.o
 .debug_ranges  0x0000000000000408       0xa0 build/default/production/mcc_generated_files/src/tca1.o
 .debug_ranges  0x00000000000004a8       0xa0 build/default/production/mcc_generated_files/src/tca0.o
 .debug_ranges  0x0000000000000548       0x40 build/default/production/mcc_generated_files/mcc.o
 .debug_ranges  0x0000000000000588       0x10 build/default/production/main.o
 .debug_ranges  0x0000000000000598       0x28 build/default/production/AD5227.o
 .debug_ranges  0x00000000000005c0       0x40 build/default/production/AD9833.o
 .debug_ranges  0x0000000000000600       0x60 build/default/production/Communication.o
 .debug_ranges  0x0000000000000660       0x88 build/default/production/application.o
 .debug_ranges  0x00000000000006e8       0x18 build/default/production/dataVisualizer.o

.debug_macro
 *(.debug_macro)
OUTPUT(dist/default/production/avr128da48-phase-sequence-detection-of-ac-supply-mplab.X.production.elf elf32-avr)
LOAD linker stubs
LOAD data_init

.note.gnu.avr.deviceinfo
                0x0000000000000000       0x40
 .note.gnu.avr.deviceinfo
                0x0000000000000000       0x40 C:/Users/I20946/.mchp_packs/Microchip/AVR-Dx_DFP/1.3.65/xc8/avr/lib/avrxmega4/memx-const/crtavr128da48.o

.bss.PORTD_PD5_InterruptHandler
                0x0000000000804084        0x2
 .bss.PORTD_PD5_InterruptHandler
                0x0000000000804084        0x2 build/default/production/mcc_generated_files/src/pin_manager.o

.bss.PORTB_PB2_InterruptHandler
                0x0000000000804086        0x2
 .bss.PORTB_PB2_InterruptHandler
                0x0000000000804086        0x2 build/default/production/mcc_generated_files/src/pin_manager.o

.bss.PORTD_PD4_InterruptHandler
                0x0000000000804088        0x2
 .bss.PORTD_PD4_InterruptHandler
                0x0000000000804088        0x2 build/default/production/mcc_generated_files/src/pin_manager.o

.bss.PORTD_AD9833_FSN1_InterruptHandler
                0x000000000080408a        0x2
 .bss.PORTD_AD9833_FSN1_InterruptHandler
                0x000000000080408a        0x2 build/default/production/mcc_generated_files/src/pin_manager.o

.bss.PORTB_WC_OE2_InterruptHandler
                0x000000000080408c        0x2
 .bss.PORTB_WC_OE2_InterruptHandler
                0x000000000080408c        0x2 build/default/production/mcc_generated_files/src/pin_manager.o

.bss.PORTB_AD5227_CS3_InterruptHandler
                0x000000000080408e        0x2
 .bss.PORTB_AD5227_CS3_InterruptHandler
                0x000000000080408e        0x2 build/default/production/mcc_generated_files/src/pin_manager.o

.bss.PORTD_PD6_InterruptHandler
                0x0000000000804090        0x2
 .bss.PORTD_PD6_InterruptHandler
                0x0000000000804090        0x2 build/default/production/mcc_generated_files/src/pin_manager.o

.bss.PORTE_AD5227_CS2_InterruptHandler
                0x0000000000804092        0x2
 .bss.PORTE_AD5227_CS2_InterruptHandler
                0x0000000000804092        0x2 build/default/production/mcc_generated_files/src/pin_manager.o

.bss.PORTC_PC0_InterruptHandler
                0x0000000000804094        0x2
 .bss.PORTC_PC0_InterruptHandler
                0x0000000000804094        0x2 build/default/production/mcc_generated_files/src/pin_manager.o

.bss.PORTE_AD9833_FSN3_InterruptHandler
                0x0000000000804096        0x2
 .bss.PORTE_AD9833_FSN3_InterruptHandler
                0x0000000000804096        0x2 build/default/production/mcc_generated_files/src/pin_manager.o

.bss.PORTA_PA0_InterruptHandler
                0x0000000000804098        0x2
 .bss.PORTA_PA0_InterruptHandler
                0x0000000000804098        0x2 build/default/production/mcc_generated_files/src/pin_manager.o

.bss.PORTE_PE3_InterruptHandler
                0x000000000080409a        0x2
 .bss.PORTE_PE3_InterruptHandler
                0x000000000080409a        0x2 build/default/production/mcc_generated_files/src/pin_manager.o

.bss.PORTC_PC1_InterruptHandler
                0x000000000080409c        0x2
 .bss.PORTC_PC1_InterruptHandler
                0x000000000080409c        0x2 build/default/production/mcc_generated_files/src/pin_manager.o

.bss.PORTA_PA2_InterruptHandler
                0x000000000080409e        0x2
 .bss.PORTA_PA2_InterruptHandler
                0x000000000080409e        0x2 build/default/production/mcc_generated_files/src/pin_manager.o

.bss.PORTA_PA1_InterruptHandler
                0x00000000008040a0        0x2
 .bss.PORTA_PA1_InterruptHandler
                0x00000000008040a0        0x2 build/default/production/mcc_generated_files/src/pin_manager.o

.bss.PORTC_LED0_InterruptHandler
                0x00000000008040a2        0x2
 .bss.PORTC_LED0_InterruptHandler
                0x00000000008040a2        0x2 build/default/production/mcc_generated_files/src/pin_manager.o

.bss.PORTA_PA4_InterruptHandler
                0x00000000008040a4        0x2
 .bss.PORTA_PA4_InterruptHandler
                0x00000000008040a4        0x2 build/default/production/mcc_generated_files/src/pin_manager.o

.bss.PORTA_PA6_InterruptHandler
                0x00000000008040a6        0x2
 .bss.PORTA_PA6_InterruptHandler
                0x00000000008040a6        0x2 build/default/production/mcc_generated_files/src/pin_manager.o

.bss.PORTC_SW_InterruptHandler
                0x00000000008040a8        0x2
 .bss.PORTC_SW_InterruptHandler
                0x00000000008040a8        0x2 build/default/production/mcc_generated_files/src/pin_manager.o

.bss.PORTA_PA5_InterruptHandler
                0x00000000008040aa        0x2
 .bss.PORTA_PA5_InterruptHandler
                0x00000000008040aa        0x2 build/default/production/mcc_generated_files/src/pin_manager.o

.bss.PORTA_AD5227_CS1_InterruptHandler
                0x00000000008040ac        0x2
 .bss.PORTA_AD5227_CS1_InterruptHandler
                0x00000000008040ac        0x2 build/default/production/mcc_generated_files/src/pin_manager.o

.bss.PORTF_AD9833_FSN2_InterruptHandler
                0x00000000008040ae        0x2
 .bss.PORTF_AD9833_FSN2_InterruptHandler
                0x00000000008040ae        0x2 build/default/production/mcc_generated_files/src/pin_manager.o

.bss.PORTD_PD1_InterruptHandler
                0x00000000008040b0        0x2
 .bss.PORTD_PD1_InterruptHandler
                0x00000000008040b0        0x2 build/default/production/mcc_generated_files/src/pin_manager.o

.bss.PORTD_WC_OE1_InterruptHandler
                0x00000000008040b2        0x2
 .bss.PORTD_WC_OE1_InterruptHandler
                0x00000000008040b2        0x2 build/default/production/mcc_generated_files/src/pin_manager.o

.bss.PORTB_PB1_InterruptHandler
                0x00000000008040b4        0x2
 .bss.PORTB_PB1_InterruptHandler
                0x00000000008040b4        0x2 build/default/production/mcc_generated_files/src/pin_manager.o

.bss.PORTD_WC_OE3_InterruptHandler
                0x00000000008040b6        0x2
 .bss.PORTD_WC_OE3_InterruptHandler
                0x00000000008040b6        0x2 build/default/production/mcc_generated_files/src/pin_manager.o

.bss.PORTB_PB0_InterruptHandler
                0x00000000008040b8        0x2
 .bss.PORTB_PB0_InterruptHandler
                0x00000000008040b8        0x2 build/default/production/mcc_generated_files/src/pin_manager.o

.bss.USART1_rxbuf
                0x0000000000804029       0x10
 .bss.USART1_rxbuf
                0x0000000000804029       0x10 build/default/production/mcc_generated_files/src/usart1.o

.bss.USART1_rx_head
                0x00000000008040d8        0x1
 .bss.USART1_rx_head
                0x00000000008040d8        0x1 build/default/production/mcc_generated_files/src/usart1.o

.bss.USART1_rx_tail
                0x00000000008040d9        0x1
 .bss.USART1_rx_tail
                0x00000000008040d9        0x1 build/default/production/mcc_generated_files/src/usart1.o

.bss.USART1_rx_elements
                0x00000000008040da        0x1
 .bss.USART1_rx_elements
                0x00000000008040da        0x1 build/default/production/mcc_generated_files/src/usart1.o

.bss.USART1_txbuf
                0x0000000000804039       0x10
 .bss.USART1_txbuf
                0x0000000000804039       0x10 build/default/production/mcc_generated_files/src/usart1.o

.bss.USART1_tx_head
                0x00000000008040db        0x1
 .bss.USART1_tx_head
                0x00000000008040db        0x1 build/default/production/mcc_generated_files/src/usart1.o

.bss.USART1_tx_tail
                0x00000000008040dc        0x1
 .bss.USART1_tx_tail
                0x00000000008040dc        0x1 build/default/production/mcc_generated_files/src/usart1.o

.bss.USART1_tx_elements
                0x00000000008040dd        0x1
 .bss.USART1_tx_elements
                0x00000000008040dd        0x1 build/default/production/mcc_generated_files/src/usart1.o

.bss.spi0_desc  0x00000000008040de        0x1
 .bss.spi0_desc
                0x00000000008040de        0x1 build/default/production/mcc_generated_files/src/spi0.o

.bss.ADC0_window_cb
                0x00000000008040be        0x2
 .bss.ADC0_window_cb
                0x00000000008040be        0x2 build/default/production/mcc_generated_files/src/adc0.o
                0x00000000008040be                ADC0_window_cb

.bss.timer1OverflowFlag
                0x00000000008040df        0x1
 .bss.timer1OverflowFlag
                0x00000000008040df        0x1 build/default/production/mcc_generated_files/src/tca1.o
                0x00000000008040df                timer1OverflowFlag

.bss.refreshCount
                0x0000000000804078        0x4
 .bss.refreshCount
                0x0000000000804078        0x4 build/default/production/mcc_generated_files/src/tca1.o
                0x0000000000804078                refreshCount

.bss.timer1OvfCnt
                0x00000000008040c0        0x2
 .bss.timer1OvfCnt
                0x00000000008040c0        0x2 build/default/production/mcc_generated_files/src/tca1.o
                0x00000000008040c0                timer1OvfCnt

.bss.RxData     0x00000000008040d2        0x2
 .bss.RxData    0x00000000008040d2        0x2 build/default/production/application.o
                0x00000000008040d2                RxData

.bss.ADC_Results_L
                0x0000000000804070        0x8
 .bss.ADC_Results_L
                0x0000000000804070        0x8 build/default/production/application.o
                0x0000000000804070                ADC_Results_L

.bss.numberofSamples
                0x00000000008040d4        0x2
 .bss.numberofSamples
                0x00000000008040d4        0x2 build/default/production/application.o
                0x00000000008040d4                numberofSamples

.bss.line_voltage
                0x0000000000804058        0xc
 .bss.line_voltage
                0x0000000000804058        0xc build/default/production/application.o
                0x0000000000804058                line_voltage

.bss.Vrms       0x0000000000804064        0xc
 .bss.Vrms      0x0000000000804064        0xc build/default/production/application.o
                0x0000000000804064                Vrms

.text.PIN_MANAGER_Initialize
                0x000000000000020a      0x40a
 .text.PIN_MANAGER_Initialize
                0x000000000000020a      0x40a build/default/production/mcc_generated_files/src/pin_manager.o
                0x000000000000020a                PIN_MANAGER_Initialize

.text.calculateVrms
                0x0000000000000614      0x200
 .text.calculateVrms
                0x0000000000000614      0x200 build/default/production/application.o

.text.emulatorTaskProcess
                0x0000000000000814      0x158
 .text.emulatorTaskProcess
                0x0000000000000814      0x158 build/default/production/application.o

.text.read3PhaseSignal
                0x000000000000096c      0x13c
 .text.read3PhaseSignal
                0x000000000000096c      0x13c build/default/production/application.o

.text.readSwToSelectFrequency
                0x0000000000000aa8      0x136
 .text.readSwToSelectFrequency
                0x0000000000000aa8      0x136 build/default/production/application.o
                0x0000000000000aa8                readSwToSelectFrequency

.text.PORT_Initialize
                0x0000000000000bde      0x130
 .text.PORT_Initialize
                0x0000000000000bde      0x130 build/default/production/mcc_generated_files/src/pin_manager.o
                0x0000000000000bde                PORT_Initialize

.text.main      0x0000000000000d0e      0x108
 .text.main     0x0000000000000d0e      0x108 build/default/production/main.o
                0x0000000000000d0e                main

.text.createDataStreamProtocolAndSend
                0x0000000000000e16       0xde
 .text.createDataStreamProtocolAndSend
                0x0000000000000e16       0xde build/default/production/dataVisualizer.o
                0x0000000000000e16                createDataStreamProtocolAndSend

.text.avrlibc.fplib
                0x0000000000000ef4       0xdc
 .text.avrlibc.fplib
                0x0000000000000ef4       0xdc c:/program files/microchip/xc8/v2.20/avr/bin/../lib/gcc/avr/5.4.0/../../../../avr/lib/avrxmega4/memx-const\libm.a(divsf3x.o)
                0x0000000000000f14                __divsf3x
                0x0000000000000f1a                __divsf3_pse

.text.avrlibc.fplib
                0x0000000000000fd0       0xd2
 .text.avrlibc.fplib
                0x0000000000000fd0       0xd2 c:/program files/microchip/xc8/v2.20/avr/bin/../lib/gcc/avr/5.4.0/../../../../avr/lib/avrxmega4/memx-const\libm.a(mulsf3x.o)
                0x0000000000000fee                __mulsf3x
                0x0000000000000ff4                __mulsf3_pse

.text.avrlibc.fplib
                0x00000000000010a2       0xcc
 .text.avrlibc.fplib
                0x00000000000010a2       0xcc c:/program files/microchip/xc8/v2.20/avr/bin/../lib/gcc/avr/5.4.0/../../../../avr/lib/avrxmega4/memx-const\libm.a(addsf3x.o)
                0x00000000000010c4                __addsf3x

.text.TCA0_Initialize
                0x000000000000116e       0xc4
 .text.TCA0_Initialize
                0x000000000000116e       0xc4 build/default/production/mcc_generated_files/src/tca0.o
                0x000000000000116e                TCA0_Initialize

.text.__vector_46
                0x0000000000001232       0xc2
 .text.__vector_46
                0x0000000000001232       0xc2 build/default/production/mcc_generated_files/src/tca1.o
                0x0000000000001232                __vector_46

.text.TCA1_Initialize
                0x00000000000012f4       0xbc
 .text.TCA1_Initialize
                0x00000000000012f4       0xbc build/default/production/mcc_generated_files/src/tca1.o
                0x00000000000012f4                TCA1_Initialize

.text.application
                0x00000000000013b0       0xb8
 .text.application
                0x00000000000013b0       0xb8 build/default/production/application.o
                0x00000000000013b0                application

.text.sineWaveGeneration
                0x0000000000001468       0xb2
 .text.sineWaveGeneration
                0x0000000000001468       0xb2 build/default/production/application.o

.text.avrlibc.fplib
                0x000000000000151a       0xa0
 .text.avrlibc.fplib
                0x000000000000151a       0xa0 c:/program files/microchip/xc8/v2.20/avr/bin/../lib/gcc/avr/5.4.0/../../../../avr/lib/avrxmega4/memx-const\libm.a(pow.o)
                0x000000000000151a                pow

.text.avrlibc.fplib
                0x00000000000015ba       0xa0
 .text.avrlibc.fplib
                0x00000000000015ba       0xa0 c:/program files/microchip/xc8/v2.20/avr/bin/../lib/gcc/avr/5.4.0/../../../../avr/lib/avrxmega4/memx-const\libm.a(log.o)
                0x00000000000015ca                log

.text.phaseReversalDetection
                0x000000000000165a       0x9e
 .text.phaseReversalDetection
                0x000000000000165a       0x9e build/default/production/application.o

.text.USART1_Initialize
                0x00000000000016f8       0x94
 .text.USART1_Initialize
                0x00000000000016f8       0x94 build/default/production/mcc_generated_files/src/usart1.o
                0x00000000000016f8                USART1_Initialize

.text.phaseLossDetection
                0x000000000000178c       0x92
 .text.phaseLossDetection
                0x000000000000178c       0x92 build/default/production/application.o

.text.AD9833SetFrequency
                0x000000000000181e       0x90
 .text.AD9833SetFrequency
                0x000000000000181e       0x90 build/default/production/AD9833.o
                0x000000000000181e                AD9833SetFrequency

.text.avrlibc.fplib
                0x00000000000018ae       0x8c
 .text.avrlibc.fplib
                0x00000000000018ae       0x8c c:/program files/microchip/xc8/v2.20/avr/bin/../lib/gcc/avr/5.4.0/../../../../avr/lib/avrxmega4/memx-const\libm.a(sqrt.o)
                0x00000000000018ba                sqrtf
                0x00000000000018ba                sqrt

.text.ADC0_Initialize
                0x000000000000193a       0x86
 .text.ADC0_Initialize
                0x000000000000193a       0x86 build/default/production/mcc_generated_files/src/adc0.o
                0x000000000000193a                ADC0_Initialize

.text.__vector_25
                0x00000000000019c0       0x84
 .text.__vector_25
                0x00000000000019c0       0x84 build/default/production/mcc_generated_files/src/adc0.o
                0x00000000000019c0                __vector_25

.text.__vector_48
                0x0000000000001a44       0x84
 .text.__vector_48
                0x0000000000001a44       0x84 build/default/production/mcc_generated_files/src/tca1.o
                0x0000000000001a44                __vector_48

.text.__vector_49
                0x0000000000001ac8       0x84
 .text.__vector_49
                0x0000000000001ac8       0x84 build/default/production/mcc_generated_files/src/tca1.o
                0x0000000000001ac8                __vector_49

.text.__vector_50
                0x0000000000001b4c       0x84
 .text.__vector_50
                0x0000000000001b4c       0x84 build/default/production/mcc_generated_files/src/tca1.o
                0x0000000000001b4c                __vector_50

.text.__vector_9
                0x0000000000001bd0       0x84
 .text.__vector_9
                0x0000000000001bd0       0x84 build/default/production/mcc_generated_files/src/tca0.o
                0x0000000000001bd0                __vector_9

.text.__vector_10
                0x0000000000001c54       0x84
 .text.__vector_10
                0x0000000000001c54       0x84 build/default/production/mcc_generated_files/src/tca0.o
                0x0000000000001c54                __vector_10

.text.__vector_11
                0x0000000000001cd8       0x84
 .text.__vector_11
                0x0000000000001cd8       0x84 build/default/production/mcc_generated_files/src/tca0.o
                0x0000000000001cd8                __vector_11

.text.__vector_7
                0x0000000000001d5c       0x84
 .text.__vector_7
                0x0000000000001d5c       0x84 build/default/production/mcc_generated_files/src/tca0.o
                0x0000000000001d5c                __vector_7

.text.defaultSignalGeneration
                0x0000000000001de0       0x7c
 .text.defaultSignalGeneration
                0x0000000000001de0       0x7c build/default/production/application.o
                0x0000000000001de0                defaultSignalGeneration

.text.__vector_31
                0x0000000000001e5c       0x7a
 .text.__vector_31
                0x0000000000001e5c       0x7a build/default/production/mcc_generated_files/src/usart1.o
                0x0000000000001e5c                __vector_31

.text.__vector_32
                0x0000000000001ed6       0x7a
 .text.__vector_32
                0x0000000000001ed6       0x7a build/default/production/mcc_generated_files/src/usart1.o
                0x0000000000001ed6                __vector_32

.text.__vector_51
                0x0000000000001f50       0x7a
 .text.__vector_51
                0x0000000000001f50       0x7a build/default/production/mcc_generated_files/src/zcd1.o
                0x0000000000001f50                __vector_51

.text.avrlibc.fplib
                0x0000000000001fca       0x7a
 .text.avrlibc.fplib
                0x0000000000001fca       0x7a c:/program files/microchip/xc8/v2.20/avr/bin/../lib/gcc/avr/5.4.0/../../../../avr/lib/avrxmega4/memx-const\libm.a(floatsisf.o)
                0x0000000000001fca                __floatunsisf
                0x0000000000001fce                __floatsisf

.text.waveformAproxFreqcalculation
                0x0000000000002044       0x76
 .text.waveformAproxFreqcalculation
                0x0000000000002044       0x76 build/default/production/application.o

.text.FrequencySelectionCallBack
                0x00000000000020ba       0x76
 .text.FrequencySelectionCallBack
                0x00000000000020ba       0x76 build/default/production/application.o
                0x00000000000020ba                FrequencySelectionCallBack

.text.avrlibc.fplib
                0x0000000000002130       0x74
 .text.avrlibc.fplib
                0x0000000000002130       0x74 c:/program files/microchip/xc8/v2.20/avr/bin/../lib/gcc/avr/5.4.0/../../../../avr/lib/avrxmega4/memx-const\libm.a(exp.o)
                0x0000000000002140                exp

.text.avrlibc.fplib
                0x00000000000021a4       0x74
 .text.avrlibc.fplib
                0x00000000000021a4       0x74 c:/program files/microchip/xc8/v2.20/avr/bin/../lib/gcc/avr/5.4.0/../../../../avr/lib/avrxmega4/memx-const\libm.a(ldexp.o)
                0x00000000000021ac                ldexp

.text.SPI0_WriteBlock
                0x0000000000002218       0x72
 .text.SPI0_WriteBlock
                0x0000000000002218       0x72 build/default/production/mcc_generated_files/src/spi0.o
                0x0000000000002218                SPI0_WriteBlock

.text.USART1_Write
                0x000000000000228a       0x68
 .text.USART1_Write
                0x000000000000228a       0x68 build/default/production/mcc_generated_files/src/usart1.o
                0x000000000000228a                USART1_Write

.text.avrlibc.fplib
                0x00000000000022f2       0x68
 .text.avrlibc.fplib
                0x00000000000022f2       0x68 c:/program files/microchip/xc8/v2.20/avr/bin/../lib/gcc/avr/5.4.0/../../../../avr/lib/avrxmega4/memx-const\libm.a(modf.o)
                0x00000000000022f2                modf
                0x00000000000022f2                modff

.text.USART1_DefaultTxIsrCb
                0x000000000000235a       0x66
 .text.USART1_DefaultTxIsrCb
                0x000000000000235a       0x66 build/default/production/mcc_generated_files/src/usart1.o
                0x000000000000235a                USART1_DefaultTxIsrCb

.text.__vector_26
                0x00000000000023c0       0x66
 .text.__vector_26
                0x00000000000023c0       0x66 build/default/production/mcc_generated_files/src/zcd0.o
                0x00000000000023c0                __vector_26

.text.avrlibc.fplib
                0x0000000000002426       0x5e
 .text.avrlibc.fplib
                0x0000000000002426       0x5e c:/program files/microchip/xc8/v2.20/avr/bin/../lib/gcc/avr/5.4.0/../../../../avr/lib/avrxmega4/memx-const\libm.a(fixunssfsi.o)
                0x0000000000002426                __fixunssfsi

.text.__vector_33
                0x0000000000002484       0x5c
 .text.__vector_33
                0x0000000000002484       0x5c build/default/production/mcc_generated_files/src/usart1.o
                0x0000000000002484                __vector_33

.text.AD9833SetRegisterValue
                0x00000000000024e0       0x5c
 .text.AD9833SetRegisterValue
                0x00000000000024e0       0x5c build/default/production/AD9833.o
                0x00000000000024e0                AD9833SetRegisterValue

.text.sendString
                0x000000000000253c       0x5c
 .text.sendString
                0x000000000000253c       0x5c build/default/production/dataVisualizer.o

.text.CLKCTRL_Initialize
                0x0000000000002598       0x56
 .text.CLKCTRL_Initialize
                0x0000000000002598       0x56 build/default/production/mcc_generated_files/mcc.o
                0x0000000000002598                CLKCTRL_Initialize

.text.USART1_DefaultRxIsrCb
                0x00000000000025ee       0x54
 .text.USART1_DefaultRxIsrCb
                0x00000000000025ee       0x54 build/default/production/mcc_generated_files/src/usart1.o
                0x00000000000025ee                USART1_DefaultRxIsrCb

.text.waveformAproxPhasecalculation
                0x0000000000002642       0x52
 .text.waveformAproxPhasecalculation
                0x0000000000002642       0x52 build/default/production/application.o

.text.__vector_24
                0x0000000000002694       0x50
 .text.__vector_24
                0x0000000000002694       0x50 build/default/production/mcc_generated_files/src/adc0.o
                0x0000000000002694                __vector_24

.text.__vector_2
                0x00000000000026e4       0x50
 .text.__vector_2
                0x00000000000026e4       0x50 build/default/production/mcc_generated_files/mcc.o
                0x00000000000026e4                __vector_2

.text.USART1_Read
                0x0000000000002734       0x4e
 .text.USART1_Read
                0x0000000000002734       0x4e build/default/production/mcc_generated_files/src/usart1.o
                0x0000000000002734                USART1_Read

.text.avrlibc.fplib
                0x0000000000002782       0x4e
 .text.avrlibc.fplib
                0x0000000000002782       0x4e c:/program files/microchip/xc8/v2.20/avr/bin/../lib/gcc/avr/5.4.0/../../../../avr/lib/avrxmega4/memx-const\libm.a(fp_powser.o)
                0x0000000000002782                __fp_powser

.text.AD9833Setup
                0x00000000000027d0       0x4c
 .text.AD9833Setup
                0x00000000000027d0       0x4c build/default/production/AD9833.o
                0x00000000000027d0                AD9833Setup

.text.AD9833_chipSelect
                0x000000000000281c       0x4a
 .text.AD9833_chipSelect
                0x000000000000281c       0x4a build/default/production/Communication.o
                0x000000000000281c                AD9833_chipSelect

.text.AD5227_chipSelect
                0x0000000000002866       0x4a
 .text.AD5227_chipSelect
                0x0000000000002866       0x4a build/default/production/Communication.o
                0x0000000000002866                AD5227_chipSelect

.text.SYSTEM_Initialize
                0x00000000000028b0       0x48
 .text.SYSTEM_Initialize
                0x00000000000028b0       0x48 build/default/production/mcc_generated_files/mcc.o
                0x00000000000028b0                SYSTEM_Initialize

.text.avrlibc.fplib
                0x00000000000028f8       0x48
 .text.avrlibc.fplib
                0x00000000000028f8       0x48 c:/program files/microchip/xc8/v2.20/avr/bin/../lib/gcc/avr/5.4.0/../../../../avr/lib/avrxmega4/memx-const\libm.a(fp_cmp.o)
                0x00000000000028f8                __fp_cmp

.text.ADC0_GetConversion
                0x0000000000002940       0x46
 .text.ADC0_GetConversion
                0x0000000000002940       0x46 build/default/production/mcc_generated_files/src/adc0.o
                0x0000000000002940                ADC0_GetConversion

.text.AD9833SetPhase
                0x0000000000002986       0x44
 .text.AD9833SetPhase
                0x0000000000002986       0x44 build/default/production/AD9833.o
                0x0000000000002986                AD9833SetPhase

.text.threePhaseAmplitudeMax
                0x00000000000029ca       0x44
 .text.threePhaseAmplitudeMax
                0x00000000000029ca       0x44 build/default/production/application.o
                0x00000000000029ca                threePhaseAmplitudeMax

.text.avrlibc.fplib
                0x0000000000002a0e       0x44
 .text.avrlibc.fplib
                0x0000000000002a0e       0x44 c:/program files/microchip/xc8/v2.20/avr/bin/../lib/gcc/avr/5.4.0/../../../../avr/lib/avrxmega4/memx-const\libm.a(fp_split3.o)
                0x0000000000002a0e                __fp_split3
                0x0000000000002a1e                __fp_splitA

.text.ADC0_StartConversion
                0x0000000000002a52       0x3c
 .text.ADC0_StartConversion
                0x0000000000002a52       0x3c build/default/production/mcc_generated_files/src/adc0.o
                0x0000000000002a52                ADC0_StartConversion

.text.SPI0_Initialize
                0x0000000000002a8e       0x38
 .text.SPI0_Initialize
                0x0000000000002a8e       0x38 build/default/production/mcc_generated_files/src/spi0.o
                0x0000000000002a8e                SPI0_Initialize

.text.AD5227DigipotInc
                0x0000000000002ac6       0x38
 .text.AD5227DigipotInc
                0x0000000000002ac6       0x38 build/default/production/AD5227.o
                0x0000000000002ac6                AD5227DigipotInc

.text.AD9833_FSN1_set_level
                0x0000000000002afe       0x32
 .text.AD9833_FSN1_set_level
                0x0000000000002afe       0x32 build/default/production/Communication.o

.text.AD9833_FSN2_set_level
                0x0000000000002b30       0x32
 .text.AD9833_FSN2_set_level
                0x0000000000002b30       0x32 build/default/production/Communication.o

.text.AD9833_FSN3_set_level
                0x0000000000002b62       0x32
 .text.AD9833_FSN3_set_level
                0x0000000000002b62       0x32 build/default/production/Communication.o

.text.AD5227_CS1_set_level
                0x0000000000002b94       0x32
 .text.AD5227_CS1_set_level
                0x0000000000002b94       0x32 build/default/production/Communication.o

.text.AD5227_CS2_set_level
                0x0000000000002bc6       0x32
 .text.AD5227_CS2_set_level
                0x0000000000002bc6       0x32 build/default/production/Communication.o

.text.AD5227_CS3_set_level
                0x0000000000002bf8       0x32
 .text.AD5227_CS3_set_level
                0x0000000000002bf8       0x32 build/default/production/Communication.o

.text.CPUINT_Initialize
                0x0000000000002c2a       0x30
 .text.CPUINT_Initialize
                0x0000000000002c2a       0x30 build/default/production/mcc_generated_files/src/cpuint.o
                0x0000000000002c2a                CPUINT_Initialize

.text.SPI_Write
                0x0000000000002c5a       0x30
 .text.SPI_Write
                0x0000000000002c5a       0x30 build/default/production/Communication.o
                0x0000000000002c5a                SPI_Write

.text.ccp_write_io
                0x0000000000002c8a       0x2c
 .text.ccp_write_io
                0x0000000000002c8a       0x2c build/default/production/mcc_generated_files/src/cpuint.o

.text.ccp_write_io
                0x0000000000002cb6       0x2c
 .text.ccp_write_io
                0x0000000000002cb6       0x2c build/default/production/mcc_generated_files/mcc.o

.text.VREF_0_Initialize
                0x0000000000002ce2       0x2a
 .text.VREF_0_Initialize
                0x0000000000002ce2       0x2a build/default/production/mcc_generated_files/src/vref.o
                0x0000000000002ce2                VREF_0_Initialize

.text.BOD_Initialize
                0x0000000000002d0c       0x2a
 .text.BOD_Initialize
                0x0000000000002d0c       0x2a build/default/production/mcc_generated_files/mcc.o
                0x0000000000002d0c                BOD_Initialize

.text.USART1_printCHAR
                0x0000000000002d36       0x28
 .text.USART1_printCHAR
                0x0000000000002d36       0x28 build/default/production/mcc_generated_files/src/usart1.o
                0x0000000000002d36                USART1_printCHAR

.text.ADC0_IsConversionDone
                0x0000000000002d5e       0x28
 .text.ADC0_IsConversionDone
                0x0000000000002d5e       0x28 build/default/production/mcc_generated_files/src/adc0.o
                0x0000000000002d5e                ADC0_IsConversionDone

.text.PORTD_PD5_SetInterruptHandler
                0x0000000000002d86       0x26
 .text.PORTD_PD5_SetInterruptHandler
                0x0000000000002d86       0x26 build/default/production/mcc_generated_files/src/pin_manager.o
                0x0000000000002d86                PORTD_PD5_SetInterruptHandler

.text.PORTB_PB2_SetInterruptHandler
                0x0000000000002dac       0x26
 .text.PORTB_PB2_SetInterruptHandler
                0x0000000000002dac       0x26 build/default/production/mcc_generated_files/src/pin_manager.o
                0x0000000000002dac                PORTB_PB2_SetInterruptHandler

.text.PORTD_PD4_SetInterruptHandler
                0x0000000000002dd2       0x26
 .text.PORTD_PD4_SetInterruptHandler
                0x0000000000002dd2       0x26 build/default/production/mcc_generated_files/src/pin_manager.o
                0x0000000000002dd2                PORTD_PD4_SetInterruptHandler

.text.PORTD_AD9833_FSN1_SetInterruptHandler
                0x0000000000002df8       0x26
 .text.PORTD_AD9833_FSN1_SetInterruptHandler
                0x0000000000002df8       0x26 build/default/production/mcc_generated_files/src/pin_manager.o
                0x0000000000002df8                PORTD_AD9833_FSN1_SetInterruptHandler

.text.PORTB_WC_OE2_SetInterruptHandler
                0x0000000000002e1e       0x26
 .text.PORTB_WC_OE2_SetInterruptHandler
                0x0000000000002e1e       0x26 build/default/production/mcc_generated_files/src/pin_manager.o
                0x0000000000002e1e                PORTB_WC_OE2_SetInterruptHandler

.text.PORTB_AD5227_CS3_SetInterruptHandler
                0x0000000000002e44       0x26
 .text.PORTB_AD5227_CS3_SetInterruptHandler
                0x0000000000002e44       0x26 build/default/production/mcc_generated_files/src/pin_manager.o
                0x0000000000002e44                PORTB_AD5227_CS3_SetInterruptHandler

.text.PORTD_PD6_SetInterruptHandler
                0x0000000000002e6a       0x26
 .text.PORTD_PD6_SetInterruptHandler
                0x0000000000002e6a       0x26 build/default/production/mcc_generated_files/src/pin_manager.o
                0x0000000000002e6a                PORTD_PD6_SetInterruptHandler

.text.PORTE_AD5227_CS2_SetInterruptHandler
                0x0000000000002e90       0x26
 .text.PORTE_AD5227_CS2_SetInterruptHandler
                0x0000000000002e90       0x26 build/default/production/mcc_generated_files/src/pin_manager.o
                0x0000000000002e90                PORTE_AD5227_CS2_SetInterruptHandler

.text.PORTC_PC0_SetInterruptHandler
                0x0000000000002eb6       0x26
 .text.PORTC_PC0_SetInterruptHandler
                0x0000000000002eb6       0x26 build/default/production/mcc_generated_files/src/pin_manager.o
                0x0000000000002eb6                PORTC_PC0_SetInterruptHandler

.text.PORTE_AD9833_FSN3_SetInterruptHandler
                0x0000000000002edc       0x26
 .text.PORTE_AD9833_FSN3_SetInterruptHandler
                0x0000000000002edc       0x26 build/default/production/mcc_generated_files/src/pin_manager.o
                0x0000000000002edc                PORTE_AD9833_FSN3_SetInterruptHandler

.text.PORTA_PA0_SetInterruptHandler
                0x0000000000002f02       0x26
 .text.PORTA_PA0_SetInterruptHandler
                0x0000000000002f02       0x26 build/default/production/mcc_generated_files/src/pin_manager.o
                0x0000000000002f02                PORTA_PA0_SetInterruptHandler

.text.PORTE_PE3_SetInterruptHandler
                0x0000000000002f28       0x26
 .text.PORTE_PE3_SetInterruptHandler
                0x0000000000002f28       0x26 build/default/production/mcc_generated_files/src/pin_manager.o
                0x0000000000002f28                PORTE_PE3_SetInterruptHandler

.text.PORTC_PC1_SetInterruptHandler
                0x0000000000002f4e       0x26
 .text.PORTC_PC1_SetInterruptHandler
                0x0000000000002f4e       0x26 build/default/production/mcc_generated_files/src/pin_manager.o
                0x0000000000002f4e                PORTC_PC1_SetInterruptHandler

.text.PORTA_PA2_SetInterruptHandler
                0x0000000000002f74       0x26
 .text.PORTA_PA2_SetInterruptHandler
                0x0000000000002f74       0x26 build/default/production/mcc_generated_files/src/pin_manager.o
                0x0000000000002f74                PORTA_PA2_SetInterruptHandler

.text.PORTA_PA1_SetInterruptHandler
                0x0000000000002f9a       0x26
 .text.PORTA_PA1_SetInterruptHandler
                0x0000000000002f9a       0x26 build/default/production/mcc_generated_files/src/pin_manager.o
                0x0000000000002f9a                PORTA_PA1_SetInterruptHandler

.text.PORTC_LED0_SetInterruptHandler
                0x0000000000002fc0       0x26
 .text.PORTC_LED0_SetInterruptHandler
                0x0000000000002fc0       0x26 build/default/production/mcc_generated_files/src/pin_manager.o
                0x0000000000002fc0                PORTC_LED0_SetInterruptHandler

.text.PORTA_PA4_SetInterruptHandler
                0x0000000000002fe6       0x26
 .text.PORTA_PA4_SetInterruptHandler
                0x0000000000002fe6       0x26 build/default/production/mcc_generated_files/src/pin_manager.o
                0x0000000000002fe6                PORTA_PA4_SetInterruptHandler

.text.PORTA_PA6_SetInterruptHandler
                0x000000000000300c       0x26
 .text.PORTA_PA6_SetInterruptHandler
                0x000000000000300c       0x26 build/default/production/mcc_generated_files/src/pin_manager.o
                0x000000000000300c                PORTA_PA6_SetInterruptHandler

.text.PORTC_SW_SetInterruptHandler
                0x0000000000003032       0x26
 .text.PORTC_SW_SetInterruptHandler
                0x0000000000003032       0x26 build/default/production/mcc_generated_files/src/pin_manager.o
                0x0000000000003032                PORTC_SW_SetInterruptHandler

.text.PORTA_PA5_SetInterruptHandler
                0x0000000000003058       0x26
 .text.PORTA_PA5_SetInterruptHandler
                0x0000000000003058       0x26 build/default/production/mcc_generated_files/src/pin_manager.o
                0x0000000000003058                PORTA_PA5_SetInterruptHandler

.text.PORTA_AD5227_CS1_SetInterruptHandler
                0x000000000000307e       0x26
 .text.PORTA_AD5227_CS1_SetInterruptHandler
                0x000000000000307e       0x26 build/default/production/mcc_generated_files/src/pin_manager.o
                0x000000000000307e                PORTA_AD5227_CS1_SetInterruptHandler

.text.PORTF_AD9833_FSN2_SetInterruptHandler
                0x00000000000030a4       0x26
 .text.PORTF_AD9833_FSN2_SetInterruptHandler
                0x00000000000030a4       0x26 build/default/production/mcc_generated_files/src/pin_manager.o
                0x00000000000030a4                PORTF_AD9833_FSN2_SetInterruptHandler

.text.PORTD_PD1_SetInterruptHandler
                0x00000000000030ca       0x26
 .text.PORTD_PD1_SetInterruptHandler
                0x00000000000030ca       0x26 build/default/production/mcc_generated_files/src/pin_manager.o
                0x00000000000030ca                PORTD_PD1_SetInterruptHandler

.text.PORTD_WC_OE1_SetInterruptHandler
                0x00000000000030f0       0x26
 .text.PORTD_WC_OE1_SetInterruptHandler
                0x00000000000030f0       0x26 build/default/production/mcc_generated_files/src/pin_manager.o
                0x00000000000030f0                PORTD_WC_OE1_SetInterruptHandler

.text.PORTB_PB1_SetInterruptHandler
                0x0000000000003116       0x26
 .text.PORTB_PB1_SetInterruptHandler
                0x0000000000003116       0x26 build/default/production/mcc_generated_files/src/pin_manager.o
                0x0000000000003116                PORTB_PB1_SetInterruptHandler

.text.PORTD_WC_OE3_SetInterruptHandler
                0x000000000000313c       0x26
 .text.PORTD_WC_OE3_SetInterruptHandler
                0x000000000000313c       0x26 build/default/production/mcc_generated_files/src/pin_manager.o
                0x000000000000313c                PORTD_WC_OE3_SetInterruptHandler

.text.PORTB_PB0_SetInterruptHandler
                0x0000000000003162       0x26
 .text.PORTB_PB0_SetInterruptHandler
                0x0000000000003162       0x26 build/default/production/mcc_generated_files/src/pin_manager.o
                0x0000000000003162                PORTB_PB0_SetInterruptHandler

.text.ZCD1_Initialize
                0x0000000000003188       0x24
 .text.ZCD1_Initialize
                0x0000000000003188       0x24 build/default/production/mcc_generated_files/src/zcd1.o
                0x0000000000003188                ZCD1_Initialize

.text.ZCD0_Initialize
                0x00000000000031ac       0x24
 .text.ZCD0_Initialize
                0x00000000000031ac       0x24 build/default/production/mcc_generated_files/src/zcd0.o
                0x00000000000031ac                ZCD0_Initialize

.text.avrlibc.fplib
                0x00000000000031d0       0x22
 .text.avrlibc.fplib
                0x00000000000031d0       0x22 c:/program files/microchip/xc8/v2.20/avr/bin/../lib/gcc/avr/5.4.0/../../../../avr/lib/avrxmega4/memx-const\libm.a(fp_round.o)
                0x00000000000031d0                __fp_round

.text.AD9833Select
                0x00000000000031f2       0x1c
 .text.AD9833Select
                0x00000000000031f2       0x1c build/default/production/application.o
                0x00000000000031f2                AD9833Select

.text.AD5227Select
                0x000000000000320e       0x1c
 .text.AD5227Select
                0x000000000000320e       0x1c build/default/production/application.o
                0x000000000000320e                AD5227Select

.text.avrlibc.fplib
                0x000000000000322a       0x1c
 .text.avrlibc.fplib
                0x000000000000322a       0x1c c:/program files/microchip/xc8/v2.20/avr/bin/../lib/gcc/avr/5.4.0/../../../../avr/lib/avrxmega4/memx-const\libm.a(fp_mpack.o)
                0x000000000000322a                __fp_mpack
                0x000000000000322e                __fp_mpack_finite

.text.USART1_IsRxReady
                0x0000000000003246       0x1a
 .text.USART1_IsRxReady
                0x0000000000003246       0x1a build/default/production/mcc_generated_files/src/usart1.o
                0x0000000000003246                USART1_IsRxReady

.text.SLPCTRL_Initialize
                0x0000000000003260       0x1a
 .text.SLPCTRL_Initialize
                0x0000000000003260       0x1a build/default/production/mcc_generated_files/mcc.o
                0x0000000000003260                SLPCTRL_Initialize

.text.WDT_Initialize
                0x000000000000327a       0x1a
 .text.WDT_Initialize
                0x000000000000327a       0x1a build/default/production/mcc_generated_files/mcc.o
                0x000000000000327a                WDT_Initialize

.text.ADC0_GetConversionResult
                0x0000000000003294       0x18
 .text.ADC0_GetConversionResult
                0x0000000000003294       0x18 build/default/production/mcc_generated_files/src/adc0.o
                0x0000000000003294                ADC0_GetConversionResult

.text.AD9833Reset
                0x00000000000032ac       0x18
 .text.AD9833Reset
                0x00000000000032ac       0x18 build/default/production/AD9833.o
                0x00000000000032ac                AD9833Reset

.text.AD9833ClearReset
                0x00000000000032c4       0x18
 .text.AD9833ClearReset
                0x00000000000032c4       0x18 build/default/production/AD9833.o
                0x00000000000032c4                AD9833ClearReset

.text.PORTD_PD5_DefaultInterruptHandler
                0x00000000000032dc       0x10
 .text.PORTD_PD5_DefaultInterruptHandler
                0x00000000000032dc       0x10 build/default/production/mcc_generated_files/src/pin_manager.o
                0x00000000000032dc                PORTD_PD5_DefaultInterruptHandler

.text.PORTB_PB2_DefaultInterruptHandler
                0x00000000000032ec       0x10
 .text.PORTB_PB2_DefaultInterruptHandler
                0x00000000000032ec       0x10 build/default/production/mcc_generated_files/src/pin_manager.o
                0x00000000000032ec                PORTB_PB2_DefaultInterruptHandler

.text.PORTD_PD4_DefaultInterruptHandler
                0x00000000000032fc       0x10
 .text.PORTD_PD4_DefaultInterruptHandler
                0x00000000000032fc       0x10 build/default/production/mcc_generated_files/src/pin_manager.o
                0x00000000000032fc                PORTD_PD4_DefaultInterruptHandler

.text.PORTD_AD9833_FSN1_DefaultInterruptHandler
                0x000000000000330c       0x10
 .text.PORTD_AD9833_FSN1_DefaultInterruptHandler
                0x000000000000330c       0x10 build/default/production/mcc_generated_files/src/pin_manager.o
                0x000000000000330c                PORTD_AD9833_FSN1_DefaultInterruptHandler

.text.PORTB_WC_OE2_DefaultInterruptHandler
                0x000000000000331c       0x10
 .text.PORTB_WC_OE2_DefaultInterruptHandler
                0x000000000000331c       0x10 build/default/production/mcc_generated_files/src/pin_manager.o
                0x000000000000331c                PORTB_WC_OE2_DefaultInterruptHandler

.text.PORTB_AD5227_CS3_DefaultInterruptHandler
                0x000000000000332c       0x10
 .text.PORTB_AD5227_CS3_DefaultInterruptHandler
                0x000000000000332c       0x10 build/default/production/mcc_generated_files/src/pin_manager.o
                0x000000000000332c                PORTB_AD5227_CS3_DefaultInterruptHandler

.text.PORTD_PD6_DefaultInterruptHandler
                0x000000000000333c       0x10
 .text.PORTD_PD6_DefaultInterruptHandler
                0x000000000000333c       0x10 build/default/production/mcc_generated_files/src/pin_manager.o
                0x000000000000333c                PORTD_PD6_DefaultInterruptHandler

.text.PORTE_AD5227_CS2_DefaultInterruptHandler
                0x000000000000334c       0x10
 .text.PORTE_AD5227_CS2_DefaultInterruptHandler
                0x000000000000334c       0x10 build/default/production/mcc_generated_files/src/pin_manager.o
                0x000000000000334c                PORTE_AD5227_CS2_DefaultInterruptHandler

.text.PORTC_PC0_DefaultInterruptHandler
                0x000000000000335c       0x10
 .text.PORTC_PC0_DefaultInterruptHandler
                0x000000000000335c       0x10 build/default/production/mcc_generated_files/src/pin_manager.o
                0x000000000000335c                PORTC_PC0_DefaultInterruptHandler

.text.PORTE_AD9833_FSN3_DefaultInterruptHandler
                0x000000000000336c       0x10
 .text.PORTE_AD9833_FSN3_DefaultInterruptHandler
                0x000000000000336c       0x10 build/default/production/mcc_generated_files/src/pin_manager.o
                0x000000000000336c                PORTE_AD9833_FSN3_DefaultInterruptHandler

.text.PORTA_PA0_DefaultInterruptHandler
                0x000000000000337c       0x10
 .text.PORTA_PA0_DefaultInterruptHandler
                0x000000000000337c       0x10 build/default/production/mcc_generated_files/src/pin_manager.o
                0x000000000000337c                PORTA_PA0_DefaultInterruptHandler

.text.PORTE_PE3_DefaultInterruptHandler
                0x000000000000338c       0x10
 .text.PORTE_PE3_DefaultInterruptHandler
                0x000000000000338c       0x10 build/default/production/mcc_generated_files/src/pin_manager.o
                0x000000000000338c                PORTE_PE3_DefaultInterruptHandler

.text.PORTC_PC1_DefaultInterruptHandler
                0x000000000000339c       0x10
 .text.PORTC_PC1_DefaultInterruptHandler
                0x000000000000339c       0x10 build/default/production/mcc_generated_files/src/pin_manager.o
                0x000000000000339c                PORTC_PC1_DefaultInterruptHandler

.text.PORTA_PA2_DefaultInterruptHandler
                0x00000000000033ac       0x10
 .text.PORTA_PA2_DefaultInterruptHandler
                0x00000000000033ac       0x10 build/default/production/mcc_generated_files/src/pin_manager.o
                0x00000000000033ac                PORTA_PA2_DefaultInterruptHandler

.text.PORTA_PA1_DefaultInterruptHandler
                0x00000000000033bc       0x10
 .text.PORTA_PA1_DefaultInterruptHandler
                0x00000000000033bc       0x10 build/default/production/mcc_generated_files/src/pin_manager.o
                0x00000000000033bc                PORTA_PA1_DefaultInterruptHandler

.text.PORTC_LED0_DefaultInterruptHandler
                0x00000000000033cc       0x10
 .text.PORTC_LED0_DefaultInterruptHandler
                0x00000000000033cc       0x10 build/default/production/mcc_generated_files/src/pin_manager.o
                0x00000000000033cc                PORTC_LED0_DefaultInterruptHandler

.text.PORTA_PA4_DefaultInterruptHandler
                0x00000000000033dc       0x10
 .text.PORTA_PA4_DefaultInterruptHandler
                0x00000000000033dc       0x10 build/default/production/mcc_generated_files/src/pin_manager.o
                0x00000000000033dc                PORTA_PA4_DefaultInterruptHandler

.text.PORTA_PA6_DefaultInterruptHandler
                0x00000000000033ec       0x10
 .text.PORTA_PA6_DefaultInterruptHandler
                0x00000000000033ec       0x10 build/default/production/mcc_generated_files/src/pin_manager.o
                0x00000000000033ec                PORTA_PA6_DefaultInterruptHandler

.text.PORTC_SW_DefaultInterruptHandler
                0x00000000000033fc       0x10
 .text.PORTC_SW_DefaultInterruptHandler
                0x00000000000033fc       0x10 build/default/production/mcc_generated_files/src/pin_manager.o
                0x00000000000033fc                PORTC_SW_DefaultInterruptHandler

.text.PORTA_PA5_DefaultInterruptHandler
                0x000000000000340c       0x10
 .text.PORTA_PA5_DefaultInterruptHandler
                0x000000000000340c       0x10 build/default/production/mcc_generated_files/src/pin_manager.o
                0x000000000000340c                PORTA_PA5_DefaultInterruptHandler

.text.PORTA_AD5227_CS1_DefaultInterruptHandler
                0x000000000000341c       0x10
 .text.PORTA_AD5227_CS1_DefaultInterruptHandler
                0x000000000000341c       0x10 build/default/production/mcc_generated_files/src/pin_manager.o
                0x000000000000341c                PORTA_AD5227_CS1_DefaultInterruptHandler

.text.PORTF_AD9833_FSN2_DefaultInterruptHandler
                0x000000000000342c       0x10
 .text.PORTF_AD9833_FSN2_DefaultInterruptHandler
                0x000000000000342c       0x10 build/default/production/mcc_generated_files/src/pin_manager.o
                0x000000000000342c                PORTF_AD9833_FSN2_DefaultInterruptHandler

.text.PORTD_PD1_DefaultInterruptHandler
                0x000000000000343c       0x10
 .text.PORTD_PD1_DefaultInterruptHandler
                0x000000000000343c       0x10 build/default/production/mcc_generated_files/src/pin_manager.o
                0x000000000000343c                PORTD_PD1_DefaultInterruptHandler

.text.PORTD_WC_OE1_DefaultInterruptHandler
                0x000000000000344c       0x10
 .text.PORTD_WC_OE1_DefaultInterruptHandler
                0x000000000000344c       0x10 build/default/production/mcc_generated_files/src/pin_manager.o
                0x000000000000344c                PORTD_WC_OE1_DefaultInterruptHandler

.text.PORTB_PB1_DefaultInterruptHandler
                0x000000000000345c       0x10
 .text.PORTB_PB1_DefaultInterruptHandler
                0x000000000000345c       0x10 build/default/production/mcc_generated_files/src/pin_manager.o
                0x000000000000345c                PORTB_PB1_DefaultInterruptHandler

.text.PORTD_WC_OE3_DefaultInterruptHandler
                0x000000000000346c       0x10
 .text.PORTD_WC_OE3_DefaultInterruptHandler
                0x000000000000346c       0x10 build/default/production/mcc_generated_files/src/pin_manager.o
                0x000000000000346c                PORTD_WC_OE3_DefaultInterruptHandler

.text.PORTB_PB0_DefaultInterruptHandler
                0x000000000000347c       0x10
 .text.PORTB_PB0_DefaultInterruptHandler
                0x000000000000347c       0x10 build/default/production/mcc_generated_files/src/pin_manager.o
                0x000000000000347c                PORTB_PB0_DefaultInterruptHandler

.text.TCA1_DefaultCMP0IsrCallback
                0x000000000000348c       0x10
 .text.TCA1_DefaultCMP0IsrCallback
                0x000000000000348c       0x10 build/default/production/mcc_generated_files/src/tca1.o
                0x000000000000348c                TCA1_DefaultCMP0IsrCallback

.text.TCA1_DefaultCMP1IsrCallback
                0x000000000000349c       0x10
 .text.TCA1_DefaultCMP1IsrCallback
                0x000000000000349c       0x10 build/default/production/mcc_generated_files/src/tca1.o
                0x000000000000349c                TCA1_DefaultCMP1IsrCallback

.text.TCA1_DefaultCMP2IsrCallback
                0x00000000000034ac       0x10
 .text.TCA1_DefaultCMP2IsrCallback
                0x00000000000034ac       0x10 build/default/production/mcc_generated_files/src/tca1.o
                0x00000000000034ac                TCA1_DefaultCMP2IsrCallback

.text.TCA1_DefaultOVFIsrCallback
                0x00000000000034bc       0x10
 .text.TCA1_DefaultOVFIsrCallback
                0x00000000000034bc       0x10 build/default/production/mcc_generated_files/src/tca1.o
                0x00000000000034bc                TCA1_DefaultOVFIsrCallback

.text.TCA0_DefaultCMP0IsrCallback
                0x00000000000034cc       0x10
 .text.TCA0_DefaultCMP0IsrCallback
                0x00000000000034cc       0x10 build/default/production/mcc_generated_files/src/tca0.o
                0x00000000000034cc                TCA0_DefaultCMP0IsrCallback

.text.TCA0_DefaultCMP1IsrCallback
                0x00000000000034dc       0x10
 .text.TCA0_DefaultCMP1IsrCallback
                0x00000000000034dc       0x10 build/default/production/mcc_generated_files/src/tca0.o
                0x00000000000034dc                TCA0_DefaultCMP1IsrCallback

.text.TCA0_DefaultCMP2IsrCallback
                0x00000000000034ec       0x10
 .text.TCA0_DefaultCMP2IsrCallback
                0x00000000000034ec       0x10 build/default/production/mcc_generated_files/src/tca0.o
                0x00000000000034ec                TCA0_DefaultCMP2IsrCallback

.text.TCA0_DefaultOVFIsrCallback
                0x00000000000034fc       0x10
 .text.TCA0_DefaultOVFIsrCallback
                0x00000000000034fc       0x10 build/default/production/mcc_generated_files/src/tca0.o
                0x00000000000034fc                TCA0_DefaultOVFIsrCallback

.text.avrlibc.fplib
                0x000000000000350c       0x10
 .text.avrlibc.fplib
                0x000000000000350c       0x10 c:/program files/microchip/xc8/v2.20/avr/bin/../lib/gcc/avr/5.4.0/../../../../avr/lib/avrxmega4/memx-const\libm.a(inverse.o)
                0x000000000000350c                inverse

.text.avrlibc.fplib
                0x000000000000351c        0xe
 .text.avrlibc.fplib
                0x000000000000351c        0xe c:/program files/microchip/xc8/v2.20/avr/bin/../lib/gcc/avr/5.4.0/../../../../avr/lib/avrxmega4/memx-const\libm.a(addsf3.o)
                0x000000000000351c                __subsf3
                0x000000000000351e                __addsf3

.text.avrlibc.fplib
                0x000000000000352a        0xe
 .text.avrlibc.fplib
                0x000000000000352a        0xe c:/program files/microchip/xc8/v2.20/avr/bin/../lib/gcc/avr/5.4.0/../../../../avr/lib/avrxmega4/memx-const\libm.a(fp_pscA.o)
                0x000000000000352a                __fp_pscA

.text.avrlibc.fplib
                0x0000000000003538        0xe
 .text.avrlibc.fplib
                0x0000000000003538        0xe c:/program files/microchip/xc8/v2.20/avr/bin/../lib/gcc/avr/5.4.0/../../../../avr/lib/avrxmega4/memx-const\libm.a(fp_pscB.o)
                0x0000000000003538                __fp_pscB

.text.avrlibc.fplib
                0x0000000000003546        0xe
 .text.avrlibc.fplib
                0x0000000000003546        0xe c:/program files/microchip/xc8/v2.20/avr/bin/../lib/gcc/avr/5.4.0/../../../../avr/lib/avrxmega4/memx-const\libm.a(fp_zero.o)
                0x0000000000003546                __fp_zero
                0x0000000000003548                __fp_szero

.text.avrlibc.fplib
                0x0000000000003554        0xe
 .text.avrlibc.fplib
                0x0000000000003554        0xe c:/program files/microchip/xc8/v2.20/avr/bin/../lib/gcc/avr/5.4.0/../../../../avr/lib/avrxmega4/memx-const\libm.a(fp_norm2.o)
                0x0000000000003554                __fp_norm2

.text.avrlibc.fplib
                0x0000000000003562        0xc
 .text.avrlibc.fplib
                0x0000000000003562        0xc c:/program files/microchip/xc8/v2.20/avr/bin/../lib/gcc/avr/5.4.0/../../../../avr/lib/avrxmega4/memx-const\libm.a(fp_inf.o)
                0x0000000000003562                __fp_inf

.text.protected_write_io
                0x000000000000356e        0xa
 .text.protected_write_io
                0x000000000000356e        0xa build/default/production/mcc_generated_files/src/protected_io.o
                0x000000000000356e                protected_write_io

.text.avrlibc.fplib
                0x0000000000003578        0xa
 .text.avrlibc.fplib
                0x0000000000003578        0xa c:/program files/microchip/xc8/v2.20/avr/bin/../lib/gcc/avr/5.4.0/../../../../avr/lib/avrxmega4/memx-const\libm.a(cmpsf2.o)
                0x0000000000003578                __nesf2
                0x0000000000003578                __eqsf2
                0x0000000000003578                __cmpsf2
                0x0000000000003578                __ltsf2
                0x0000000000003578                __lesf2

.text.avrlibc.fplib
                0x0000000000003582        0xa
 .text.avrlibc.fplib
                0x0000000000003582        0xa c:/program files/microchip/xc8/v2.20/avr/bin/../lib/gcc/avr/5.4.0/../../../../avr/lib/avrxmega4/memx-const\libm.a(gesf2.o)
                0x0000000000003582                __gesf2
                0x0000000000003582                __gtsf2

.text.avrlibc.fplib
                0x000000000000358c        0x8
 .text.avrlibc.fplib
                0x000000000000358c        0x8 c:/program files/microchip/xc8/v2.20/avr/bin/../lib/gcc/avr/5.4.0/../../../../avr/lib/avrxmega4/memx-const\libm.a(divsf3.o)
                0x000000000000358c                __divsf3

.text.avrlibc.fplib
                0x0000000000003594        0x8
 .text.avrlibc.fplib
                0x0000000000003594        0x8 c:/program files/microchip/xc8/v2.20/avr/bin/../lib/gcc/avr/5.4.0/../../../../avr/lib/avrxmega4/memx-const\libm.a(mulsf3.o)
                0x0000000000003594                __mulsf3

.text.avrlibc.fplib
                0x000000000000359c        0x6
 .text.avrlibc.fplib
                0x000000000000359c        0x6 c:/program files/microchip/xc8/v2.20/avr/bin/../lib/gcc/avr/5.4.0/../../../../avr/lib/avrxmega4/memx-const\libm.a(fp_nan.o)
                0x000000000000359c                __fp_nan

.text           0x00000000000035a2        0x4
 .text          0x00000000000035a2        0x4 C:/Users/I20946/.mchp_packs/Microchip/AVR-Dx_DFP/1.3.65/xc8/avr/lib/avrxmega4/memx-const/crtavr128da48.o
                0x00000000000035a2                __vector_38
                0x00000000000035a2                __vector_22
                0x00000000000035a2                __vector_28
                0x00000000000035a2                __vector_1
                0x00000000000035a2                __vector_34
                0x00000000000035a2                __vector_12
                0x00000000000035a2                __vector_55
                0x00000000000035a2                __bad_interrupt
                0x00000000000035a2                __vector_6
                0x00000000000035a2                __vector_35
                0x00000000000035a2                __vector_39
                0x00000000000035a2                __vector_3
                0x00000000000035a2                __vector_23
                0x00000000000035a2                __vector_30
                0x00000000000035a2                __vector_45
                0x00000000000035a2                __vector_54
                0x00000000000035a2                __vector_13
                0x00000000000035a2                __vector_17
                0x00000000000035a2                __vector_19
                0x00000000000035a2                __vector_56
                0x00000000000035a2                __vector_41
                0x00000000000035a2                __vector_43
                0x00000000000035a2                __vector_27
                0x00000000000035a2                __vector_5
                0x00000000000035a2                __vector_47
                0x00000000000035a2                __vector_52
                0x00000000000035a2                __vector_37
                0x00000000000035a2                __vector_4
                0x00000000000035a2                __vector_44
                0x00000000000035a2                __vector_21
                0x00000000000035a2                __vector_15
                0x00000000000035a2                __vector_36
                0x00000000000035a2                __vector_29
                0x00000000000035a2                __vector_40
                0x00000000000035a2                __vector_8
                0x00000000000035a2                __vector_14
                0x00000000000035a2                __vector_57
                0x00000000000035a2                __vector_53
                0x00000000000035a2                __vector_16
                0x00000000000035a2                __vector_18
                0x00000000000035a2                __vector_20
                0x00000000000035a2                __vector_42

.data.USART1_stream
                0x0000000000804049        0xf load address 0x00000000000035a6
 .data.USART1_stream
                0x0000000000804049        0xf build/default/production/mcc_generated_files/src/usart1.o
                0x0000000000804049                USART1_stream

.data.Lines     0x000000000080407c        0x4 load address 0x00000000000035b5
 .data.Lines    0x000000000080407c        0x4 build/default/production/application.o
                0x000000000080407c                Lines

.data.freqency  0x0000000000804080        0x4 load address 0x00000000000035b9
 .data.freqency
                0x0000000000804080        0x4 build/default/production/application.o
                0x0000000000804080                freqency

.data.USART1_rx_isr_cb
                0x00000000008040ba        0x2 load address 0x00000000000035bd
 .data.USART1_rx_isr_cb
                0x00000000008040ba        0x2 build/default/production/mcc_generated_files/src/usart1.o
                0x00000000008040ba                USART1_rx_isr_cb

.data.USART1_tx_isr_cb
                0x00000000008040bc        0x2 load address 0x00000000000035bf
 .data.USART1_tx_isr_cb
                0x00000000008040bc        0x2 build/default/production/mcc_generated_files/src/usart1.o
                0x00000000008040bc                USART1_tx_isr_cb

.data.TCA1_CMP0_isr_cb
                0x00000000008040c2        0x2 load address 0x00000000000035c1
 .data.TCA1_CMP0_isr_cb
                0x00000000008040c2        0x2 build/default/production/mcc_generated_files/src/tca1.o
                0x00000000008040c2                TCA1_CMP0_isr_cb

.data.TCA1_CMP1_isr_cb
                0x00000000008040c4        0x2 load address 0x00000000000035c3
 .data.TCA1_CMP1_isr_cb
                0x00000000008040c4        0x2 build/default/production/mcc_generated_files/src/tca1.o
                0x00000000008040c4                TCA1_CMP1_isr_cb

.data.TCA1_CMP2_isr_cb
                0x00000000008040c6        0x2 load address 0x00000000000035c5
 .data.TCA1_CMP2_isr_cb
                0x00000000008040c6        0x2 build/default/production/mcc_generated_files/src/tca1.o
                0x00000000008040c6                TCA1_CMP2_isr_cb

.data.TCA1_OVF_isr_cb
                0x00000000008040c8        0x2 load address 0x00000000000035c7
 .data.TCA1_OVF_isr_cb
                0x00000000008040c8        0x2 build/default/production/mcc_generated_files/src/tca1.o
                0x00000000008040c8                TCA1_OVF_isr_cb

.data.TCA0_CMP0_isr_cb
                0x00000000008040ca        0x2 load address 0x00000000000035c9
 .data.TCA0_CMP0_isr_cb
                0x00000000008040ca        0x2 build/default/production/mcc_generated_files/src/tca0.o
                0x00000000008040ca                TCA0_CMP0_isr_cb

.data.TCA0_CMP1_isr_cb
                0x00000000008040cc        0x2 load address 0x00000000000035cb
 .data.TCA0_CMP1_isr_cb
                0x00000000008040cc        0x2 build/default/production/mcc_generated_files/src/tca0.o
                0x00000000008040cc                TCA0_CMP1_isr_cb

.data.TCA0_CMP2_isr_cb
                0x00000000008040ce        0x2 load address 0x00000000000035cd
 .data.TCA0_CMP2_isr_cb
                0x00000000008040ce        0x2 build/default/production/mcc_generated_files/src/tca0.o
                0x00000000008040ce                TCA0_CMP2_isr_cb

.data.TCA0_OVF_isr_cb
                0x00000000008040d0        0x2 load address 0x00000000000035cf
 .data.TCA0_OVF_isr_cb
                0x00000000008040d0        0x2 build/default/production/mcc_generated_files/src/tca0.o
                0x00000000008040d0                TCA0_OVF_isr_cb

.data.tergatedSamples
                0x00000000008040d6        0x2 load address 0x00000000000035d1
 .data.tergatedSamples
                0x00000000008040d6        0x2 build/default/production/application.o
                0x00000000008040d6                tergatedSamples

.data.freq_sel  0x00000000008040e0        0x1 load address 0x00000000000035d3
 .data.freq_sel
                0x00000000008040e0        0x1 build/default/production/application.o
                0x00000000008040e0                freq_sel