Archive member included to satisfy reference by file (symbol)

c:/program files/microchip/xc8/v2.32/avr/bin/../lib/gcc/avr/5.4.0/../../../../avr/lib/avrxmega4/memx-const\libm.a(addsf3.o)
                              build/default/production/application.o (__addsf3)
c:/program files/microchip/xc8/v2.32/avr/bin/../lib/gcc/avr/5.4.0/../../../../avr/lib/avrxmega4/memx-const\libm.a(addsf3x.o)
                              c:/program files/microchip/xc8/v2.32/avr/bin/../lib/gcc/avr/5.4.0/../../../../avr/lib/avrxmega4/memx-const\libm.a(addsf3.o) (__addsf3x)
c:/program files/microchip/xc8/v2.32/avr/bin/../lib/gcc/avr/5.4.0/../../../../avr/lib/avrxmega4/memx-const\libm.a(cmpsf2.o)
                              build/default/production/main.o (__ltsf2)
c:/program files/microchip/xc8/v2.32/avr/bin/../lib/gcc/avr/5.4.0/../../../../avr/lib/avrxmega4/memx-const\libm.a(divsf3.o)
                              build/default/production/application.o (__divsf3)
c:/program files/microchip/xc8/v2.32/avr/bin/../lib/gcc/avr/5.4.0/../../../../avr/lib/avrxmega4/memx-const\libm.a(divsf3x.o)
                              c:/program files/microchip/xc8/v2.32/avr/bin/../lib/gcc/avr/5.4.0/../../../../avr/lib/avrxmega4/memx-const\libm.a(divsf3.o) (__divsf3x)
c:/program files/microchip/xc8/v2.32/avr/bin/../lib/gcc/avr/5.4.0/../../../../avr/lib/avrxmega4/memx-const\libm.a(fixunssfsi.o)
                              build/default/production/main.o (__fixunssfsi)
c:/program files/microchip/xc8/v2.32/avr/bin/../lib/gcc/avr/5.4.0/../../../../avr/lib/avrxmega4/memx-const\libm.a(floatsisf.o)
                              build/default/production/application.o (__floatunsisf)
c:/program files/microchip/xc8/v2.32/avr/bin/../lib/gcc/avr/5.4.0/../../../../avr/lib/avrxmega4/memx-const\libm.a(fp_cmp.o)
                              c:/program files/microchip/xc8/v2.32/avr/bin/../lib/gcc/avr/5.4.0/../../../../avr/lib/avrxmega4/memx-const\libm.a(cmpsf2.o) (__fp_cmp)
c:/program files/microchip/xc8/v2.32/avr/bin/../lib/gcc/avr/5.4.0/../../../../avr/lib/avrxmega4/memx-const\libm.a(fp_inf.o)
                              c:/program files/microchip/xc8/v2.32/avr/bin/../lib/gcc/avr/5.4.0/../../../../avr/lib/avrxmega4/memx-const\libm.a(addsf3x.o) (__fp_inf)
c:/program files/microchip/xc8/v2.32/avr/bin/../lib/gcc/avr/5.4.0/../../../../avr/lib/avrxmega4/memx-const\libm.a(fp_nan.o)
                              c:/program files/microchip/xc8/v2.32/avr/bin/../lib/gcc/avr/5.4.0/../../../../avr/lib/avrxmega4/memx-const\libm.a(addsf3x.o) (__fp_nan)
c:/program files/microchip/xc8/v2.32/avr/bin/../lib/gcc/avr/5.4.0/../../../../avr/lib/avrxmega4/memx-const\libm.a(fp_pscA.o)
                              c:/program files/microchip/xc8/v2.32/avr/bin/../lib/gcc/avr/5.4.0/../../../../avr/lib/avrxmega4/memx-const\libm.a(addsf3x.o) (__fp_pscA)
c:/program files/microchip/xc8/v2.32/avr/bin/../lib/gcc/avr/5.4.0/../../../../avr/lib/avrxmega4/memx-const\libm.a(fp_pscB.o)
                              c:/program files/microchip/xc8/v2.32/avr/bin/../lib/gcc/avr/5.4.0/../../../../avr/lib/avrxmega4/memx-const\libm.a(addsf3x.o) (__fp_pscB)
c:/program files/microchip/xc8/v2.32/avr/bin/../lib/gcc/avr/5.4.0/../../../../avr/lib/avrxmega4/memx-const\libm.a(fp_round.o)
                              c:/program files/microchip/xc8/v2.32/avr/bin/../lib/gcc/avr/5.4.0/../../../../avr/lib/avrxmega4/memx-const\libm.a(addsf3.o) (__fp_round)
c:/program files/microchip/xc8/v2.32/avr/bin/../lib/gcc/avr/5.4.0/../../../../avr/lib/avrxmega4/memx-const\libm.a(fp_split3.o)
                              c:/program files/microchip/xc8/v2.32/avr/bin/../lib/gcc/avr/5.4.0/../../../../avr/lib/avrxmega4/memx-const\libm.a(addsf3x.o) (__fp_split3)
c:/program files/microchip/xc8/v2.32/avr/bin/../lib/gcc/avr/5.4.0/../../../../avr/lib/avrxmega4/memx-const\libm.a(fp_zero.o)
                              c:/program files/microchip/xc8/v2.32/avr/bin/../lib/gcc/avr/5.4.0/../../../../avr/lib/avrxmega4/memx-const\libm.a(addsf3x.o) (__fp_zero)
c:/program files/microchip/xc8/v2.32/avr/bin/../lib/gcc/avr/5.4.0/../../../../avr/lib/avrxmega4/memx-const\libm.a(gesf2.o)
                              build/default/production/main.o (__gtsf2)
c:/program files/microchip/xc8/v2.32/avr/bin/../lib/gcc/avr/5.4.0/../../../../avr/lib/avrxmega4/memx-const\libm.a(mulsf3.o)
                              build/default/production/main.o (__mulsf3)
c:/program files/microchip/xc8/v2.32/avr/bin/../lib/gcc/avr/5.4.0/../../../../avr/lib/avrxmega4/memx-const\libm.a(mulsf3x.o)
                              c:/program files/microchip/xc8/v2.32/avr/bin/../lib/gcc/avr/5.4.0/../../../../avr/lib/avrxmega4/memx-const\libm.a(mulsf3.o) (__mulsf3x)
c:/program files/microchip/xc8/v2.32/avr/bin/../lib/gcc/avr/5.4.0/../../../../avr/lib/avrxmega4/memx-const\libm.a(pow.o)
                              build/default/production/application.o (pow)
[...]
Memory Configuration

Name             Origin             Length             Attributes
text             0x0000000000000000 0x0000000000020000 xr
data             0x0000000000804000 0x0000000000004000 rw !x
eeprom           0x0000000000810000 0x0000000000000200 rw !x
fuse             0x0000000000820000 0x0000000000000010 rw !x
lock             0x0000000000830000 0x0000000000000400 rw !x
signature        0x0000000000840000 0x0000000000000400 rw !x
user_signatures  0x0000000000850000 0x0000000000000400 rw !x
*default*        0x0000000000000000 0xffffffffffffffff

Linker script and memory map

Address of section .data set to 0x804000
                0x0000000000008000                __RODATA_PM_OFFSET__ = 0x8000
LOAD C:/Program Files/Microchip/MPLABX/v5.50/packs/Microchip/AVR-Dx_DFP/1.8.112/xc8/avr/lib/avrxmega4/memx-const/crtavr128da48.o
                0x0000000000000001                __MPLAB_BUILD = 0x1
LOAD build/default/production/mcc_generated_files/adc/src/adc0.o
LOAD build/default/production/mcc_generated_files/spi/src/spi0.o
LOAD build/default/production/mcc_generated_files/system/src/config_bits.o
LOAD build/default/production/mcc_generated_files/system/src/pins.o
LOAD build/default/production/mcc_generated_files/system/src/protected_io.o
LOAD build/default/production/mcc_generated_files/system/src/interrupt.o
LOAD build/default/production/mcc_generated_files/system/src/system.o
LOAD build/default/production/mcc_generated_files/system/src/clock.o
LOAD build/default/production/mcc_generated_files/timer/src/tca1.o
LOAD build/default/production/mcc_generated_files/timer/src/tca0.o
LOAD build/default/production/mcc_generated_files/uart/src/usart1.o
LOAD build/default/production/mcc_generated_files/vref/src/vref.o
LOAD build/default/production/mcc_generated_files/zcd/src/zcd1.o
LOAD build/default/production/mcc_generated_files/zcd/src/zcd0.o
LOAD build/default/production/main.o
LOAD build/default/production/AD5227.o
LOAD build/default/production/AD9833.o
LOAD build/default/production/Communication.o
LOAD build/default/production/application.o
LOAD build/default/production/dataVisualizer.o
START GROUP
LOAD c:/program files/microchip/xc8/v2.32/avr/bin/../lib/gcc/avr/5.4.0/../../../../avr/lib/avrxmega4/memx-const\libm.a
END GROUP
START GROUP
LOAD c:/program files/microchip/xc8/v2.32/avr/bin/../lib/gcc/avr/5.4.0/avrxmega4/memx-const\libgcc.a
LOAD c:/program files/microchip/xc8/v2.32/avr/bin/../lib/gcc/avr/5.4.0/../../../../avr/lib/avrxmega4/memx-const\libm.a
LOAD c:/program files/microchip/xc8/v2.32/avr/bin/../lib/gcc/avr/5.4.0/../../../../avr/lib/avrxmega4/memx-const\libc.a
LOAD C:/Program Files/Microchip/MPLABX/v5.50/packs/Microchip/AVR-Dx_DFP/1.8.112/xc8/avr/lib/avrxmega4/memx-const\libavr128da48.a
END GROUP
                [0x0000000000000000]                __TEXT_REGION_ORIGIN__ = DEFINED (__TEXT_REGION_ORIGIN__)?__TEXT_REGION_ORIGIN__:0x0
                [0x0000000000804000]                __DATA_REGION_ORIGIN__ = DEFINED (__DATA_REGION_ORIGIN__)?__DATA_REGION_ORIGIN__:0x802000
                [0x0000000000020000]                __TEXT_REGION_LENGTH__ = DEFINED (__TEXT_REGION_LENGTH__)?__TEXT_REGION_LENGTH__:0x100000
                [0x0000000000004000]                __DATA_REGION_LENGTH__ = DEFINED (__DATA_REGION_LENGTH__)?__DATA_REGION_LENGTH__:0xffa0
                [0x0000000000000200]                __EEPROM_REGION_LENGTH__ = DEFINED (__EEPROM_REGION_LENGTH__)?__EEPROM_REGION_LENGTH__:0x10000
                [0x0000000000000010]                __FUSE_REGION_LENGTH__ = DEFINED (__FUSE_REGION_LENGTH__)?__FUSE_REGION_LENGTH__:0x400
                0x0000000000000400                __LOCK_REGION_LENGTH__ = DEFINED (__LOCK_REGION_LENGTH__)?__LOCK_REGION_LENGTH__:0x400
                0x0000000000000400                __SIGNATURE_REGION_LENGTH__ = DEFINED (__SIGNATURE_REGION_LENGTH__)?__SIGNATURE_REGION_LENGTH__:0x400
                0x0000000000000400                __USER_SIGNATURE_REGION_LENGTH__ = DEFINED (__USER_SIGNATURE_REGION_LENGTH__)?__USER_SIGNATURE_REGION_LENGTH__:0x400

.hash
 *(.hash)

.dynsym
 *(.dynsym)

.dynstr
 *(.dynstr)

.gnu.version
 *(.gnu.version)

.gnu.version_d
 *(.gnu.version_d)

.gnu.version_r
 *(.gnu.version_r)

.rel.init
 *(.rel.init)

.rela.init
 *(.rela.init)

.rel.text
 *(.rel.text)
 *(.rel.text.*)
 *(.rel.gnu.linkonce.t*)

.rela.text
 *(.rela.text)
 *(.rela.text.*)
 *(.rela.gnu.linkonce.t*)

.rel.fini
 *(.rel.fini)

.rela.fini
 *(.rela.fini)

.rel.rodata
 *(.rel.rodata)
 *(.rel.rodata.*)
 *(.rel.gnu.linkonce.r*)

.rela.rodata
 *(.rela.rodata)
 *(.rela.rodata.*)
 *(.rela.gnu.linkonce.r*)

.rel.data
 *(.rel.data)
 *(.rel.data.*)
 *(.rel.gnu.linkonce.d*)

.rela.data
 *(.rela.data)
 *(.rela.data.*)
 *(.rela.gnu.linkonce.d*)

.rel.ctors
 *(.rel.ctors)

.rela.ctors
 *(.rela.ctors)

.rel.dtors
 *(.rel.dtors)

.rela.dtors
 *(.rela.dtors)

.rel.got
 *(.rel.got)

.rela.got
 *(.rela.got)

.rel.bss
 *(.rel.bss)

.rela.bss
 *(.rela.bss)

.rel.plt
 *(.rel.plt)

.rela.plt
 *(.rela.plt)

.text           0x0000000000000000      0x1f2
 *(.vectors)
 .vectors       0x0000000000000000       0xe8 C:/Program Files/Microchip/MPLABX/v5.50/packs/Microchip/AVR-Dx_DFP/1.8.112/xc8/avr/lib/avrxmega4/memx-const/crtavr128da48.o
                0x0000000000000000                __vector_default
                0x0000000000000000                __vectors
 *(.vectors)
 *(.progmem.gcc*)
 .progmem.gcc_fplib
                0x00000000000000e8       0x28 c:/program files/microchip/xc8/v2.32/avr/bin/../lib/gcc/avr/5.4.0/../../../../avr/lib/avrxmega4/memx-const\libm.a(exp.o)
 .progmem.gcc_fplib
                0x0000000000000110       0x5a c:/program files/microchip/xc8/v2.32/avr/bin/../lib/gcc/avr/5.4.0/../../../../avr/lib/avrxmega4/memx-const\libm.a(log.o)
 *(.dinit)
 .dinit         0x000000000000016a       0x30 data_init
                0x000000000000019a                . = ALIGN (0x2)
                0x000000000000019a                __trampolines_start = .
 *(.trampolines)
 .trampolines   0x000000000000019a        0x0 linker stubs
 *(.trampolines*)
                0x000000000000019a                __trampolines_end = .
 *libprintf_flt.a:*(.progmem.data)
 *libc.a:*(.progmem.data)
                0x000000000000019a                . = ALIGN (0x2)
 *(.jumptables)
 *(.jumptables*)
 *(.lowtext)
 *(.lowtext*)
                0x000000000000019a                __ctors_start = .
 *(.ctors)
                0x000000000000019a                __ctors_end = .
                0x000000000000019a                __dtors_start = .
 *(.dtors)
                0x000000000000019a                __dtors_end = .
 SORT(*)(.ctors)
 SORT(*)(.dtors)
 *(.init0)
 .init0         0x000000000000019a        0x0 C:/Program Files/Microchip/MPLABX/v5.50/packs/Microchip/AVR-Dx_DFP/1.8.112/xc8/avr/lib/avrxmega4/memx-const/crtavr128da48.o
                0x000000000000019a                __init
 *(.init0)
 *(.init1)
 *(.init1)
 *(.init2)
 .init2         0x000000000000019a        0xc C:/Program Files/Microchip/MPLABX/v5.50/packs/Microchip/AVR-Dx_DFP/1.8.112/xc8/avr/lib/avrxmega4/memx-const/crtavr128da48.o
 *(.init2)
 *(.init3)
 *(.init3)
 *(.init4)
 .init4         0x00000000000001a6       0x40 c:/program files/microchip/xc8/v2.32/avr/bin/../lib/gcc/avr/5.4.0/avrxmega4/memx-const\libgcc.a(_copy_data.o)
                0x00000000000001a6                __do_copy_data
                0x00000000000001d8                __do_clear_bss
 *(.init4)
 *(.init5)
 *(.init5)
 *(.init6)
 *(.init6)
 *(.init7)
 *(.init7)
 *(.init8)
 *(.init8)
 *(.init9)
 .init9         0x00000000000001e6        0x8 C:/Program Files/Microchip/MPLABX/v5.50/packs/Microchip/AVR-Dx_DFP/1.8.112/xc8/avr/lib/avrxmega4/memx-const/crtavr128da48.o
 *(.init9)
                0x00000000000001ee                . = ALIGN (0x2)
 *(.fini9)
 .fini9         0x00000000000001ee        0x0 c:/program files/microchip/xc8/v2.32/avr/bin/../lib/gcc/avr/5.4.0/avrxmega4/memx-const\libgcc.a(_exit.o)
                0x00000000000001ee                _exit
                0x00000000000001ee                exit
 *(.fini9)
 *(.fini8)
 *(.fini8)
 *(.fini7)
 *(.fini7)
 *(.fini6)
 *(.fini6)
 *(.fini5)
 *(.fini5)
 *(.fini4)
 *(.fini4)
 *(.fini3)
 *(.fini3)
 *(.fini2)
 *(.fini2)
 *(.fini1)
 *(.fini1)
 *(.fini0)
 .fini0         0x00000000000001ee        0x4 c:/program files/microchip/xc8/v2.32/avr/bin/../lib/gcc/avr/5.4.0/avrxmega4/memx-const\libgcc.a(_exit.o)
 *(.fini0)
                0x00000000000001f2                _etext = .

.data           0x0000000000804000        0x0 load address 0x00000000000001f2
                [!provide]                        PROVIDE (__data_start, .)
 *(.gnu.linkonce.d*)
 *(.gnu.linkonce.r*)
                0x0000000000804000                . = ALIGN (0x2)
                0x0000000000804000                _edata = .
                [!provide]                        PROVIDE (__data_end, .)

.bss            0x0000000000804000       0x23
                [!provide]                        PROVIDE (__bss_start, .)
 *(COMMON)
 COMMON         0x0000000000804000        0x6 build/default/production/mcc_generated_files/zcd/src/zcd0.o
                0x0000000000804000                ZCD_Int_flag
                0x0000000000804003                PhaseLossFlag
 COMMON         0x0000000000804006        0x4 build/default/production/application.o
                0x0000000000804006                timerCounterValue
                0x0000000000804008                wfclkSel_st
 COMMON         0x000000000080400a       0x19 build/default/production/dataVisualizer.o
                0x000000000080400a                dataStremerFrame_u
                [!provide]                        PROVIDE (__bss_end, .)
                0x00000000000001f2                __data_load_start = LOADADDR (.data)
                0x00000000000001f2                __data_load_end = (__data_load_start + SIZEOF (.data))

.noinit         0x0000000000804023        0x0
                [!provide]                        PROVIDE (__noinit_start, .)
 *(.noinit*)
                [!provide]                        PROVIDE (__noinit_end, .)
                0x0000000000804023                _end = .

.eeprom         0x0000000000810000        0x0
 *(.eeprom*)
                0x0000000000810000                __eeprom_end = .

.fuse           0x0000000000820000        0x9
 *(.fuse)
 .fuse          0x0000000000820000        0x9 build/default/production/mcc_generated_files/system/src/config_bits.o
                0x0000000000820000                __fuse
 *(.lfuse)
 *(.hfuse)
 *(.efuse)

.lock
 *(.lock*)

.signature
 *(.signature*)

.user_signatures
 *(.user_signatures*)

.stab
 *(.stab)

.stabstr
 *(.stabstr)

.stab.excl
 *(.stab.excl)

.stab.exclstr
 *(.stab.exclstr)

.stab.index
 *(.stab.index)

.stab.indexstr
 *(.stab.indexstr)

.comment        0x0000000000000000       0x2f
 *(.comment)
 .comment       0x0000000000000000       0x2f build/default/production/mcc_generated_files/adc/src/adc0.o
                                         0x30 (size before relaxing)
 .comment       0x000000000000002f       0x30 build/default/production/mcc_generated_files/spi/src/spi0.o
 .comment       0x000000000000002f       0x30 build/default/production/mcc_generated_files/system/src/config_bits.o
 .comment       0x000000000000002f       0x30 build/default/production/mcc_generated_files/system/src/pins.o
 .comment       0x000000000000002f       0x30 build/default/production/mcc_generated_files/system/src/interrupt.o
 .comment       0x000000000000002f       0x30 build/default/production/mcc_generated_files/system/src/system.o
 .comment       0x000000000000002f       0x30 build/default/production/mcc_generated_files/system/src/clock.o
 .comment       0x000000000000002f       0x30 build/default/production/mcc_generated_files/timer/src/tca1.o
 .comment       0x000000000000002f       0x30 build/default/production/mcc_generated_files/timer/src/tca0.o
 .comment       0x000000000000002f       0x30 build/default/production/mcc_generated_files/uart/src/usart1.o
 .comment       0x000000000000002f       0x30 build/default/production/mcc_generated_files/vref/src/vref.o
 .comment       0x000000000000002f       0x30 build/default/production/mcc_generated_files/zcd/src/zcd1.o
 .comment       0x000000000000002f       0x30 build/default/production/mcc_generated_files/zcd/src/zcd0.o
 .comment       0x000000000000002f       0x30 build/default/production/main.o
 .comment       0x000000000000002f       0x30 build/default/production/AD5227.o
 .comment       0x000000000000002f       0x30 build/default/production/AD9833.o
 .comment       0x000000000000002f       0x30 build/default/production/Communication.o
 .comment       0x000000000000002f       0x30 build/default/production/application.o
 .comment       0x000000000000002f       0x30 build/default/production/dataVisualizer.o

.stack.descriptors.hdr
                0x0000000000000000      0x196
 .stack.descriptors.hdr
                0x0000000000000000        0xe c:/program files/microchip/xc8/v2.32/avr/bin/../lib/gcc/avr/5.4.0/../../../../avr/lib/avrxmega4/memx-const\libm.a(addsf3.o)
 .stack.descriptors.hdr
                0x000000000000000e        0xe c:/program files/microchip/xc8/v2.32/avr/bin/../lib/gcc/avr/5.4.0/../../../../avr/lib/avrxmega4/memx-const\libm.a(addsf3x.o)
 .stack.descriptors.hdr
                0x000000000000001c        0xe c:/program files/microchip/xc8/v2.32/avr/bin/../lib/gcc/avr/5.4.0/../../../../avr/lib/avrxmega4/memx-const\libm.a(cmpsf2.o)
 .stack.descriptors.hdr
                0x000000000000002a        0xe c:/program files/microchip/xc8/v2.32/avr/bin/../lib/gcc/avr/5.4.0/../../../../avr/lib/avrxmega4/memx-const\libm.a(divsf3.o)
 .stack.descriptors.hdr
                0x0000000000000038        0xe c:/program files/microchip/xc8/v2.32/avr/bin/../lib/gcc/avr/5.4.0/../../../../avr/lib/avrxmega4/memx-const\libm.a(divsf3x.o)
 .stack.descriptors.hdr
                0x0000000000000046        0xe c:/program files/microchip/xc8/v2.32/avr/bin/../lib/gcc/avr/5.4.0/../../../../avr/lib/avrxmega4/memx-const\libm.a(fixunssfsi.o)
 .stack.descriptors.hdr
                0x0000000000000054        0xe c:/program files/microchip/xc8/v2.32/avr/bin/../lib/gcc/avr/5.4.0/../../../../avr/lib/avrxmega4/memx-const\libm.a(floatsisf.o)
 .stack.descriptors.hdr
                0x0000000000000062        0xe c:/program files/microchip/xc8/v2.32/avr/bin/../lib/gcc/avr/5.4.0/../../../../avr/lib/avrxmega4/memx-const\libm.a(fp_cmp.o)
 .stack.descriptors.hdr
                0x0000000000000070        0xe c:/program files/microchip/xc8/v2.32/avr/bin/../lib/gcc/avr/5.4.0/../../../../avr/lib/avrxmega4/memx-const\libm.a(fp_inf.o)
 .stack.descriptors.hdr
                0x000000000000007e        0xe c:/program files/microchip/xc8/v2.32/avr/bin/../lib/gcc/avr/5.4.0/../../../../avr/lib/avrxmega4/memx-const\libm.a(fp_nan.o)
 .stack.descriptors.hdr
                0x000000000000008c        0xe c:/program files/microchip/xc8/v2.32/avr/bin/../lib/gcc/avr/5.4.0/../../../../avr/lib/avrxmega4/memx-const\libm.a(fp_pscA.o)
 .stack.descriptors.hdr
                0x000000000000009a        0xe c:/program files/microchip/xc8/v2.32/avr/bin/../lib/gcc/avr/5.4.0/../../../../avr/lib/avrxmega4/memx-const\libm.a(fp_pscB.o)
 .stack.descriptors.hdr
                0x00000000000000a8        0xe c:/program files/microchip/xc8/v2.32/avr/bin/../lib/gcc/avr/5.4.0/../../../../avr/lib/avrxmega4/memx-const\libm.a(fp_round.o)
 .stack.descriptors.hdr
                0x00000000000000b6        0xe c:/program files/microchip/xc8/v2.32/avr/bin/../lib/gcc/avr/5.4.0/../../../../avr/lib/avrxmega4/memx-const\libm.a(fp_split3.o)
 .stack.descriptors.hdr
                0x00000000000000c4        0xe c:/program files/microchip/xc8/v2.32/avr/bin/../lib/gcc/avr/5.4.0/../../../../avr/lib/avrxmega4/memx-const\libm.a(fp_zero.o)
 .stack.descriptors.hdr
                0x00000000000000d2        0xe c:/program files/microchip/xc8/v2.32/avr/bin/../lib/gcc/avr/5.4.0/../../../../avr/lib/avrxmega4/memx-const\libm.a(gesf2.o)
 .stack.descriptors.hdr
                0x00000000000000e0        0xe c:/program files/microchip/xc8/v2.32/avr/bin/../lib/gcc/avr/5.4.0/../../../../avr/lib/avrxmega4/memx-const\libm.a(mulsf3.o)
 .stack.descriptors.hdr
                0x00000000000000ee        0xe c:/program files/microchip/xc8/v2.32/avr/bin/../lib/gcc/avr/5.4.0/../../../../avr/lib/avrxmega4/memx-const\libm.a(mulsf3x.o)
 .stack.descriptors.hdr
                0x00000000000000fc        0xe c:/program files/microchip/xc8/v2.32/avr/bin/../lib/gcc/avr/5.4.0/../../../../avr/lib/avrxmega4/memx-const\libm.a(pow.o)
 .stack.descriptors.hdr
                0x000000000000010a        0xe c:/program files/microchip/xc8/v2.32/avr/bin/../lib/gcc/avr/5.4.0/../../../../avr/lib/avrxmega4/memx-const\libm.a(sqrt.o)
 .stack.descriptors.hdr
                0x0000000000000118        0xe c:/program files/microchip/xc8/v2.32/avr/bin/../lib/gcc/avr/5.4.0/../../../../avr/lib/avrxmega4/memx-const\libm.a(exp.o)
 .stack.descriptors.hdr
                0x0000000000000126        0xe c:/program files/microchip/xc8/v2.32/avr/bin/../lib/gcc/avr/5.4.0/../../../../avr/lib/avrxmega4/memx-const\libm.a(fp_mpack.o)
 .stack.descriptors.hdr
                0x0000000000000134        0xe c:/program files/microchip/xc8/v2.32/avr/bin/../lib/gcc/avr/5.4.0/../../../../avr/lib/avrxmega4/memx-const\libm.a(fp_norm2.o)
 .stack.descriptors.hdr
                0x0000000000000142        0xe c:/program files/microchip/xc8/v2.32/avr/bin/../lib/gcc/avr/5.4.0/../../../../avr/lib/avrxmega4/memx-const\libm.a(fp_powser.o)
 .stack.descriptors.hdr
                0x0000000000000150        0xe c:/program files/microchip/xc8/v2.32/avr/bin/../lib/gcc/avr/5.4.0/../../../../avr/lib/avrxmega4/memx-const\libm.a(inverse.o)
 .stack.descriptors.hdr
                0x000000000000015e        0xe c:/program files/microchip/xc8/v2.32/avr/bin/../lib/gcc/avr/5.4.0/../../../../avr/lib/avrxmega4/memx-const\libm.a(ldexp.o)
 .stack.descriptors.hdr
                0x000000000000016c        0xe c:/program files/microchip/xc8/v2.32/avr/bin/../lib/gcc/avr/5.4.0/../../../../avr/lib/avrxmega4/memx-const\libm.a(log.o)
 .stack.descriptors.hdr
                0x000000000000017a        0xe c:/program files/microchip/xc8/v2.32/avr/bin/../lib/gcc/avr/5.4.0/../../../../avr/lib/avrxmega4/memx-const\libm.a(modf.o)
 .stack.descriptors.hdr
                0x0000000000000188        0xe c:/program files/microchip/xc8/v2.32/avr/bin/../lib/gcc/avr/5.4.0/avrxmega4/memx-const\libgcc.a(_exit.o)

.note.gnu.build-id
 *(.note.gnu.build-id)

.debug
 *(.debug)

.line
 *(.line)

.debug_srcinfo
 *(.debug_srcinfo)

.debug_sfnames
 *(.debug_sfnames)

.debug_aranges  0x0000000000000000      0x8c8
 *(.debug_aranges)
 .debug_aranges
                0x0000000000000000       0xc0 build/default/production/mcc_generated_files/adc/src/adc0.o
 .debug_aranges
                0x00000000000000c0       0xb0 build/default/production/mcc_generated_files/spi/src/spi0.o
 .debug_aranges
                0x0000000000000170       0x18 build/default/production/mcc_generated_files/system/src/config_bits.o
 .debug_aranges
                0x0000000000000188      0x198 build/default/production/mcc_generated_files/system/src/pins.o
 .debug_aranges
                0x0000000000000320       0x20 build/default/production/mcc_generated_files/system/src/protected_io.o
 .debug_aranges
                0x0000000000000340       0x28 build/default/production/mcc_generated_files/system/src/interrupt.o
 .debug_aranges
                0x0000000000000368       0x20 build/default/production/mcc_generated_files/system/src/system.o
 .debug_aranges
                0x0000000000000388       0x28 build/default/production/mcc_generated_files/system/src/clock.o
 .debug_aranges
                0x00000000000003b0       0xf0 build/default/production/mcc_generated_files/timer/src/tca1.o
 .debug_aranges
                0x00000000000004a0       0xf0 build/default/production/mcc_generated_files/timer/src/tca0.o
 .debug_aranges
                0x0000000000000590       0xf0 build/default/production/mcc_generated_files/uart/src/usart1.o
 .debug_aranges
                0x0000000000000680       0x20 build/default/production/mcc_generated_files/vref/src/vref.o
 .debug_aranges
                0x00000000000006a0       0x28 build/default/production/mcc_generated_files/zcd/src/zcd1.o
 .debug_aranges
                0x00000000000006c8       0x28 build/default/production/mcc_generated_files/zcd/src/zcd0.o
 .debug_aranges
                0x00000000000006f0       0x20 build/default/production/main.o
 .debug_aranges
                0x0000000000000710       0x38 build/default/production/AD5227.o
 .debug_aranges
                0x0000000000000748       0x50 build/default/production/AD9833.o
 .debug_aranges
                0x0000000000000798       0x70 build/default/production/Communication.o
 .debug_aranges
                0x0000000000000808       0x98 build/default/production/application.o
 .debug_aranges
                0x00000000000008a0       0x28 build/default/production/dataVisualizer.o

.debug_pubnames
 *(.debug_pubnames)

.debug_info     0x0000000000000000     0xc3f3
 *(.debug_info .gnu.linkonce.wi.*)
 .debug_info    0x0000000000000000     0x2c24 C:/Program Files/Microchip/MPLABX/v5.50/packs/Microchip/AVR-Dx_DFP/1.8.112/xc8/avr/lib/avrxmega4/memx-const/crtavr128da48.o
 .debug_info    0x0000000000002c24      0xda3 build/default/production/mcc_generated_files/adc/src/adc0.o
 .debug_info    0x00000000000039c7      0x9a2 build/default/production/mcc_generated_files/spi/src/spi0.o
 .debug_info    0x0000000000004369      0x853 build/default/production/mcc_generated_files/system/src/config_bits.o
 .debug_info    0x0000000000004bbc     0x1280 build/default/production/mcc_generated_files/system/src/pins.o
 .debug_info    0x0000000000005e3c       0xa3 build/default/production/mcc_generated_files/system/src/protected_io.o
 .debug_info    0x0000000000005edf      0x3a6 build/default/production/mcc_generated_files/system/src/interrupt.o
 .debug_info    0x0000000000006285      0x29d build/default/production/mcc_generated_files/system/src/system.o
 .debug_info    0x0000000000006522      0x4be build/default/production/mcc_generated_files/system/src/clock.o
 .debug_info    0x00000000000069e0      0xfde build/default/production/mcc_generated_files/timer/src/tca1.o
 .debug_info    0x00000000000079be      0xf6e build/default/production/mcc_generated_files/timer/src/tca0.o
 .debug_info    0x000000000000892c      0xd1b build/default/production/mcc_generated_files/uart/src/usart1.o
 .debug_info    0x0000000000009647      0x357 build/default/production/mcc_generated_files/vref/src/vref.o
 .debug_info    0x000000000000999e      0x3f6 build/default/production/mcc_generated_files/zcd/src/zcd1.o
 .debug_info    0x0000000000009d94      0x3e1 build/default/production/mcc_generated_files/zcd/src/zcd0.o
 .debug_info    0x000000000000a175      0x357 build/default/production/main.o
 .debug_info    0x000000000000a4cc      0x3e1 build/default/production/AD5227.o
 .debug_info    0x000000000000a8ad      0x4cd build/default/production/AD9833.o
 .debug_info    0x000000000000ad7a      0x4e6 build/default/production/Communication.o
 .debug_info    0x000000000000b260      0xc6f build/default/production/application.o
 .debug_info    0x000000000000becf      0x524 build/default/production/dataVisualizer.o

.debug_abbrev   0x0000000000000000     0x4087
 *(.debug_abbrev)
 .debug_abbrev  0x0000000000000000     0x29ce C:/Program Files/Microchip/MPLABX/v5.50/packs/Microchip/AVR-Dx_DFP/1.8.112/xc8/avr/lib/avrxmega4/memx-const/crtavr128da48.o
 .debug_abbrev  0x00000000000029ce      0x1bc build/default/production/mcc_generated_files/adc/src/adc0.o
 .debug_abbrev  0x0000000000002b8a      0x1ef build/default/production/mcc_generated_files/spi/src/spi0.o
 .debug_abbrev  0x0000000000002d79       0x97 build/default/production/mcc_generated_files/system/src/config_bits.o
 .debug_abbrev  0x0000000000002e10      0x164 build/default/production/mcc_generated_files/system/src/pins.o
 .debug_abbrev  0x0000000000002f74       0x14 build/default/production/mcc_generated_files/system/src/protected_io.o
 .debug_abbrev  0x0000000000002f88       0xc0 build/default/production/mcc_generated_files/system/src/interrupt.o
 .debug_abbrev  0x0000000000003048       0x39 build/default/production/mcc_generated_files/system/src/system.o
 .debug_abbrev  0x0000000000003081       0xd2 build/default/production/mcc_generated_files/system/src/clock.o
 .debug_abbrev  0x0000000000003153      0x1ed build/default/production/mcc_generated_files/timer/src/tca1.o
 .debug_abbrev  0x0000000000003340      0x1ed build/default/production/mcc_generated_files/timer/src/tca0.o
 .debug_abbrev  0x000000000000352d      0x26e build/default/production/mcc_generated_files/uart/src/usart1.o
 .debug_abbrev  0x000000000000379b       0x8c build/default/production/mcc_generated_files/vref/src/vref.o
 .debug_abbrev  0x0000000000003827       0xb5 build/default/production/mcc_generated_files/zcd/src/zcd1.o
 .debug_abbrev  0x00000000000038dc       0xb5 build/default/production/mcc_generated_files/zcd/src/zcd0.o
 .debug_abbrev  0x0000000000003991       0xae build/default/production/main.o
 .debug_abbrev  0x0000000000003a3f       0xce build/default/production/AD5227.o
 .debug_abbrev  0x0000000000003b0d       0xbf build/default/production/AD9833.o
 .debug_abbrev  0x0000000000003bcc       0xd1 build/default/production/Communication.o
 .debug_abbrev  0x0000000000003c9d      0x2e3 build/default/production/application.o
 .debug_abbrev  0x0000000000003f80      0x107 build/default/production/dataVisualizer.o

.debug_line     0x0000000000000000     0x3dd7
 *(.debug_line .debug_line.* .debug_line_end)
 .debug_line    0x0000000000000000      0x1f6 C:/Program Files/Microchip/MPLABX/v5.50/packs/Microchip/AVR-Dx_DFP/1.8.112/xc8/avr/lib/avrxmega4/memx-const/crtavr128da48.o
 .debug_line    0x00000000000001f6      0x471 build/default/production/mcc_generated_files/adc/src/adc0.o
 .debug_line    0x0000000000000667      0x48e build/default/production/mcc_generated_files/spi/src/spi0.o
 .debug_line    0x0000000000000af5       0xfc build/default/production/mcc_generated_files/system/src/config_bits.o
 .debug_line    0x0000000000000bf1      0xa6c build/default/production/mcc_generated_files/system/src/pins.o
 .debug_line    0x000000000000165d       0x73 build/default/production/mcc_generated_files/system/src/protected_io.o
 .debug_line    0x00000000000016d0      0x178 build/default/production/mcc_generated_files/system/src/interrupt.o
 .debug_line    0x0000000000001848       0x9d build/default/production/mcc_generated_files/system/src/system.o
 .debug_line    0x00000000000018e5      0x18c build/default/production/mcc_generated_files/system/src/clock.o
 .debug_line    0x0000000000001a71      0x59c build/default/production/mcc_generated_files/timer/src/tca1.o
 .debug_line    0x000000000000200d      0x58a build/default/production/mcc_generated_files/timer/src/tca0.o
 .debug_line    0x0000000000002597      0x5b0 build/default/production/mcc_generated_files/uart/src/usart1.o
 .debug_line    0x0000000000002b47      0x121 build/default/production/mcc_generated_files/vref/src/vref.o
 .debug_line    0x0000000000002c68      0x155 build/default/production/mcc_generated_files/zcd/src/zcd1.o
 .debug_line    0x0000000000002dbd      0x14a build/default/production/mcc_generated_files/zcd/src/zcd0.o
 .debug_line    0x0000000000002f07      0x141 build/default/production/main.o
 .debug_line    0x0000000000003048      0x178 build/default/production/AD5227.o
 .debug_line    0x00000000000031c0      0x1ad build/default/production/AD9833.o
 .debug_line    0x000000000000336d      0x27c build/default/production/Communication.o
 .debug_line    0x00000000000035e9      0x696 build/default/production/application.o
 .debug_line    0x0000000000003c7f      0x158 build/default/production/dataVisualizer.o

.debug_frame    0x0000000000000000     0x226c
 *(.debug_frame)
 .debug_frame   0x0000000000000000      0x318 build/default/production/mcc_generated_files/adc/src/adc0.o
 .debug_frame   0x0000000000000318      0x274 build/default/production/mcc_generated_files/spi/src/spi0.o
 .debug_frame   0x000000000000058c      0x7ac build/default/production/mcc_generated_files/system/src/pins.o
 .debug_frame   0x0000000000000d38       0x54 build/default/production/mcc_generated_files/system/src/interrupt.o
 .debug_frame   0x0000000000000d8c       0x34 build/default/production/mcc_generated_files/system/src/system.o
 .debug_frame   0x0000000000000dc0       0x54 build/default/production/mcc_generated_files/system/src/clock.o
 .debug_frame   0x0000000000000e14      0x484 build/default/production/mcc_generated_files/timer/src/tca1.o
 .debug_frame   0x0000000000001298      0x484 build/default/production/mcc_generated_files/timer/src/tca0.o
 .debug_frame   0x000000000000171c      0x424 build/default/production/mcc_generated_files/uart/src/usart1.o
 .debug_frame   0x0000000000001b40       0x34 build/default/production/mcc_generated_files/vref/src/vref.o
 .debug_frame   0x0000000000001b74       0x74 build/default/production/mcc_generated_files/zcd/src/zcd1.o
 .debug_frame   0x0000000000001be8       0x98 build/default/production/mcc_generated_files/zcd/src/zcd0.o
 .debug_frame   0x0000000000001c80       0x34 build/default/production/main.o
 .debug_frame   0x0000000000001cb4       0x94 build/default/production/AD5227.o
 .debug_frame   0x0000000000001d48       0xf4 build/default/production/AD9833.o
 .debug_frame   0x0000000000001e3c      0x174 build/default/production/Communication.o
 .debug_frame   0x0000000000001fb0      0x268 build/default/production/application.o
 .debug_frame   0x0000000000002218       0x54 build/default/production/dataVisualizer.o

.debug_str      0x0000000000000000     0x144e
 *(.debug_str)
 .debug_str     0x0000000000000000     0x1320 C:/Program Files/Microchip/MPLABX/v5.50/packs/Microchip/AVR-Dx_DFP/1.8.112/xc8/avr/lib/avrxmega4/memx-const/crtavr128da48.o
 .debug_str     0x0000000000001320       0x11 build/default/production/mcc_generated_files/adc/src/adc0.o
 .debug_str     0x0000000000001331       0x10 build/default/production/mcc_generated_files/spi/src/spi0.o
 .debug_str     0x0000000000001341        0x0 build/default/production/mcc_generated_files/system/src/config_bits.o
 .debug_str     0x0000000000001341       0x25 build/default/production/mcc_generated_files/system/src/pins.o
 .debug_str     0x0000000000001366        0x0 build/default/production/mcc_generated_files/system/src/interrupt.o
 .debug_str     0x0000000000001366        0x0 build/default/production/mcc_generated_files/system/src/system.o
 .debug_str     0x0000000000001366        0x0 build/default/production/mcc_generated_files/system/src/clock.o
 .debug_str     0x0000000000001366       0x52 build/default/production/mcc_generated_files/timer/src/tca1.o
 .debug_str     0x00000000000013b8       0x52 build/default/production/mcc_generated_files/timer/src/tca0.o
 .debug_str     0x000000000000140a       0x10 build/default/production/mcc_generated_files/uart/src/usart1.o
 .debug_str     0x000000000000141a        0x0 build/default/production/mcc_generated_files/vref/src/vref.o
 .debug_str     0x000000000000141a        0x0 build/default/production/mcc_generated_files/zcd/src/zcd1.o
 .debug_str     0x000000000000141a        0x0 build/default/production/mcc_generated_files/zcd/src/zcd0.o
 .debug_str     0x000000000000141a        0x0 build/default/production/main.o
 .debug_str     0x000000000000141a        0xd build/default/production/AD5227.o
 .debug_str     0x0000000000001427        0x0 build/default/production/AD9833.o
 .debug_str     0x0000000000001427       0x12 build/default/production/Communication.o
 .debug_str     0x0000000000001439       0x15 build/default/production/application.o
 .debug_str     0x000000000000144e        0x0 build/default/production/dataVisualizer.o

.debug_loc
 *(.debug_loc)

.debug_macinfo
 *(.debug_macinfo)

.debug_weaknames
 *(.debug_weaknames)

.debug_funcnames
 *(.debug_funcnames)

.debug_typenames
 *(.debug_typenames)

.debug_varnames
 *(.debug_varnames)

.debug_pubtypes
 *(.debug_pubtypes)

.debug_ranges   0x0000000000000000      0x770
 *(.debug_ranges)
 .debug_ranges  0x0000000000000000       0xb0 build/default/production/mcc_generated_files/adc/src/adc0.o
 .debug_ranges  0x00000000000000b0       0xa0 build/default/production/mcc_generated_files/spi/src/spi0.o
 .debug_ranges  0x0000000000000150      0x188 build/default/production/mcc_generated_files/system/src/pins.o
 .debug_ranges  0x00000000000002d8       0x18 build/default/production/mcc_generated_files/system/src/interrupt.o
 .debug_ranges  0x00000000000002f0       0x10 build/default/production/mcc_generated_files/system/src/system.o
 .debug_ranges  0x0000000000000300       0x18 build/default/production/mcc_generated_files/system/src/clock.o
 .debug_ranges  0x0000000000000318       0xe0 build/default/production/mcc_generated_files/timer/src/tca1.o
 .debug_ranges  0x00000000000003f8       0xe0 build/default/production/mcc_generated_files/timer/src/tca0.o
 .debug_ranges  0x00000000000004d8       0xe0 build/default/production/mcc_generated_files/uart/src/usart1.o
 .debug_ranges  0x00000000000005b8       0x10 build/default/production/mcc_generated_files/vref/src/vref.o
 .debug_ranges  0x00000000000005c8       0x18 build/default/production/mcc_generated_files/zcd/src/zcd1.o
 .debug_ranges  0x00000000000005e0       0x18 build/default/production/mcc_generated_files/zcd/src/zcd0.o
 .debug_ranges  0x00000000000005f8       0x10 build/default/production/main.o
 .debug_ranges  0x0000000000000608       0x28 build/default/production/AD5227.o
 .debug_ranges  0x0000000000000630       0x40 build/default/production/AD9833.o
 .debug_ranges  0x0000000000000670       0x60 build/default/production/Communication.o
 .debug_ranges  0x00000000000006d0       0x88 build/default/production/application.o
 .debug_ranges  0x0000000000000758       0x18 build/default/production/dataVisualizer.o

.debug_macro
 *(.debug_macro)
OUTPUT(dist/default/production/avr128da48-phase-sequence-detection-of-ac-supply-mplab.X.production.elf elf32-avr)
LOAD linker stubs
LOAD data_init

.note.gnu.avr.deviceinfo
                0x0000000000000000       0x40
 .note.gnu.avr.deviceinfo
                0x0000000000000000       0x40 C:/Program Files/Microchip/MPLABX/v5.50/packs/Microchip/AVR-Dx_DFP/1.8.112/xc8/avr/lib/avrxmega4/memx-const/crtavr128da48.o

.bss.ADC0_window_cb
                0x000000000080406f        0x2
 .bss.ADC0_window_cb
                0x000000000080406f        0x2 build/default/production/mcc_generated_files/adc/src/adc0.o
                0x000000000080406f                ADC0_window_cb

.bss.spi0_desc  0x00000000008040bb        0x1
 .bss.spi0_desc
                0x00000000008040bb        0x1 build/default/production/mcc_generated_files/spi/src/spi0.o

.bss.PD4_InterruptHandler
                0x0000000000804071        0x2
 .bss.PD4_InterruptHandler
                0x0000000000804071        0x2 build/default/production/mcc_generated_files/system/src/pins.o

.bss.PD5_InterruptHandler
                0x0000000000804073        0x2
 .bss.PD5_InterruptHandler
                0x0000000000804073        0x2 build/default/production/mcc_generated_files/system/src/pins.o

.bss.PD6_InterruptHandler
                0x0000000000804075        0x2
 .bss.PD6_InterruptHandler
                0x0000000000804075        0x2 build/default/production/mcc_generated_files/system/src/pins.o

.bss.PE3_InterruptHandler
                0x0000000000804077        0x2
 .bss.PE3_InterruptHandler
                0x0000000000804077        0x2 build/default/production/mcc_generated_files/system/src/pins.o

.bss.PD1_InterruptHandler
                0x0000000000804079        0x2
 .bss.PD1_InterruptHandler
                0x0000000000804079        0x2 build/default/production/mcc_generated_files/system/src/pins.o

.bss.PA5_InterruptHandler
                0x000000000080407b        0x2
 .bss.PA5_InterruptHandler
                0x000000000080407b        0x2 build/default/production/mcc_generated_files/system/src/pins.o

.bss.PA4_InterruptHandler
                0x000000000080407d        0x2
 .bss.PA4_InterruptHandler
                0x000000000080407d        0x2 build/default/production/mcc_generated_files/system/src/pins.o

.bss.PA6_InterruptHandler
                0x000000000080407f        0x2
 .bss.PA6_InterruptHandler
                0x000000000080407f        0x2 build/default/production/mcc_generated_files/system/src/pins.o

.bss.PC1_InterruptHandler
                0x0000000000804081        0x2
 .bss.PC1_InterruptHandler
                0x0000000000804081        0x2 build/default/production/mcc_generated_files/system/src/pins.o

.bss.PC0_InterruptHandler
                0x0000000000804083        0x2
 .bss.PC0_InterruptHandler
                0x0000000000804083        0x2 build/default/production/mcc_generated_files/system/src/pins.o

.bss.PC7_InterruptHandler
                0x0000000000804085        0x2
 .bss.PC7_InterruptHandler
                0x0000000000804085        0x2 build/default/production/mcc_generated_files/system/src/pins.o

.bss.PA7_InterruptHandler
                0x0000000000804087        0x2
 .bss.PA7_InterruptHandler
                0x0000000000804087        0x2 build/default/production/mcc_generated_files/system/src/pins.o

.bss.PB4_InterruptHandler
                0x0000000000804089        0x2
 .bss.PB4_InterruptHandler
                0x0000000000804089        0x2 build/default/production/mcc_generated_files/system/src/pins.o

.bss.PB5_InterruptHandler
                0x000000000080408b        0x2
 .bss.PB5_InterruptHandler
                0x000000000080408b        0x2 build/default/production/mcc_generated_files/system/src/pins.o

.bss.PD0_InterruptHandler
                0x000000000080408d        0x2
 .bss.PD0_InterruptHandler
                0x000000000080408d        0x2 build/default/production/mcc_generated_files/system/src/pins.o

.bss.PD2_InterruptHandler
                0x000000000080408f        0x2
 .bss.PD2_InterruptHandler
                0x000000000080408f        0x2 build/default/production/mcc_generated_files/system/src/pins.o

.bss.PD7_InterruptHandler
                0x0000000000804091        0x2
 .bss.PD7_InterruptHandler
                0x0000000000804091        0x2 build/default/production/mcc_generated_files/system/src/pins.o

.bss.PE1_InterruptHandler
                0x0000000000804093        0x2
 .bss.PE1_InterruptHandler
                0x0000000000804093        0x2 build/default/production/mcc_generated_files/system/src/pins.o

.bss.PE2_InterruptHandler
                0x0000000000804095        0x2
 .bss.PE2_InterruptHandler
                0x0000000000804095        0x2 build/default/production/mcc_generated_files/system/src/pins.o

.bss.PF3_InterruptHandler
                0x0000000000804097        0x2
 .bss.PF3_InterruptHandler
                0x0000000000804097        0x2 build/default/production/mcc_generated_files/system/src/pins.o

.bss.timer1OverflowFlag
                0x00000000008040bc        0x1
 .bss.timer1OverflowFlag
                0x00000000008040bc        0x1 build/default/production/mcc_generated_files/timer/src/tca1.o
                0x00000000008040bc                timer1OverflowFlag

.bss.refreshCount
                0x0000000000804063        0x4
 .bss.refreshCount
                0x0000000000804063        0x4 build/default/production/mcc_generated_files/timer/src/tca1.o
                0x0000000000804063                refreshCount

.bss.timer1OvfCnt
                0x0000000000804099        0x2
 .bss.timer1OvfCnt
                0x0000000000804099        0x2 build/default/production/mcc_generated_files/timer/src/tca1.o
                0x0000000000804099                timer1OvfCnt

.bss.USART1_rxbuf
                0x0000000000804023       0x10
 .bss.USART1_rxbuf
                0x0000000000804023       0x10 build/default/production/mcc_generated_files/uart/src/usart1.o

.bss.USART1_rx_head
                0x00000000008040bd        0x1
 .bss.USART1_rx_head
                0x00000000008040bd        0x1 build/default/production/mcc_generated_files/uart/src/usart1.o

.bss.USART1_rx_tail
                0x00000000008040be        0x1
 .bss.USART1_rx_tail
                0x00000000008040be        0x1 build/default/production/mcc_generated_files/uart/src/usart1.o

.bss.USART1_rx_elements
                0x00000000008040bf        0x1
 .bss.USART1_rx_elements
                0x00000000008040bf        0x1 build/default/production/mcc_generated_files/uart/src/usart1.o

.bss.USART1_txbuf
                0x0000000000804033       0x10
 .bss.USART1_txbuf
                0x0000000000804033       0x10 build/default/production/mcc_generated_files/uart/src/usart1.o

.bss.USART1_tx_head
                0x00000000008040c0        0x1
 .bss.USART1_tx_head
                0x00000000008040c0        0x1 build/default/production/mcc_generated_files/uart/src/usart1.o

.bss.USART1_tx_tail
                0x00000000008040c1        0x1
 .bss.USART1_tx_tail
                0x00000000008040c1        0x1 build/default/production/mcc_generated_files/uart/src/usart1.o

.bss.USART1_tx_elements
                0x00000000008040c2        0x1
 .bss.USART1_tx_elements
                0x00000000008040c2        0x1 build/default/production/mcc_generated_files/uart/src/usart1.o

.bss.RxData     0x00000000008040b5        0x2
 .bss.RxData    0x00000000008040b5        0x2 build/default/production/application.o
                0x00000000008040b5                RxData

.bss.ADC_Results_L
                0x000000000080405b        0x8
 .bss.ADC_Results_L
                0x000000000080405b        0x8 build/default/production/application.o
                0x000000000080405b                ADC_Results_L

.bss.numberofSamples
                0x00000000008040b7        0x2
 .bss.numberofSamples
                0x00000000008040b7        0x2 build/default/production/application.o
                0x00000000008040b7                numberofSamples

.bss.line_voltage
                0x0000000000804043        0xc
 .bss.line_voltage
                0x0000000000804043        0xc build/default/production/application.o
                0x0000000000804043                line_voltage

.bss.Vrms       0x000000000080404f        0xc
 .bss.Vrms      0x000000000080404f        0xc build/default/production/application.o
                0x000000000080404f                Vrms

.text.PIN_MANAGER_Initialize
                0x00000000000001f2      0x3c4
 .text.PIN_MANAGER_Initialize
                0x00000000000001f2      0x3c4 build/default/production/mcc_generated_files/system/src/pins.o
                0x00000000000001f2                PIN_MANAGER_Initialize

.text.calculateVrms
                0x00000000000005b6      0x200
 .text.calculateVrms
                0x00000000000005b6      0x200 build/default/production/application.o

.text.emulatorTaskProcess
                0x00000000000007b6      0x158
 .text.emulatorTaskProcess
                0x00000000000007b6      0x158 build/default/production/application.o

.text.__vector_22
                0x000000000000090e      0x144
 .text.__vector_22
                0x000000000000090e      0x144 build/default/production/mcc_generated_files/system/src/pins.o
                0x000000000000090e                __vector_22

.text.read3PhaseSignal
                0x0000000000000a52      0x13c
 .text.read3PhaseSignal
                0x0000000000000a52      0x13c build/default/production/application.o

.text.readSwToSelectFrequency
                0x0000000000000b8e      0x136
 .text.readSwToSelectFrequency
                0x0000000000000b8e      0x136 build/default/production/application.o
                0x0000000000000b8e                readSwToSelectFrequency

.text.PORT_Initialize
                0x0000000000000cc4      0x130
 .text.PORT_Initialize
                0x0000000000000cc4      0x130 build/default/production/mcc_generated_files/system/src/pins.o
                0x0000000000000cc4                PORT_Initialize

.text.main      0x0000000000000df4      0x108
 .text.main     0x0000000000000df4      0x108 build/default/production/main.o
                0x0000000000000df4                main

.text.__vector_6
                0x0000000000000efc       0xe4
 .text.__vector_6
                0x0000000000000efc       0xe4 build/default/production/mcc_generated_files/system/src/pins.o
                0x0000000000000efc                __vector_6

.text.createDataStreamProtocolAndSend
                0x0000000000000fe0       0xde
 .text.createDataStreamProtocolAndSend
                0x0000000000000fe0       0xde build/default/production/dataVisualizer.o
                0x0000000000000fe0                createDataStreamProtocolAndSend

.text.avrlibc.fplib
                0x00000000000010be       0xde
 .text.avrlibc.fplib
                0x00000000000010be       0xde c:/program files/microchip/xc8/v2.32/avr/bin/../lib/gcc/avr/5.4.0/../../../../avr/lib/avrxmega4/memx-const\libm.a(divsf3x.o)
                0x00000000000010be                __divsf3x
                0x00000000000010e6                __divsf3_pse

.text.avrlibc.fplib
                0x000000000000119c       0xd4
 .text.avrlibc.fplib
                0x000000000000119c       0xd4 c:/program files/microchip/xc8/v2.32/avr/bin/../lib/gcc/avr/5.4.0/../../../../avr/lib/avrxmega4/memx-const\libm.a(mulsf3x.o)
                0x000000000000119c                __mulsf3x
                0x00000000000011c2                __mulsf3_pse

.text.avrlibc.fplib
                0x0000000000001270       0xce
 .text.avrlibc.fplib
                0x0000000000001270       0xce c:/program files/microchip/xc8/v2.32/avr/bin/../lib/gcc/avr/5.4.0/../../../../avr/lib/avrxmega4/memx-const\libm.a(addsf3x.o)
                0x0000000000001270                __addsf3x

.text.__vector_45
                0x000000000000133e       0xcc
 .text.__vector_45
                0x000000000000133e       0xcc build/default/production/mcc_generated_files/system/src/pins.o
                0x000000000000133e                __vector_45

.text.__vector_29
                0x000000000000140a       0xc4
 .text.__vector_29
                0x000000000000140a       0xc4 build/default/production/mcc_generated_files/system/src/pins.o
                0x000000000000140a                __vector_29

.text.__vector_46
                0x00000000000014ce       0xc2
 .text.__vector_46
                0x00000000000014ce       0xc2 build/default/production/mcc_generated_files/timer/src/tca1.o
                0x00000000000014ce                __vector_46

.text.application
                0x0000000000001590       0xb8
 .text.application
                0x0000000000001590       0xb8 build/default/production/application.o
                0x0000000000001590                application

.text.TCA1_Initialize
                0x0000000000001648       0xb2
 .text.TCA1_Initialize
                0x0000000000001648       0xb2 build/default/production/mcc_generated_files/timer/src/tca1.o
                0x0000000000001648                TCA1_Initialize

.text.TCA0_Initialize
                0x00000000000016fa       0xb2
 .text.TCA0_Initialize
                0x00000000000016fa       0xb2 build/default/production/mcc_generated_files/timer/src/tca0.o
                0x00000000000016fa                TCA0_Initialize

.text.sineWaveGeneration
                0x00000000000017ac       0xb2
 .text.sineWaveGeneration
                0x00000000000017ac       0xb2 build/default/production/application.o

.text.__vector_44
                0x000000000000185e       0xac
 .text.__vector_44
                0x000000000000185e       0xac build/default/production/mcc_generated_files/system/src/pins.o
                0x000000000000185e                __vector_44

.text.avrlibc.fplib
                0x000000000000190a       0xa2
 .text.avrlibc.fplib
                0x000000000000190a       0xa2 c:/program files/microchip/xc8/v2.32/avr/bin/../lib/gcc/avr/5.4.0/../../../../avr/lib/avrxmega4/memx-const\libm.a(log.o)
                0x000000000000190a                log

.text.avrlibc.fplib
                0x00000000000019ac       0xa0
 .text.avrlibc.fplib
                0x00000000000019ac       0xa0 c:/program files/microchip/xc8/v2.32/avr/bin/../lib/gcc/avr/5.4.0/../../../../avr/lib/avrxmega4/memx-const\libm.a(pow.o)
                0x00000000000019ac                pow

.text.phaseReversalDetection
                0x0000000000001a4c       0x9e
 .text.phaseReversalDetection
                0x0000000000001a4c       0x9e build/default/production/application.o

.text.phaseLossDetection
                0x0000000000001aea       0x92
 .text.phaseLossDetection
                0x0000000000001aea       0x92 build/default/production/application.o

.text.AD9833SetFrequency
                0x0000000000001b7c       0x90
 .text.AD9833SetFrequency
                0x0000000000001b7c       0x90 build/default/production/AD9833.o
                0x0000000000001b7c                AD9833SetFrequency

.text.avrlibc.fplib
                0x0000000000001c0c       0x8e
 .text.avrlibc.fplib
                0x0000000000001c0c       0x8e c:/program files/microchip/xc8/v2.32/avr/bin/../lib/gcc/avr/5.4.0/../../../../avr/lib/avrxmega4/memx-const\libm.a(sqrt.o)
                0x0000000000001c0c                sqrtf
                0x0000000000001c0c                sqrt

.text.__vector_34
                0x0000000000001c9a       0x8c
 .text.__vector_34
                0x0000000000001c9a       0x8c build/default/production/mcc_generated_files/system/src/pins.o
                0x0000000000001c9a                __vector_34

.text.USART1_Initialize
                0x0000000000001d26       0x86
 .text.USART1_Initialize
                0x0000000000001d26       0x86 build/default/production/mcc_generated_files/uart/src/usart1.o
                0x0000000000001d26                USART1_Initialize

.text.ADC0_Initialize
                0x0000000000001dac       0x84
 .text.ADC0_Initialize
                0x0000000000001dac       0x84 build/default/production/mcc_generated_files/adc/src/adc0.o
                0x0000000000001dac                ADC0_Initialize

.text.__vector_25
                0x0000000000001e30       0x84
 .text.__vector_25
                0x0000000000001e30       0x84 build/default/production/mcc_generated_files/adc/src/adc0.o
                0x0000000000001e30                __vector_25

.text.__vector_48
                0x0000000000001eb4       0x84
 .text.__vector_48
                0x0000000000001eb4       0x84 build/default/production/mcc_generated_files/timer/src/tca1.o
                0x0000000000001eb4                __vector_48

.text.__vector_49
                0x0000000000001f38       0x84
 .text.__vector_49
                0x0000000000001f38       0x84 build/default/production/mcc_generated_files/timer/src/tca1.o
                0x0000000000001f38                __vector_49

.text.__vector_50
                0x0000000000001fbc       0x84
 .text.__vector_50
                0x0000000000001fbc       0x84 build/default/production/mcc_generated_files/timer/src/tca1.o
                0x0000000000001fbc                __vector_50

.text.__vector_9
                0x0000000000002040       0x84
 .text.__vector_9
                0x0000000000002040       0x84 build/default/production/mcc_generated_files/timer/src/tca0.o
                0x0000000000002040                __vector_9

.text.__vector_10
                0x00000000000020c4       0x84
 .text.__vector_10
                0x00000000000020c4       0x84 build/default/production/mcc_generated_files/timer/src/tca0.o
                0x00000000000020c4                __vector_10

.text.__vector_11
                0x0000000000002148       0x84
 .text.__vector_11
                0x0000000000002148       0x84 build/default/production/mcc_generated_files/timer/src/tca0.o
                0x0000000000002148                __vector_11

.text.__vector_7
                0x00000000000021cc       0x84
 .text.__vector_7
                0x00000000000021cc       0x84 build/default/production/mcc_generated_files/timer/src/tca0.o
                0x00000000000021cc                __vector_7

.text.__vector_26
                0x0000000000002250       0x80
 .text.__vector_26
                0x0000000000002250       0x80 build/default/production/mcc_generated_files/zcd/src/zcd0.o
                0x0000000000002250                __vector_26

.text.defaultSignalGeneration
                0x00000000000022d0       0x7c
 .text.defaultSignalGeneration
                0x00000000000022d0       0x7c build/default/production/application.o
                0x00000000000022d0                defaultSignalGeneration

.text.USART1_ErrorCheck
                0x000000000000234c       0x7a
 .text.USART1_ErrorCheck
                0x000000000000234c       0x7a build/default/production/mcc_generated_files/uart/src/usart1.o
                0x000000000000234c                USART1_ErrorCheck

.text.__vector_31
                0x00000000000023c6       0x7a
 .text.__vector_31
                0x00000000000023c6       0x7a build/default/production/mcc_generated_files/uart/src/usart1.o
                0x00000000000023c6                __vector_31

.text.__vector_32
                0x0000000000002440       0x7a
 .text.__vector_32
                0x0000000000002440       0x7a build/default/production/mcc_generated_files/uart/src/usart1.o
                0x0000000000002440                __vector_32

.text.__vector_51
                0x00000000000024ba       0x7a
 .text.__vector_51
                0x00000000000024ba       0x7a build/default/production/mcc_generated_files/zcd/src/zcd1.o
                0x00000000000024ba                __vector_51

.text.avrlibc.fplib
                0x0000000000002534       0x7a
 .text.avrlibc.fplib
                0x0000000000002534       0x7a c:/program files/microchip/xc8/v2.32/avr/bin/../lib/gcc/avr/5.4.0/../../../../avr/lib/avrxmega4/memx-const\libm.a(floatsisf.o)
                0x0000000000002534                __floatunsisf
                0x0000000000002538                __floatsisf

.text.waveformAproxFreqcalculation
                0x00000000000025ae       0x76
 .text.waveformAproxFreqcalculation
                0x00000000000025ae       0x76 build/default/production/application.o

.text.FrequencySelectionCallBack
                0x0000000000002624       0x76
 .text.FrequencySelectionCallBack
                0x0000000000002624       0x76 build/default/production/application.o
                0x0000000000002624                FrequencySelectionCallBack

.text.avrlibc.fplib
                0x000000000000269a       0x76
 .text.avrlibc.fplib
                0x000000000000269a       0x76 c:/program files/microchip/xc8/v2.32/avr/bin/../lib/gcc/avr/5.4.0/../../../../avr/lib/avrxmega4/memx-const\libm.a(exp.o)
                0x000000000000269a                exp

.text.avrlibc.fplib
                0x0000000000002710       0x76
 .text.avrlibc.fplib
                0x0000000000002710       0x76 c:/program files/microchip/xc8/v2.32/avr/bin/../lib/gcc/avr/5.4.0/../../../../avr/lib/avrxmega4/memx-const\libm.a(ldexp.o)
                0x0000000000002710                ldexp

.text.SPI0_BufferWrite
                0x0000000000002786       0x72
 .text.SPI0_BufferWrite
                0x0000000000002786       0x72 build/default/production/mcc_generated_files/spi/src/spi0.o
                0x0000000000002786                SPI0_BufferWrite

.text.sendString
                0x00000000000027f8       0x6c
 .text.sendString
                0x00000000000027f8       0x6c build/default/production/dataVisualizer.o

.text.CLOCK_Initialize
                0x0000000000002864       0x6a
 .text.CLOCK_Initialize
                0x0000000000002864       0x6a build/default/production/mcc_generated_files/system/src/clock.o
                0x0000000000002864                CLOCK_Initialize

.text.USART1_Write
                0x00000000000028ce       0x68
 .text.USART1_Write
                0x00000000000028ce       0x68 build/default/production/mcc_generated_files/uart/src/usart1.o
                0x00000000000028ce                USART1_Write

.text.avrlibc.fplib
                0x0000000000002936       0x68
 .text.avrlibc.fplib
                0x0000000000002936       0x68 c:/program files/microchip/xc8/v2.32/avr/bin/../lib/gcc/avr/5.4.0/../../../../avr/lib/avrxmega4/memx-const\libm.a(modf.o)
                0x0000000000002936                modf
                0x0000000000002936                modff

.text.USART1_DefaultTxIsrCb
                0x000000000000299e       0x66
 .text.USART1_DefaultTxIsrCb
                0x000000000000299e       0x66 build/default/production/mcc_generated_files/uart/src/usart1.o
                0x000000000000299e                USART1_DefaultTxIsrCb

.text.avrlibc.fplib
                0x0000000000002a04       0x5e
 .text.avrlibc.fplib
                0x0000000000002a04       0x5e c:/program files/microchip/xc8/v2.32/avr/bin/../lib/gcc/avr/5.4.0/../../../../avr/lib/avrxmega4/memx-const\libm.a(fixunssfsi.o)
                0x0000000000002a04                __fixunssfsi

.text.__vector_33
                0x0000000000002a62       0x5c
 .text.__vector_33
                0x0000000000002a62       0x5c build/default/production/mcc_generated_files/uart/src/usart1.o
                0x0000000000002a62                __vector_33

.text.AD9833SetRegisterValue
                0x0000000000002abe       0x5c
 .text.AD9833SetRegisterValue
                0x0000000000002abe       0x5c build/default/production/AD9833.o
                0x0000000000002abe                AD9833SetRegisterValue

.text.USART1_DefaultRxIsrCb
                0x0000000000002b1a       0x58
 .text.USART1_DefaultRxIsrCb
                0x0000000000002b1a       0x58 build/default/production/mcc_generated_files/uart/src/usart1.o
                0x0000000000002b1a                USART1_DefaultRxIsrCb

.text.waveformAproxPhasecalculation
                0x0000000000002b72       0x52
 .text.waveformAproxPhasecalculation
                0x0000000000002b72       0x52 build/default/production/application.o

.text.__vector_24
                0x0000000000002bc4       0x50
 .text.__vector_24
                0x0000000000002bc4       0x50 build/default/production/mcc_generated_files/adc/src/adc0.o
                0x0000000000002bc4                __vector_24

.text.USART1_Read
                0x0000000000002c14       0x4e
 .text.USART1_Read
                0x0000000000002c14       0x4e build/default/production/mcc_generated_files/uart/src/usart1.o
                0x0000000000002c14                USART1_Read

.text.avrlibc.fplib
                0x0000000000002c62       0x4e
 .text.avrlibc.fplib
                0x0000000000002c62       0x4e c:/program files/microchip/xc8/v2.32/avr/bin/../lib/gcc/avr/5.4.0/../../../../avr/lib/avrxmega4/memx-const\libm.a(fp_powser.o)
                0x0000000000002c62                __fp_powser

.text.AD9833Setup
                0x0000000000002cb0       0x4c
 .text.AD9833Setup
                0x0000000000002cb0       0x4c build/default/production/AD9833.o
                0x0000000000002cb0                AD9833Setup

.text.AD9833_chipSelect
                0x0000000000002cfc       0x4a
 .text.AD9833_chipSelect
                0x0000000000002cfc       0x4a build/default/production/Communication.o
                0x0000000000002cfc                AD9833_chipSelect

.text.AD5227_chipSelect
                0x0000000000002d46       0x4a
 .text.AD5227_chipSelect
                0x0000000000002d46       0x4a build/default/production/Communication.o
                0x0000000000002d46                AD5227_chipSelect

.text.avrlibc.fplib
                0x0000000000002d90       0x48
 .text.avrlibc.fplib
                0x0000000000002d90       0x48 c:/program files/microchip/xc8/v2.32/avr/bin/../lib/gcc/avr/5.4.0/../../../../avr/lib/avrxmega4/memx-const\libm.a(fp_cmp.o)
                0x0000000000002d90                __fp_cmp

.text.ADC0_GetConversion
                0x0000000000002dd8       0x46
 .text.ADC0_GetConversion
                0x0000000000002dd8       0x46 build/default/production/mcc_generated_files/adc/src/adc0.o
                0x0000000000002dd8                ADC0_GetConversion

.text.AD9833SetPhase
                0x0000000000002e1e       0x44
 .text.AD9833SetPhase
                0x0000000000002e1e       0x44 build/default/production/AD9833.o
                0x0000000000002e1e                AD9833SetPhase

.text.threePhaseAmplitudeMax
                0x0000000000002e62       0x44
 .text.threePhaseAmplitudeMax
                0x0000000000002e62       0x44 build/default/production/application.o
                0x0000000000002e62                threePhaseAmplitudeMax

.text.avrlibc.fplib
                0x0000000000002ea6       0x44
 .text.avrlibc.fplib
                0x0000000000002ea6       0x44 c:/program files/microchip/xc8/v2.32/avr/bin/../lib/gcc/avr/5.4.0/../../../../avr/lib/avrxmega4/memx-const\libm.a(fp_split3.o)
                0x0000000000002ea6                __fp_split3
                0x0000000000002eb6                __fp_splitA

.text.ADC0_StartConversion
                0x0000000000002eea       0x3c
 .text.ADC0_StartConversion
                0x0000000000002eea       0x3c build/default/production/mcc_generated_files/adc/src/adc0.o
                0x0000000000002eea                ADC0_StartConversion

.text.SYSTEM_Initialize
                0x0000000000002f26       0x3c
 .text.SYSTEM_Initialize
                0x0000000000002f26       0x3c build/default/production/mcc_generated_files/system/src/system.o
                0x0000000000002f26                SYSTEM_Initialize

.text.SPI0_Initialize
                0x0000000000002f62       0x38
 .text.SPI0_Initialize
                0x0000000000002f62       0x38 build/default/production/mcc_generated_files/spi/src/spi0.o
                0x0000000000002f62                SPI0_Initialize

.text.AD5227DigipotInc
                0x0000000000002f9a       0x38
 .text.AD5227DigipotInc
                0x0000000000002f9a       0x38 build/default/production/AD5227.o
                0x0000000000002f9a                AD5227DigipotInc

.text.AD9833_FSN1_set_level
                0x0000000000002fd2       0x32
 .text.AD9833_FSN1_set_level
                0x0000000000002fd2       0x32 build/default/production/Communication.o

.text.AD9833_FSN2_set_level
                0x0000000000003004       0x32
 .text.AD9833_FSN2_set_level
                0x0000000000003004       0x32 build/default/production/Communication.o

.text.AD9833_FSN3_set_level
                0x0000000000003036       0x32
 .text.AD9833_FSN3_set_level
                0x0000000000003036       0x32 build/default/production/Communication.o

.text.AD5227_CS1_set_level
                0x0000000000003068       0x32
 .text.AD5227_CS1_set_level
                0x0000000000003068       0x32 build/default/production/Communication.o

.text.AD5227_CS2_set_level
                0x000000000000309a       0x32
 .text.AD5227_CS2_set_level
                0x000000000000309a       0x32 build/default/production/Communication.o

.text.AD5227_CS3_set_level
                0x00000000000030cc       0x32
 .text.AD5227_CS3_set_level
                0x00000000000030cc       0x32 build/default/production/Communication.o

.text.CPUINT_Initialize
                0x00000000000030fe       0x30
 .text.CPUINT_Initialize
                0x00000000000030fe       0x30 build/default/production/mcc_generated_files/system/src/interrupt.o
                0x00000000000030fe                CPUINT_Initialize

.text.SPI_Write
                0x000000000000312e       0x30
 .text.SPI_Write
                0x000000000000312e       0x30 build/default/production/Communication.o
                0x000000000000312e                SPI_Write

.text.ccp_write_io
                0x000000000000315e       0x2c
 .text.ccp_write_io
                0x000000000000315e       0x2c build/default/production/mcc_generated_files/system/src/interrupt.o

.text.ccp_write_io
                0x000000000000318a       0x2c
 .text.ccp_write_io
                0x000000000000318a       0x2c build/default/production/mcc_generated_files/system/src/clock.o

.text.VREF_Initialize
                0x00000000000031b6       0x2a
 .text.VREF_Initialize
                0x00000000000031b6       0x2a build/default/production/mcc_generated_files/vref/src/vref.o
                0x00000000000031b6                VREF_Initialize

.text.ADC0_IsConversionDone
                0x00000000000031e0       0x28
 .text.ADC0_IsConversionDone
                0x00000000000031e0       0x28 build/default/production/mcc_generated_files/adc/src/adc0.o
                0x00000000000031e0                ADC0_IsConversionDone

.text.TCA0_Write
                0x0000000000003208       0x28
 .text.TCA0_Write
                0x0000000000003208       0x28 build/default/production/mcc_generated_files/timer/src/tca0.o
                0x0000000000003208                TCA0_Write

.text.PD4_SetInterruptHandler
                0x0000000000003230       0x26
 .text.PD4_SetInterruptHandler
                0x0000000000003230       0x26 build/default/production/mcc_generated_files/system/src/pins.o
                0x0000000000003230                PD4_SetInterruptHandler

.text.PD5_SetInterruptHandler
                0x0000000000003256       0x26
 .text.PD5_SetInterruptHandler
                0x0000000000003256       0x26 build/default/production/mcc_generated_files/system/src/pins.o
                0x0000000000003256                PD5_SetInterruptHandler

.text.PD6_SetInterruptHandler
                0x000000000000327c       0x26
 .text.PD6_SetInterruptHandler
                0x000000000000327c       0x26 build/default/production/mcc_generated_files/system/src/pins.o
                0x000000000000327c                PD6_SetInterruptHandler

.text.PE3_SetInterruptHandler
                0x00000000000032a2       0x26
 .text.PE3_SetInterruptHandler
                0x00000000000032a2       0x26 build/default/production/mcc_generated_files/system/src/pins.o
                0x00000000000032a2                PE3_SetInterruptHandler

.text.PD1_SetInterruptHandler
                0x00000000000032c8       0x26
 .text.PD1_SetInterruptHandler
                0x00000000000032c8       0x26 build/default/production/mcc_generated_files/system/src/pins.o
                0x00000000000032c8                PD1_SetInterruptHandler

.text.PA5_SetInterruptHandler
                0x00000000000032ee       0x26
 .text.PA5_SetInterruptHandler
                0x00000000000032ee       0x26 build/default/production/mcc_generated_files/system/src/pins.o
                0x00000000000032ee                PA5_SetInterruptHandler

.text.PA4_SetInterruptHandler
                0x0000000000003314       0x26
 .text.PA4_SetInterruptHandler
                0x0000000000003314       0x26 build/default/production/mcc_generated_files/system/src/pins.o
                0x0000000000003314                PA4_SetInterruptHandler

.text.PA6_SetInterruptHandler
                0x000000000000333a       0x26
 .text.PA6_SetInterruptHandler
                0x000000000000333a       0x26 build/default/production/mcc_generated_files/system/src/pins.o
                0x000000000000333a                PA6_SetInterruptHandler

.text.PC1_SetInterruptHandler
                0x0000000000003360       0x26
 .text.PC1_SetInterruptHandler
                0x0000000000003360       0x26 build/default/production/mcc_generated_files/system/src/pins.o
                0x0000000000003360                PC1_SetInterruptHandler

.text.PC0_SetInterruptHandler
                0x0000000000003386       0x26
 .text.PC0_SetInterruptHandler
                0x0000000000003386       0x26 build/default/production/mcc_generated_files/system/src/pins.o
                0x0000000000003386                PC0_SetInterruptHandler

.text.PC7_SetInterruptHandler
                0x00000000000033ac       0x26
 .text.PC7_SetInterruptHandler
                0x00000000000033ac       0x26 build/default/production/mcc_generated_files/system/src/pins.o
                0x00000000000033ac                PC7_SetInterruptHandler

.text.PA7_SetInterruptHandler
                0x00000000000033d2       0x26
 .text.PA7_SetInterruptHandler
                0x00000000000033d2       0x26 build/default/production/mcc_generated_files/system/src/pins.o
                0x00000000000033d2                PA7_SetInterruptHandler

.text.PB4_SetInterruptHandler
                0x00000000000033f8       0x26
 .text.PB4_SetInterruptHandler
                0x00000000000033f8       0x26 build/default/production/mcc_generated_files/system/src/pins.o
                0x00000000000033f8                PB4_SetInterruptHandler

.text.PB5_SetInterruptHandler
                0x000000000000341e       0x26
 .text.PB5_SetInterruptHandler
                0x000000000000341e       0x26 build/default/production/mcc_generated_files/system/src/pins.o
                0x000000000000341e                PB5_SetInterruptHandler

.text.PD0_SetInterruptHandler
                0x0000000000003444       0x26
 .text.PD0_SetInterruptHandler
                0x0000000000003444       0x26 build/default/production/mcc_generated_files/system/src/pins.o
                0x0000000000003444                PD0_SetInterruptHandler

.text.PD2_SetInterruptHandler
                0x000000000000346a       0x26
 .text.PD2_SetInterruptHandler
                0x000000000000346a       0x26 build/default/production/mcc_generated_files/system/src/pins.o
                0x000000000000346a                PD2_SetInterruptHandler

.text.PD7_SetInterruptHandler
                0x0000000000003490       0x26
 .text.PD7_SetInterruptHandler
                0x0000000000003490       0x26 build/default/production/mcc_generated_files/system/src/pins.o
                0x0000000000003490                PD7_SetInterruptHandler

.text.PE1_SetInterruptHandler
                0x00000000000034b6       0x26
 .text.PE1_SetInterruptHandler
                0x00000000000034b6       0x26 build/default/production/mcc_generated_files/system/src/pins.o
                0x00000000000034b6                PE1_SetInterruptHandler

.text.PE2_SetInterruptHandler
                0x00000000000034dc       0x26
 .text.PE2_SetInterruptHandler
                0x00000000000034dc       0x26 build/default/production/mcc_generated_files/system/src/pins.o
                0x00000000000034dc                PE2_SetInterruptHandler

.text.PF3_SetInterruptHandler
                0x0000000000003502       0x26
 .text.PF3_SetInterruptHandler
                0x0000000000003502       0x26 build/default/production/mcc_generated_files/system/src/pins.o
                0x0000000000003502                PF3_SetInterruptHandler

.text.ZCD1_Initialize
                0x0000000000003528       0x24
 .text.ZCD1_Initialize
                0x0000000000003528       0x24 build/default/production/mcc_generated_files/zcd/src/zcd1.o
                0x0000000000003528                ZCD1_Initialize

.text.ZCD0_Initialize
                0x000000000000354c       0x24
 .text.ZCD0_Initialize
                0x000000000000354c       0x24 build/default/production/mcc_generated_files/zcd/src/zcd0.o
                0x000000000000354c                ZCD0_Initialize

.text.avrlibc.fplib
                0x0000000000003570       0x22
 .text.avrlibc.fplib
                0x0000000000003570       0x22 c:/program files/microchip/xc8/v2.32/avr/bin/../lib/gcc/avr/5.4.0/../../../../avr/lib/avrxmega4/memx-const\libm.a(fp_round.o)
                0x0000000000003570                __fp_round

.text.AD9833Select
                0x0000000000003592       0x1c
 .text.AD9833Select
                0x0000000000003592       0x1c build/default/production/application.o
                0x0000000000003592                AD9833Select

.text.AD5227Select
                0x00000000000035ae       0x1c
 .text.AD5227Select
                0x00000000000035ae       0x1c build/default/production/application.o
                0x00000000000035ae                AD5227Select

.text.avrlibc.fplib
                0x00000000000035ca       0x1c
 .text.avrlibc.fplib
                0x00000000000035ca       0x1c c:/program files/microchip/xc8/v2.32/avr/bin/../lib/gcc/avr/5.4.0/../../../../avr/lib/avrxmega4/memx-const\libm.a(fp_mpack.o)
                0x00000000000035ca                __fp_mpack
                0x00000000000035ce                __fp_mpack_finite

.text.USART1_IsTxReady
                0x00000000000035e6       0x1a
 .text.USART1_IsTxReady
                0x00000000000035e6       0x1a build/default/production/mcc_generated_files/uart/src/usart1.o
                0x00000000000035e6                USART1_IsTxReady

.text.USART1_IsRxReady
                0x0000000000003600       0x1a
 .text.USART1_IsRxReady
                0x0000000000003600       0x1a build/default/production/mcc_generated_files/uart/src/usart1.o
                0x0000000000003600                USART1_IsRxReady

.text.ADC0_GetConversionResult
                0x000000000000361a       0x18
 .text.ADC0_GetConversionResult
                0x000000000000361a       0x18 build/default/production/mcc_generated_files/adc/src/adc0.o
                0x000000000000361a                ADC0_GetConversionResult

.text.AD9833Reset
                0x0000000000003632       0x18
 .text.AD9833Reset
                0x0000000000003632       0x18 build/default/production/AD9833.o
                0x0000000000003632                AD9833Reset

.text.AD9833ClearReset
                0x000000000000364a       0x18
 .text.AD9833ClearReset
                0x000000000000364a       0x18 build/default/production/AD9833.o
                0x000000000000364a                AD9833ClearReset

.text.PD4_DefaultInterruptHandler
                0x0000000000003662       0x10
 .text.PD4_DefaultInterruptHandler
                0x0000000000003662       0x10 build/default/production/mcc_generated_files/system/src/pins.o
                0x0000000000003662                PD4_DefaultInterruptHandler

.text.PD5_DefaultInterruptHandler
                0x0000000000003672       0x10
 .text.PD5_DefaultInterruptHandler
                0x0000000000003672       0x10 build/default/production/mcc_generated_files/system/src/pins.o
                0x0000000000003672                PD5_DefaultInterruptHandler

.text.PD6_DefaultInterruptHandler
                0x0000000000003682       0x10
 .text.PD6_DefaultInterruptHandler
                0x0000000000003682       0x10 build/default/production/mcc_generated_files/system/src/pins.o
                0x0000000000003682                PD6_DefaultInterruptHandler

.text.PE3_DefaultInterruptHandler
                0x0000000000003692       0x10
 .text.PE3_DefaultInterruptHandler
                0x0000000000003692       0x10 build/default/production/mcc_generated_files/system/src/pins.o
                0x0000000000003692                PE3_DefaultInterruptHandler

.text.PD1_DefaultInterruptHandler
                0x00000000000036a2       0x10
 .text.PD1_DefaultInterruptHandler
                0x00000000000036a2       0x10 build/default/production/mcc_generated_files/system/src/pins.o
                0x00000000000036a2                PD1_DefaultInterruptHandler

.text.PA5_DefaultInterruptHandler
                0x00000000000036b2       0x10
 .text.PA5_DefaultInterruptHandler
                0x00000000000036b2       0x10 build/default/production/mcc_generated_files/system/src/pins.o
                0x00000000000036b2                PA5_DefaultInterruptHandler

.text.PA4_DefaultInterruptHandler
                0x00000000000036c2       0x10
 .text.PA4_DefaultInterruptHandler
                0x00000000000036c2       0x10 build/default/production/mcc_generated_files/system/src/pins.o
                0x00000000000036c2                PA4_DefaultInterruptHandler

.text.PA6_DefaultInterruptHandler
                0x00000000000036d2       0x10
 .text.PA6_DefaultInterruptHandler
                0x00000000000036d2       0x10 build/default/production/mcc_generated_files/system/src/pins.o
                0x00000000000036d2                PA6_DefaultInterruptHandler

.text.PC1_DefaultInterruptHandler
                0x00000000000036e2       0x10
 .text.PC1_DefaultInterruptHandler
                0x00000000000036e2       0x10 build/default/production/mcc_generated_files/system/src/pins.o
                0x00000000000036e2                PC1_DefaultInterruptHandler

.text.PC0_DefaultInterruptHandler
                0x00000000000036f2       0x10
 .text.PC0_DefaultInterruptHandler
                0x00000000000036f2       0x10 build/default/production/mcc_generated_files/system/src/pins.o
                0x00000000000036f2                PC0_DefaultInterruptHandler

.text.PC7_DefaultInterruptHandler
                0x0000000000003702       0x10
 .text.PC7_DefaultInterruptHandler
                0x0000000000003702       0x10 build/default/production/mcc_generated_files/system/src/pins.o
                0x0000000000003702                PC7_DefaultInterruptHandler

.text.PA7_DefaultInterruptHandler
                0x0000000000003712       0x10
 .text.PA7_DefaultInterruptHandler
                0x0000000000003712       0x10 build/default/production/mcc_generated_files/system/src/pins.o
                0x0000000000003712                PA7_DefaultInterruptHandler

.text.PB4_DefaultInterruptHandler
                0x0000000000003722       0x10
 .text.PB4_DefaultInterruptHandler
                0x0000000000003722       0x10 build/default/production/mcc_generated_files/system/src/pins.o
                0x0000000000003722                PB4_DefaultInterruptHandler

.text.PB5_DefaultInterruptHandler
                0x0000000000003732       0x10
 .text.PB5_DefaultInterruptHandler
                0x0000000000003732       0x10 build/default/production/mcc_generated_files/system/src/pins.o
                0x0000000000003732                PB5_DefaultInterruptHandler

.text.PD0_DefaultInterruptHandler
                0x0000000000003742       0x10
 .text.PD0_DefaultInterruptHandler
                0x0000000000003742       0x10 build/default/production/mcc_generated_files/system/src/pins.o
                0x0000000000003742                PD0_DefaultInterruptHandler

.text.PD2_DefaultInterruptHandler
                0x0000000000003752       0x10
 .text.PD2_DefaultInterruptHandler
                0x0000000000003752       0x10 build/default/production/mcc_generated_files/system/src/pins.o
                0x0000000000003752                PD2_DefaultInterruptHandler

.text.PD7_DefaultInterruptHandler
                0x0000000000003762       0x10
 .text.PD7_DefaultInterruptHandler
                0x0000000000003762       0x10 build/default/production/mcc_generated_files/system/src/pins.o
                0x0000000000003762                PD7_DefaultInterruptHandler

.text.PE1_DefaultInterruptHandler
                0x0000000000003772       0x10
 .text.PE1_DefaultInterruptHandler
                0x0000000000003772       0x10 build/default/production/mcc_generated_files/system/src/pins.o
                0x0000000000003772                PE1_DefaultInterruptHandler

.text.PE2_DefaultInterruptHandler
                0x0000000000003782       0x10
 .text.PE2_DefaultInterruptHandler
                0x0000000000003782       0x10 build/default/production/mcc_generated_files/system/src/pins.o
                0x0000000000003782                PE2_DefaultInterruptHandler

.text.PF3_DefaultInterruptHandler
                0x0000000000003792       0x10
 .text.PF3_DefaultInterruptHandler
                0x0000000000003792       0x10 build/default/production/mcc_generated_files/system/src/pins.o
                0x0000000000003792                PF3_DefaultInterruptHandler

.text.TCA1_DefaultCompare0CallbackRegister
                0x00000000000037a2       0x10
 .text.TCA1_DefaultCompare0CallbackRegister
                0x00000000000037a2       0x10 build/default/production/mcc_generated_files/timer/src/tca1.o
                0x00000000000037a2                TCA1_DefaultCompare0CallbackRegister

.text.TCA1_DefaultCompare1CallbackRegister
                0x00000000000037b2       0x10
 .text.TCA1_DefaultCompare1CallbackRegister
                0x00000000000037b2       0x10 build/default/production/mcc_generated_files/timer/src/tca1.o
                0x00000000000037b2                TCA1_DefaultCompare1CallbackRegister

.text.TCA1_DefaultCompare2CallbackRegister
                0x00000000000037c2       0x10
 .text.TCA1_DefaultCompare2CallbackRegister
                0x00000000000037c2       0x10 build/default/production/mcc_generated_files/timer/src/tca1.o
                0x00000000000037c2                TCA1_DefaultCompare2CallbackRegister

.text.TCA1_DefaultOverflowCallbackRegister
                0x00000000000037d2       0x10
 .text.TCA1_DefaultOverflowCallbackRegister
                0x00000000000037d2       0x10 build/default/production/mcc_generated_files/timer/src/tca1.o
                0x00000000000037d2                TCA1_DefaultOverflowCallbackRegister

.text.TCA0_DefaultCompare0CallbackRegister
                0x00000000000037e2       0x10
 .text.TCA0_DefaultCompare0CallbackRegister
                0x00000000000037e2       0x10 build/default/production/mcc_generated_files/timer/src/tca0.o
                0x00000000000037e2                TCA0_DefaultCompare0CallbackRegister

.text.TCA0_DefaultCompare1CallbackRegister
                0x00000000000037f2       0x10
 .text.TCA0_DefaultCompare1CallbackRegister
                0x00000000000037f2       0x10 build/default/production/mcc_generated_files/timer/src/tca0.o
                0x00000000000037f2                TCA0_DefaultCompare1CallbackRegister

.text.TCA0_DefaultCompare2CallbackRegister
                0x0000000000003802       0x10
 .text.TCA0_DefaultCompare2CallbackRegister
                0x0000000000003802       0x10 build/default/production/mcc_generated_files/timer/src/tca0.o
                0x0000000000003802                TCA0_DefaultCompare2CallbackRegister

.text.TCA0_DefaultOverflowCallbackRegister
                0x0000000000003812       0x10
 .text.TCA0_DefaultOverflowCallbackRegister
                0x0000000000003812       0x10 build/default/production/mcc_generated_files/timer/src/tca0.o
                0x0000000000003812                TCA0_DefaultOverflowCallbackRegister

.text.DefaultFramingErrorCallback
                0x0000000000003822       0x10
 .text.DefaultFramingErrorCallback
                0x0000000000003822       0x10 build/default/production/mcc_generated_files/uart/src/usart1.o

.text.DefaultOverrunErrorCallback
                0x0000000000003832       0x10
 .text.DefaultOverrunErrorCallback
                0x0000000000003832       0x10 build/default/production/mcc_generated_files/uart/src/usart1.o

.text.DefaultParityErrorCallback
                0x0000000000003842       0x10
 .text.DefaultParityErrorCallback
                0x0000000000003842       0x10 build/default/production/mcc_generated_files/uart/src/usart1.o

.text.avrlibc.fplib
                0x0000000000003852       0x10
 .text.avrlibc.fplib
                0x0000000000003852       0x10 c:/program files/microchip/xc8/v2.32/avr/bin/../lib/gcc/avr/5.4.0/../../../../avr/lib/avrxmega4/memx-const\libm.a(inverse.o)
                0x0000000000003852                inverse

.text.avrlibc.fplib
                0x0000000000003862        0xe
 .text.avrlibc.fplib
                0x0000000000003862        0xe c:/program files/microchip/xc8/v2.32/avr/bin/../lib/gcc/avr/5.4.0/../../../../avr/lib/avrxmega4/memx-const\libm.a(addsf3.o)
                0x0000000000003862                __subsf3
                0x0000000000003864                __addsf3

.text.avrlibc.fplib
                0x0000000000003870        0xe
 .text.avrlibc.fplib
                0x0000000000003870        0xe c:/program files/microchip/xc8/v2.32/avr/bin/../lib/gcc/avr/5.4.0/../../../../avr/lib/avrxmega4/memx-const\libm.a(fp_pscA.o)
                0x0000000000003870                __fp_pscA

.text.avrlibc.fplib
                0x000000000000387e        0xe
 .text.avrlibc.fplib
                0x000000000000387e        0xe c:/program files/microchip/xc8/v2.32/avr/bin/../lib/gcc/avr/5.4.0/../../../../avr/lib/avrxmega4/memx-const\libm.a(fp_pscB.o)
                0x000000000000387e                __fp_pscB

.text.avrlibc.fplib
                0x000000000000388c        0xe
 .text.avrlibc.fplib
                0x000000000000388c        0xe c:/program files/microchip/xc8/v2.32/avr/bin/../lib/gcc/avr/5.4.0/../../../../avr/lib/avrxmega4/memx-const\libm.a(fp_zero.o)
                0x000000000000388c                __fp_zero
                0x000000000000388e                __fp_szero

.text.avrlibc.fplib
                0x000000000000389a        0xe
 .text.avrlibc.fplib
                0x000000000000389a        0xe c:/program files/microchip/xc8/v2.32/avr/bin/../lib/gcc/avr/5.4.0/../../../../avr/lib/avrxmega4/memx-const\libm.a(fp_norm2.o)
                0x000000000000389a                __fp_norm2

.text.avrlibc.fplib
                0x00000000000038a8        0xc
 .text.avrlibc.fplib
                0x00000000000038a8        0xc c:/program files/microchip/xc8/v2.32/avr/bin/../lib/gcc/avr/5.4.0/../../../../avr/lib/avrxmega4/memx-const\libm.a(fp_inf.o)
                0x00000000000038a8                __fp_inf

.text.protected_write_io
                0x00000000000038b4        0xa
 .text.protected_write_io
                0x00000000000038b4        0xa build/default/production/mcc_generated_files/system/src/protected_io.o
                0x00000000000038b4                protected_write_io

.text.avrlibc.fplib
                0x00000000000038be        0xa
 .text.avrlibc.fplib
                0x00000000000038be        0xa c:/program files/microchip/xc8/v2.32/avr/bin/../lib/gcc/avr/5.4.0/../../../../avr/lib/avrxmega4/memx-const\libm.a(cmpsf2.o)
                0x00000000000038be                __nesf2
                0x00000000000038be                __eqsf2
                0x00000000000038be                __cmpsf2
                0x00000000000038be                __ltsf2
                0x00000000000038be                __lesf2

.text.avrlibc.fplib
                0x00000000000038c8        0xa
 .text.avrlibc.fplib
                0x00000000000038c8        0xa c:/program files/microchip/xc8/v2.32/avr/bin/../lib/gcc/avr/5.4.0/../../../../avr/lib/avrxmega4/memx-const\libm.a(gesf2.o)
                0x00000000000038c8                __gesf2
                0x00000000000038c8                __gtsf2

.text.avrlibc.fplib
                0x00000000000038d2        0x8
 .text.avrlibc.fplib
                0x00000000000038d2        0x8 c:/program files/microchip/xc8/v2.32/avr/bin/../lib/gcc/avr/5.4.0/../../../../avr/lib/avrxmega4/memx-const\libm.a(divsf3.o)
                0x00000000000038d2                __divsf3

.text.avrlibc.fplib
                0x00000000000038da        0x8
 .text.avrlibc.fplib
                0x00000000000038da        0x8 c:/program files/microchip/xc8/v2.32/avr/bin/../lib/gcc/avr/5.4.0/../../../../avr/lib/avrxmega4/memx-const\libm.a(mulsf3.o)
                0x00000000000038da                __mulsf3

.text.avrlibc.fplib
                0x00000000000038e2        0x6
 .text.avrlibc.fplib
                0x00000000000038e2        0x6 c:/program files/microchip/xc8/v2.32/avr/bin/../lib/gcc/avr/5.4.0/../../../../avr/lib/avrxmega4/memx-const\libm.a(fp_nan.o)
                0x00000000000038e2                __fp_nan

.text           0x00000000000038e8        0x4
 .text          0x00000000000038e8        0x4 C:/Program Files/Microchip/MPLABX/v5.50/packs/Microchip/AVR-Dx_DFP/1.8.112/xc8/avr/lib/avrxmega4/memx-const/crtavr128da48.o
                0x00000000000038e8                __vector_38
                0x00000000000038e8                __vector_28
                0x00000000000038e8                __vector_1
                0x00000000000038e8                __vector_12
                0x00000000000038e8                __vector_55
                0x00000000000038e8                __bad_interrupt
                0x00000000000038e8                __vector_35
                0x00000000000038e8                __vector_39
                0x00000000000038e8                __vector_3
                0x00000000000038e8                __vector_23
                0x00000000000038e8                __vector_30
                0x00000000000038e8                __vector_54
                0x00000000000038e8                __vector_13
                0x00000000000038e8                __vector_17
                0x00000000000038e8                __vector_19
                0x00000000000038e8                __vector_56
                0x00000000000038e8                __vector_41
                0x00000000000038e8                __vector_43
                0x00000000000038e8                __vector_27
                0x00000000000038e8                __vector_5
                0x00000000000038e8                __vector_47
                0x00000000000038e8                __vector_52
                0x00000000000038e8                __vector_37
                0x00000000000038e8                __vector_4
                0x00000000000038e8                __vector_2
                0x00000000000038e8                __vector_21
                0x00000000000038e8                __vector_15
                0x00000000000038e8                __vector_36
                0x00000000000038e8                __vector_40
                0x00000000000038e8                __vector_8
                0x00000000000038e8                __vector_14
                0x00000000000038e8                __vector_57
                0x00000000000038e8                __vector_53
                0x00000000000038e8                __vector_16
                0x00000000000038e8                __vector_18
                0x00000000000038e8                __vector_20
                0x00000000000038e8                __vector_42

.data.Lines     0x0000000000804067        0x4 load address 0x00000000000038ec
 .data.Lines    0x0000000000804067        0x4 build/default/production/application.o
                0x0000000000804067                Lines

.data.freqency  0x000000000080406b        0x4 load address 0x00000000000038f0
 .data.freqency
                0x000000000080406b        0x4 build/default/production/application.o
                0x000000000080406b                freqency

.data.TCA1_CMP0_isr_cb
                0x000000000080409b        0x2 load address 0x00000000000038f4
 .data.TCA1_CMP0_isr_cb
                0x000000000080409b        0x2 build/default/production/mcc_generated_files/timer/src/tca1.o
                0x000000000080409b                TCA1_CMP0_isr_cb

.data.TCA1_CMP1_isr_cb
                0x000000000080409d        0x2 load address 0x00000000000038f6
 .data.TCA1_CMP1_isr_cb
                0x000000000080409d        0x2 build/default/production/mcc_generated_files/timer/src/tca1.o
                0x000000000080409d                TCA1_CMP1_isr_cb

.data.TCA1_CMP2_isr_cb
                0x000000000080409f        0x2 load address 0x00000000000038f8
 .data.TCA1_CMP2_isr_cb
                0x000000000080409f        0x2 build/default/production/mcc_generated_files/timer/src/tca1.o
                0x000000000080409f                TCA1_CMP2_isr_cb

.data.TCA1_OVF_isr_cb
                0x00000000008040a1        0x2 load address 0x00000000000038fa
 .data.TCA1_OVF_isr_cb
                0x00000000008040a1        0x2 build/default/production/mcc_generated_files/timer/src/tca1.o
                0x00000000008040a1                TCA1_OVF_isr_cb

.data.TCA0_CMP0_isr_cb
                0x00000000008040a3        0x2 load address 0x00000000000038fc
 .data.TCA0_CMP0_isr_cb
                0x00000000008040a3        0x2 build/default/production/mcc_generated_files/timer/src/tca0.o
                0x00000000008040a3                TCA0_CMP0_isr_cb

.data.TCA0_CMP1_isr_cb
                0x00000000008040a5        0x2 load address 0x00000000000038fe
 .data.TCA0_CMP1_isr_cb
                0x00000000008040a5        0x2 build/default/production/mcc_generated_files/timer/src/tca0.o
                0x00000000008040a5                TCA0_CMP1_isr_cb

.data.TCA0_CMP2_isr_cb
                0x00000000008040a7        0x2 load address 0x0000000000003900
 .data.TCA0_CMP2_isr_cb
                0x00000000008040a7        0x2 build/default/production/mcc_generated_files/timer/src/tca0.o
                0x00000000008040a7                TCA0_CMP2_isr_cb

.data.TCA0_OVF_isr_cb
                0x00000000008040a9        0x2 load address 0x0000000000003902
 .data.TCA0_OVF_isr_cb
                0x00000000008040a9        0x2 build/default/production/mcc_generated_files/timer/src/tca0.o
                0x00000000008040a9                TCA0_OVF_isr_cb

.data.USART1_rx_isr_cb
                0x00000000008040ab        0x2 load address 0x0000000000003904
 .data.USART1_rx_isr_cb
                0x00000000008040ab        0x2 build/default/production/mcc_generated_files/uart/src/usart1.o
                0x00000000008040ab                USART1_rx_isr_cb

.data.USART1_tx_isr_cb
                0x00000000008040ad        0x2 load address 0x0000000000003906
 .data.USART1_tx_isr_cb
                0x00000000008040ad        0x2 build/default/production/mcc_generated_files/uart/src/usart1.o
                0x00000000008040ad                USART1_tx_isr_cb

.data.USART1_framing_err_cb
                0x00000000008040af        0x2 load address 0x0000000000003908
 .data.USART1_framing_err_cb
                0x00000000008040af        0x2 build/default/production/mcc_generated_files/uart/src/usart1.o
                0x00000000008040af                USART1_framing_err_cb

.data.USART1_overrun_err_cb
                0x00000000008040b1        0x2 load address 0x000000000000390a
 .data.USART1_overrun_err_cb
                0x00000000008040b1        0x2 build/default/production/mcc_generated_files/uart/src/usart1.o
                0x00000000008040b1                USART1_overrun_err_cb

.data.USART1_parity_err_cb
                0x00000000008040b3        0x2 load address 0x000000000000390c
 .data.USART1_parity_err_cb
                0x00000000008040b3        0x2 build/default/production/mcc_generated_files/uart/src/usart1.o
                0x00000000008040b3                USART1_parity_err_cb

.data.tergatedSamples